[cal] 733个交易日 2023-09-01 ~ 2026-09-10
[round 1/12] 待处理 733/733 天
[r1 5/733] 20230907: 找到N=None 抓到4638 (short_page) | 0.1h
[r1 10/733] 20230914: 找到N=None 抓到3805 (short_page) | 0.1h
[r1 15/733] 20230921: 找到N=None 抓到3956 (short_page) | 0.2h
[r1 20/733] 20230928: 找到N=None 抓到1295 (short_page) | 0.2h
[r1 25/733] 20231013: 找到N=None 抓到3789 (short_page) | 0.3h
[FAIL r1] 20231019: RuntimeError WAF 非JSON HTTP502 consec=1
[r1 30/733] 20231023: 找到N=None 抓到4701 (short_page) | 0.4h
[r1 35/733] 20231030: 找到N=None 抓到1435 (short_page) | 0.4h
[FAIL r1] 20231031: RuntimeError list API -8302 组件不存在 consec=1
[r1 40/733] 20231107: 找到N=None 抓到2086 (short_page) | 0.5h
[r1 45/733] 20231114: 找到N=None 抓到1994 (short_page) | 0.5h
[r1 50/733] 20231121: 找到N=None 抓到3307 (short_page) | 0.6h
[FAIL r1] 20231122: RuntimeError list API -8302 组件不存在 consec=1
[r1 55/733] 20231129: 找到N=None 抓到3870 (short_page) | 0.6h
[r1 57/733] 20231201: 找到N=0 抓到0 (no_table) | 0.7h
[r1 60/733] 20231206: 找到N=None 抓到1791 (short_page) | 0.7h
[r1 65/733] 20231213: 找到N=None 抓到3512 (short_page) | 0.8h
[r1 69/733] 20231219: 找到N=0 抓到0 (no_table) | 0.8h
[FAIL r1] 20231220: RuntimeError list API -8302 组件不存在 consec=1
[r1 70/733] 20231221: 找到N=None 抓到1534 (short_page) | 0.8h
[r1 75/733] 20231228: 找到N=None 抓到806 (short_page) | 0.9h
[r1 80/733] 20240105: 找到N=None 抓到4675 (short_page) | 0.9h
[FAIL r1] 20240112: RuntimeError list API -8302 组件不存在 consec=1
[r1 85/733] 20240115: 找到N=None 抓到3067 (short_page) | 1.0h
[r1 90/733] 20240122: 找到N=None 抓到4800 (no_more) | 1.1h
[r1 95/733] 20240129: 找到N=None 抓到4732 (short_page) | 1.1h
[FAIL r1] 20240205: RuntimeError WAF 非JSON HTTP502 consec=1
[r1 100/733] 20240206: 找到N=None 抓到1409 (short_page) | 1.3h
[r1 105/733] 20240221: 找到N=None 抓到1090 (short_page) | 1.3h
[r1 110/733] 20240228: 找到N=None 抓到4972 (short_page) | 1.3h
[r1 115/733] 20240306: 找到N=None 抓到1710 (short_page) | 1.4h
[r1 120/733] 20240313: 找到N=None 抓到2873 (short_page) | 1.4h
[r1 125/733] 20240320: 找到N=None 抓到1244 (short_page) | 1.5h
[FAIL r1] 20240326: RuntimeError list API -8302 组件不存在 consec=1
[r1 130/733] 20240328: 找到N=None 抓到642 (short_page) | 1.5h
[r1 135/733] 20240408: 找到N=None 抓到700 (no_more) | 1.6h
[r1 140/733] 20240415: 找到N=0 抓到0 (no_table) | 1.7h
[FAIL r1] 20240422: RuntimeError WAF 非JSON HTTP502 consec=1
[r1 145/733] 20240423: 找到N=None 抓到1945 (short_page) | 1.8h
[r1 150/733] 20240430: 找到N=None 抓到3208 (short_page) | 1.8h
[r1 155/733] 20240510: 找到N=None 抓到3815 (short_page) | 1.9h
[r1 160/733] 20240517: 找到N=None 抓到1095 (short_page) | 1.9h
[r1 165/733] 20240524: 找到N=None 抓到3807 (short_page) | 2.0h
[r1 170/733] 20240531: 找到N=None 抓到1781 (short_page) | 2.1h
[r1 175/733] 20240607: 找到N=None 抓到1123 (short_page) | 2.2h
[r1 180/733] 20240617: 找到N=None 抓到3561 (short_page) | 2.3h
[r1 185/733] 20240624: 找到N=None 抓到4932 (short_page) | 2.3h
[r1 190/733] 20240701: 找到N=None 抓到1594 (short_page) | 2.4h
[r1 195/733] 20240708: 找到N=None 抓到4799 (short_page) | 2.5h
[r1 200/733] 20240715: 找到N=None 抓到4326 (short_page) | 2.6h
[FAIL r1] 20240719: RuntimeError list API -8302 组件不存在 consec=1
[r1 205/733] 20240723: 找到N=None 抓到4626 (short_page) | 2.6h
[r1 210/733] 20240730: 找到N=None 抓到1737 (short_page) | 2.7h
[r1 215/733] 20240806: 找到N=None 抓到479 (short_page) | 2.8h
[r1 220/733] 20240813: 找到N=None 抓到1352 (short_page) | 2.8h
[FAIL r1] 20240814: RuntimeError list API -8302 组件不存在 consec=1
[FAIL r1] 20240816: RuntimeError list API -8302 组件不存在 consec=1
[r1 225/733] 20240822: 找到N=None 抓到4437 (short_page) | 2.9h
[r1 230/733] 20240829: 找到N=None 抓到951 (short_page) | 3.0h
[FAIL r1] 20240902: RuntimeError list API -8302 组件不存在 consec=1
[r1 235/733] 20240906: 找到N=None 抓到4683 (short_page) | 3.0h
[r1 240/733] 20240913: 找到N=None 抓到4047 (short_page) | 3.1h
[r1 245/733] 20240924: 找到N=None 抓到156 (short_page) | 3.1h
[r1 250/733] 20241008: 找到N=None 抓到276 (short_page) | 3.2h
[FAIL r1] 20241010: RuntimeError list API -8302 组件不存在 consec=1
[FAIL r1] 20241015: RuntimeError WAF 非JSON HTTP504 consec=1
[r1 255/733] 20241017: 找到N=None 抓到3419 (short_page) | 3.3h
[r1 260/733] 20241024: 找到N=None 抓到3038 (short_page) | 3.3h
[r1 265/733] 20241031: 找到N=None 抓到1694 (short_page) | 3.4h
[r1 270/733] 20241107: 找到N=None 抓到787 (short_page) | 3.4h
[r1 275/733] 20241114: 找到N=None 抓到4824 (short_page) | 3.5h
[r1 280/733] 20241121: 找到N=None 抓到2616 (short_page) | 3.6h
[r1 285/733] 20241128: 找到N=None 抓到2681 (short_page) | 3.6h
[r1 289/733] 20241204: 找到N=None 抓到0 (no_more) | 3.6h
[r1 290/733] 20241205: 找到N=None 抓到1395 (short_page) | 3.6h
[r1 295/733] 20241212: 找到N=None 抓到1703 (short_page) | 3.7h
[r1 300/733] 20241219: 找到N=None 抓到2767 (short_page) | 3.8h
[r1 305/733] 20241226: 找到N=None 抓到1498 (short_page) | 3.8h
[r1 308/733] 20241231: 找到N=0 抓到0 (no_table) | 3.9h
[r1 310/733] 20250103: 找到N=None 抓到4683 (short_page) | 3.9h
[r1 315/733] 20250110: 找到N=None 抓到4759 (short_page) | 4.0h
[FAIL r1] 20250116: RuntimeError list API -8302 组件不存在 consec=1
[r1 320/733] 20250120: 找到N=None 抓到1562 (short_page) | 4.0h
[r1 325/733] 20250127: 找到N=None 抓到3391 (short_page) | 4.1h
[r1 330/733] 20250211: 找到N=None 抓到3389 (short_page) | 4.1h
[r1 335/733] 20250218: 找到N=None 抓到4593 (short_page) | 4.2h
[r1 340/733] 20250225: 找到N=None 抓到3705 (short_page) | 4.2h
[r1 345/733] 20250304: 找到N=None 抓到1151 (short_page) | 4.3h
[r1 346/733] 20250305: 找到N=0 抓到0 (no_table) | 4.3h
[r1 350/733] 20250311: 找到N=None 抓到2263 (short_page) | 4.3h
[r1 355/733] 20250318: 找到N=None 抓到0 (no_more) | 4.3h
[r1 360/733] 20250325: 找到N=None 抓到2713 (short_page) | 4.4h
[FAIL r1] 20250326: RuntimeError list API -8302 组件不存在 consec=1
[r1 365/733] 20250402: 找到N=None 抓到2404 (short_page) | 4.5h
[r1 370/733] 20250410: 找到N=None 抓到378 (short_page) | 4.6h
[r1 375/733] 20250417: 找到N=None 抓到2022 (short_page) | 4.6h
[r1 380/733] 20250424: 找到N=None 抓到3663 (short_page) | 4.6h
[r1 385/733] 20250506: 找到N=None 抓到368 (short_page) | 4.7h
[r1 390/733] 20250513: 找到N=None 抓到3216 (short_page) | 4.7h
[r1 393/733] 20250516: 找到N=0 抓到0 (no_table) | 4.8h
[r1 394/733] 20250519: 找到N=0 抓到0 (no_table) | 4.8h
[r1 395/733] 20250520: 找到N=None 抓到1375 (short_page) | 4.8h
[r1 400/733] 20250527: 找到N=None 抓到200 (no_more) | 4.8h
[r1 405/733] 20250604: 找到N=None 抓到1233 (short_page) | 4.9h
[FAIL r1] 20250610: RuntimeError list API -8302 组件不存在 consec=1
[r1 410/733] 20250612: 找到N=None 抓到1600 (no_more) | 5.0h
[r1 415/733] 20250619: 找到N=None 抓到4620 (short_page) | 5.0h
[r1 420/733] 20250626: 找到N=None 抓到3594 (short_page) | 5.1h
[r1 425/733] 20250703: 找到N=None 抓到1856 (short_page) | 5.1h
[r1 430/733] 20250710: 找到N=None 抓到2270 (short_page) | 5.2h
[r1 435/733] 20250717: 找到N=None 抓到1595 (short_page) | 5.2h
[r1 440/733] 20250724: 找到N=None 抓到905 (short_page) | 5.3h
[r1 441/733] 20250725: 找到N=0 抓到0 (no_table) | 5.3h
[r1 445/733] 20250731: 找到N=None 抓到4269 (short_page) | 5.4h
[FAIL r1] 20250805: RuntimeError API -306 结果页地址服务(杨文庄)返回错误码异常。code = -306 and msg  consec=1
[r1 450/733] 20250808: 找到N=None 抓到0 (no_more) | 5.4h
[r1 455/733] 20250815: 找到N=None 抓到638 (short_page) | 5.5h
[r1 460/733] 20250822: 找到N=None 抓到2385 (short_page) | 5.5h
[r1 465/733] 20250829: 找到N=None 抓到3294 (short_page) | 5.6h
[r1 470/733] 20250905: 找到N=None 抓到467 (short_page) | 5.6h
[r1 475/733] 20250912: 找到N=None 抓到3355 (short_page) | 5.7h
[r1 480/733] 20250919: 找到N=None 抓到3392 (short_page) | 5.8h
[FAIL r1] 20250923: RuntimeError API -1 结果页地址服务(杨文庄)请求超时,附加信息:java.net.SocketTim consec=1
[r1 485/733] 20250929: 找到N=None 抓到1645 (short_page) | 5.8h
[r1 490/733] 20251014: 找到N=None 抓到3543 (short_page) | 5.9h
[r1 495/733] 20251021: 找到N=None 抓到0 (no_more) | 5.9h
[r1 500/733] 20251028: 找到N=None 抓到2895 (short_page) | 6.0h
[r1 505/733] 20251104: 找到N=None 抓到3637 (short_page) | 6.1h
[r1 510/733] 20251111: 找到N=None 抓到2493 (short_page) | 6.1h
[r1 515/733] 20251118: 找到N=None 抓到4091 (short_page) | 6.2h
[r1 520/733] 20251125: 找到N=None 抓到990 (short_page) | 6.3h
[r1 525/733] 20251202: 找到N=None 抓到3726 (short_page) | 6.3h
[r1 530/733] 20251209: 找到N=None 抓到4047 (short_page) | 6.4h
[FAIL r1] 20251212: RuntimeError list API -8302 组件不存在 consec=1
[r1 535/733] 20251217: 找到N=None 抓到1622 (short_page) | 6.5h
[r1 540/733] 20251224: 找到N=None 抓到1131 (short_page) | 6.5h
[r1 545/733] 20251231: 找到N=None 抓到5569 (short_page) | 6.6h
[r1 550/733] 20260109: 找到N=None 抓到1337 (short_page) | 6.6h
[r1 555/733] 20260116: 找到N=None 抓到2961 (short_page) | 6.7h
[r1 560/733] 20260123: 找到N=0 抓到0 (no_table) | 6.7h
[r1 561/733] 20260126: 找到N=0 抓到0 (no_table) | 6.7h
[r1 565/733] 20260130: 找到N=None 抓到2890 (short_page) | 6.8h
[r1 570/733] 20260206: 找到N=None 抓到2500 (no_more) | 6.9h
[r1 575/733] 20260213: 找到N=None 抓到3819 (short_page) | 6.9h
[r1 580/733] 20260302: 找到N=None 抓到4267 (short_page) | 7.0h
[r1 585/733] 20260309: 找到N=None 抓到3950 (short_page) | 7.1h
[r1 590/733] 20260316: 找到N=None 抓到2490 (short_page) | 7.1h
[r1 595/733] 20260323: 找到N=None 抓到5162 (short_page) | 7.2h
[r1 600/733] 20260330: 找到N=None 抓到2452 (short_page) | 7.3h
[r1 605/733] 20260407: 找到N=None 抓到1414 (short_page) | 7.3h
[r1 610/733] 20260414: 找到N=None 抓到1588 (short_page) | 7.4h
[r1 615/733] 20260421: 找到N=None 抓到3426 (short_page) | 7.5h
[r1 616/733] 20260422: 找到N=None 抓到0 (no_more) | 7.5h
[r1 620/733] 20260428: 找到N=None 抓到3671 (short_page) | 7.5h
[r1 625/733] 20260508: 找到N=None 抓到1728 (short_page) | 7.6h
[r1 630/733] 20260515: 找到N=None 抓到3584 (short_page) | 7.6h
[r1 635/733] 20260522: 找到N=None 抓到1509 (short_page) | 7.7h
[r1 640/733] 20260529: 找到N=None 抓到3883 (short_page) | 7.8h
[r1 645/733] 20260605: 找到N=None 抓到2112 (short_page) | 7.9h
[r1 650/733] 20260612: 找到N=None 抓到1513 (short_page) | 8.0h
[r1 655/733] 20260622: 找到N=None 抓到2463 (short_page) | 8.1h
[r1 660/733] 20260629: 找到N=None 抓到2932 (short_page) | 8.2h
[r1 665/733] 20260706: 找到N=None 抓到3538 (short_page) | 8.3h
[r1 670/733] 20260713: 找到N=None 抓到4683 (short_page) | 8.3h
[r1 675/733] 20260720: 找到N=None 抓到3709 (short_page) | 8.4h
[r1 680/733] 20260727: 找到N=None 抓到285 (short_page) | 8.5h
[r1 685/733] 20260803: 找到N=None 抓到1466 (short_page) | 8.5h
[r1 690/733] 20260810: 找到N=None 抓到1391 (short_page) | 8.5h
[r1 695/733] 20260817: 找到N=None 抓到1064 (short_page) | 8.6h
[r1 700/733] 20260824: 找到N=None 抓到3965 (short_page) | 8.7h
[r1 705/733] 20260831: 找到N=None 抓到2218 (short_page) | 8.7h
[FAIL r1] 20260907: RuntimeError list API -8302 组件不存在 consec=1
[r1 710/733] 20260908: 找到N=None 抓到2026 (short_page) | 8.8h
[round 1 done] 本轮处理712天, 剩21天
[round 2/12] 待处理 21/733 天
[r2 5/21] 20240112: 找到N=None 抓到3676 (short_page) | 9.0h
[r2 10/21] 20240814: 找到N=None 抓到3724 (short_page) | 9.1h
[FAIL r2] 20241010: RuntimeError list API -8302 组件不存在 consec=1
[r2 15/21] 20250326: 找到N=None 抓到1651 (short_page) | 9.2h
[r2 20/21] 20260907: 找到N=None 抓到2196 (short_page) | 9.2h
[round 2 done] 本轮处理20天, 剩1天
[round 3/12] 待处理 1/733 天
[round 3 done] 本轮处理1天, 剩0天
[done] 全部交易日完成, audit complete 733/733, 最后 20241010
SCRIPT-END
