[cov] 模型特征面板直取 50/207; 其余用族网格代理
[grid] 族网格 28 列 + 模型直取 50 列
days=804 n/day median=4727 k median=78
[regime] 切到 804 日

== 全窗 days=804 ==
fade__ic                  -0.0881  -15.1  -0.1016  -0.0745
fade__resid_vs_model      -0.0252  -16.2  -0.0267  -0.0237
fwd_resid_vs_model        -0.0182  -17.6  -0.0174  -0.0189

== 行情=深跌破MA20(<-2%) days=121 ==
fade__ic                  -0.0717   -4.5  -0.0872  -0.0565
fade__resid_vs_model      -0.0328   -8.3  -0.0328  -0.0328
fwd_resid_vs_model        -0.0153   -6.1  -0.0136  -0.0170

== 行情=线下浅(-2~0) days=253 ==
fade__ic                  -0.1015   -9.7  -0.1165  -0.0867
fade__resid_vs_model      -0.0273  -11.2  -0.0310  -0.0237
fwd_resid_vs_model        -0.0191  -11.2  -0.0210  -0.0171

== 行情=线上(0~+2%) days=288 ==
fade__ic                  -0.1143  -12.6  -0.1471  -0.0815
fade__resid_vs_model      -0.0295  -11.0  -0.0343  -0.0247
fwd_resid_vs_model        -0.0243  -13.9  -0.0276  -0.0209

== 行情=线上强(>+2%) days=142 ==
fade__ic                  -0.0248   -1.9  -0.0325  -0.0172
fade__resid_vs_model      -0.0063   -1.6  -0.0103  -0.0023
fwd_resid_vs_model        -0.0066   -2.6  -0.0061  -0.0072

== 行情=弱市 days=374 ==
fade__ic                  -0.0919  -10.5  -0.1069  -0.0768
fade__resid_vs_model      -0.0291  -13.9  -0.0321  -0.0262
fwd_resid_vs_model        -0.0179  -12.7  -0.0188  -0.0169

== 行情=强市 days=430 ==
fade__ic                  -0.0848  -10.9  -0.1090  -0.0605
fade__resid_vs_model      -0.0218   -9.6  -0.0265  -0.0172
fwd_resid_vs_model        -0.0184  -12.4  -0.0205  -0.0164

判读: fade__resid_vs_model 某带 |IC|>=0.02 t>=2 双半同号 = 该带模型未见信息 (→pin A/B);
      fwd_resid_vs_model = 反向口径 (模型残差收益里 fade 还剩多少), 互为印证
