行情轴: 02-06..09-09, n=875日
R1>0占比=65%  R2>0(小票强)占比=2%

============================================================================
A. 金额闸: 宽池(>=5e7) vs 窄池(>=8e7) TOP15(按pred_ret_10d) 日净差 × 行情桶
============================================================================

--- dual (n=125晚) 全窗delta均值=+0.0020 中位=+0.0000 正日占比=38%
        n晚  delta均值  delta中位  宽池更优占比   换血均只数     新入净     被挤净   换血每只差
bucket                                                              
熊×小票弱   56   0.0078   0.0005  0.5000  6.4107  0.0599  0.0679 -0.0080
熊×小票强   13   0.0076  -0.0078  0.4615  9.6154  0.1109  0.1440 -0.0331
牛×小票弱   55  -0.0052   0.0000  0.2364  2.6000  0.0536  0.1039 -0.0503
牛×小票强    1   0.0026   0.0026  1.0000  9.0000 -0.0090 -0.0134  0.0044

--- main (n=125晚) 全窗delta均值=-0.0120 中位=-0.0184 正日占比=38%
        n晚  delta均值  delta中位  宽池更优占比    换血均只数     新入净     被挤净   换血每只差
bucket                                                               
熊×小票弱   56  -0.0168  -0.0248  0.3571   8.8036  0.0134  0.1175 -0.1041
熊×小票强   13   0.0230   0.0438  0.6154  13.5385  0.1017  0.0757  0.0260
牛×小票弱   55  -0.0160  -0.0156  0.3273   6.1818  0.0565  0.1510 -0.0945
牛×小票强    1   0.0228   0.0228  1.0000  13.0000 -0.0142 -0.0404  0.0263

============================================================================
B. 一字板: T+1开盘可买者 开盘进场FWD5 × 行情桶 (近1年, 额>=5e7)
============================================================================
一字板 n=2355, 可成交 n=1246
bucket  n  entry5均  entry5中位  hit10%  首板n  首板entry5  连板n  连板entry5
 熊×小票弱  1   0.0176    0.0176  0.0000    1    0.0176    0       NaN
 熊×小票弱  1   0.2293    0.2293  1.0000    0       NaN    1    0.2293
 熊×小票弱  3   0.0870    0.1286  0.6667    2    0.0392    1    0.1828
 熊×小票弱  1  -0.0919   -0.0919  0.0000    1   -0.0919    0       NaN
 熊×小票弱  2   0.0334    0.0334  0.5000    0       NaN    2    0.0334
 熊×小票弱  2  -0.0255   -0.0255  0.0000    1   -0.0818    1    0.0308
 熊×小票弱  1   0.4957    0.4957  1.0000    1    0.4957    0       NaN
 熊×小票弱  1   0.0405    0.0405  0.0000    0       NaN    1    0.0405
 熊×小票弱  1  -0.1427   -0.1427  0.0000    1   -0.1427    0       NaN
 熊×小票弱  3  -0.0760   -0.0743  0.0000    1   -0.0743    2   -0.0769
 熊×小票弱  1  -0.1069   -0.1069  0.0000    0       NaN    1   -0.1069
 熊×小票弱  2  -0.0050   -0.0050  0.0000    0       NaN    2   -0.0050
 熊×小票弱  1  -0.1404   -0.1404  0.0000    0       NaN    1   -0.1404
 熊×小票弱  2   0.1377    0.1377  0.5000    1   -0.0243    1    0.2997
 熊×小票弱  1  -0.1257   -0.1257  0.0000    0       NaN    1   -0.1257
 熊×小票弱  1  -0.1957   -0.1957  0.0000    1   -0.1957    0       NaN
 熊×小票弱  1   0.0762    0.0762  0.0000    1    0.0762    0       NaN
 熊×小票弱  3   0.0917    0.1046  0.6667    1    0.0552    2    0.1100
 熊×小票弱  3  -0.0775   -0.0861  0.0000    1   -0.0041    2   -0.1143
 熊×小票弱  1  -0.1950   -0.1950  0.0000    0       NaN    1   -0.1950
 熊×小票弱  1   0.2214    0.2214  1.0000    1    0.2214    0       NaN
 熊×小票弱  2  -0.0128   -0.0128  0.5000    1   -0.1326    1    0.1070
 熊×小票弱  1  -0.0825   -0.0825  0.0000    0       NaN    1   -0.0825
 熊×小票弱  1   0.3015    0.3015  1.0000    0       NaN    1    0.3015
 熊×小票弱  1   0.3769    0.3769  1.0000    1    0.3769    0       NaN
 熊×小票弱  4  -0.0589   -0.0754  0.2500    2   -0.0754    2   -0.0424
 熊×小票弱  2   0.0723    0.0723  0.5000    2    0.0723    0       NaN
 熊×小票弱  1  -0.1141   -0.1141  0.0000    0       NaN    1   -0.1141
 熊×小票弱  1  -0.0452   -0.0452  0.0000    1   -0.0452    0       NaN
 熊×小票弱  1  -0.0894   -0.0894  0.0000    0       NaN    1   -0.0894
 熊×小票弱  2   0.1300    0.1300  0.5000    1    0.0060    1    0.2540
 熊×小票弱  2  -0.1668   -0.1668  0.0000    0       NaN    2   -0.1668
 熊×小票弱  3   0.1369    0.1506  1.0000    0       NaN    3    0.1369
 熊×小票弱  1  -0.0074   -0.0074  0.0000    0       NaN    1   -0.0074
 熊×小票弱  1  -0.1299   -0.1299  0.0000    1   -0.1299    0       NaN
 熊×小票弱  1   0.1365    0.1365  1.0000    1    0.1365    0       NaN
 熊×小票弱  1  -0.1014   -0.1014  0.0000    1   -0.1014    0       NaN
 熊×小票弱  2   0.0335    0.0335  0.0000    2    0.0335    0       NaN
 熊×小票弱  3   0.0596    0.0114  0.3333    1    0.3276    2   -0.0744
 熊×小票弱  1   0.0163    0.0163  0.0000    0       NaN    1    0.0163
 熊×小票弱  1  -0.1629   -0.1629  0.0000    0       NaN    1   -0.1629
 熊×小票弱  2  -0.2009   -0.2009  0.0000    1   -0.0648    1   -0.3370
 熊×小票弱  2   0.1201    0.1201  0.5000    1    0.3149    1   -0.0746
 熊×小票弱  2   0.0153    0.0153  0.5000    0       NaN    2    0.0153
 熊×小票弱  1  -0.0987   -0.0987  0.0000    0       NaN    1   -0.0987
 熊×小票弱  1  -0.0784   -0.0784  0.0000    1   -0.0784    0       NaN
 熊×小票弱  5  -0.0813   -0.1001  0.0000    0       NaN    5   -0.0813
 熊×小票弱  1  -0.1291   -0.1291  0.0000    1   -0.1291    0       NaN
 熊×小票弱  1  -0.1621   -0.1621  0.0000    1   -0.1621    0       NaN
 熊×小票弱  2  -0.0336   -0.0336  0.0000    2   -0.0336    0       NaN
 熊×小票弱  1   0.5929    0.5929  1.0000    0       NaN    1    0.5929
 熊×小票弱  2  -0.0156   -0.0156  0.0000    1    0.0029    1   -0.0341
 熊×小票弱  3  -0.1259   -0.1689  0.0000    3   -0.1259    0       NaN
 熊×小票弱  2  -0.1058   -0.1058  0.0000    1   -0.1280    1   -0.0837
 熊×小票弱  2  -0.1625   -0.1625  0.0000    2   -0.1625    0       NaN
 熊×小票弱  1   0.1648    0.1648  1.0000    0       NaN    1    0.1648
 熊×小票弱  1  -0.0714   -0.0714  0.0000    1   -0.0714    0       NaN
 熊×小票弱  1   0.0100    0.0100  0.0000    0       NaN    1    0.0100
 熊×小票弱  1  -0.0533   -0.0533  0.0000    1   -0.0533    0       NaN
 熊×小票弱  1  -0.1000   -0.1000  0.0000    1   -0.1000    0       NaN
 熊×小票弱  1  -0.0574   -0.0574  0.0000    1   -0.0574    0       NaN
 熊×小票弱  1  -0.1497   -0.1497  0.0000    0       NaN    1   -0.1497
 熊×小票弱  5  -0.0906   -0.1247  0.0000    1   -0.1247    4   -0.0821
 熊×小票弱  1  -0.2438   -0.2438  0.0000    0       NaN    1   -0.2438
 熊×小票弱  1  -0.2315   -0.2315  0.0000    0       NaN    1   -0.2315
 熊×小票弱  2  -0.0775   -0.0775  0.0000    2   -0.0775    0       NaN
 熊×小票弱  2  -0.1893   -0.1893  0.0000    2   -0.1893    0       NaN
 熊×小票弱  2  -0.1762   -0.1762  0.0000    1   -0.1832    1   -0.1692
 熊×小票弱  3   0.0328    0.0000  0.3333    1   -0.0724    2    0.0854
 熊×小票弱  1  -0.0518   -0.0518  0.0000    1   -0.0518    0       NaN
 熊×小票弱  5  -0.0490    0.0082  0.2000    5   -0.0490    0       NaN
 熊×小票弱  3  -0.0897   -0.0853  0.0000    0       NaN    3   -0.0897
 熊×小票弱  3  -0.0547   -0.0524  0.0000    2   -0.0033    1   -0.1576
 熊×小票弱  2  -0.0432   -0.0432  0.5000    1   -0.2450    1    0.1586
 熊×小票弱  1  -0.1132   -0.1132  0.0000    1   -0.1132    0       NaN
 熊×小票弱  1  -0.2532   -0.2532  0.0000    0       NaN    1   -0.2532
 熊×小票弱  1  -0.0114   -0.0114  0.0000    1   -0.0114    0       NaN
 熊×小票弱  3  -0.2508   -0.2441  0.0000    0       NaN    3   -0.2508
 熊×小票弱  3   0.0778    0.0687  0.3333    0       NaN    3    0.0778
 熊×小票弱  2  -0.0416   -0.0416  0.0000    0       NaN    2   -0.0416
 熊×小票弱  1  -0.2467   -0.2467  0.0000    0       NaN    1   -0.2467
 熊×小票弱  2  -0.1010   -0.1010  0.0000    1   -0.1587    1   -0.0433
 熊×小票弱  4  -0.1135   -0.1254  0.0000    0       NaN    4   -0.1135
 熊×小票弱  1  -0.1615   -0.1615  0.0000    0       NaN    1   -0.1615
 熊×小票弱  1  -0.1295   -0.1295  0.0000    0       NaN    1   -0.1295
 熊×小票弱  4  -0.0925   -0.0692  0.0000    4   -0.0925    0       NaN
 熊×小票弱  2   0.0398    0.0398  0.0000    2    0.0398    0       NaN
 熊×小票弱  1  -0.0818   -0.0818  0.0000    0       NaN    1   -0.0818
 熊×小票弱  1   0.0470    0.0470  0.0000    1    0.0470    0       NaN
 熊×小票弱  2  -0.1714   -0.1714  0.0000    0       NaN    2   -0.1714
 熊×小票弱  1  -0.1285   -0.1285  0.0000    0       NaN    1   -0.1285
 熊×小票弱  1   0.0147    0.0147  0.0000    1    0.0147    0       NaN
 熊×小票弱  2  -0.1279   -0.1279  0.0000    1   -0.0470    1   -0.2087
 熊×小票弱  1  -0.0714   -0.0714  0.0000    1   -0.0714    0       NaN
 熊×小票弱  2   0.4259    0.4259  1.0000    1    0.2601    1    0.5916
 熊×小票弱  1   0.0158    0.0158  0.0000    1    0.0158    0       NaN
 熊×小票弱  3  -0.1667   -0.1002  0.0000    2   -0.2000    1   -0.1002
 熊×小票弱  2  -0.0817   -0.0817  0.0000    1   -0.1560    1   -0.0074
 熊×小票弱  2   0.1373    0.1373  0.5000    1   -0.1516    1    0.4261
 熊×小票弱  1  -0.1006   -0.1006  0.0000    0       NaN    1   -0.1006
 熊×小票弱  1  -0.1489   -0.1489  0.0000    0       NaN    1   -0.1489
 熊×小票弱  1   0.1029    0.1029  1.0000    0       NaN    1    0.1029
 熊×小票弱  2  -0.0416   -0.0416  0.0000    0       NaN    2   -0.0416
 熊×小票弱  1  -0.0520   -0.0520  0.0000    0       NaN    1   -0.0520
 熊×小票弱  1  -0.0055   -0.0055  0.0000    0       NaN    1   -0.0055
 熊×小票弱  3   0.1081    0.0702  0.3333    1   -0.0707    2    0.1975
 熊×小票弱  2  -0.1318   -0.1318  0.0000    1   -0.1671    1   -0.0964
 熊×小票弱  2  -0.2066   -0.2066  0.0000    1   -0.0755    1   -0.3376
 熊×小票弱  1  -0.2267   -0.2267  0.0000    1   -0.2267    0       NaN
 熊×小票弱  1  -0.0542   -0.0542  0.0000    1   -0.0542    0       NaN
 熊×小票弱  2   0.2489    0.2489  0.5000    1   -0.0557    1    0.5536
 熊×小票弱  2   0.0006    0.0006  0.0000    1   -0.0216    1    0.0228
 熊×小票弱  3   0.1365    0.1182  0.6667    1   -0.0121    2    0.2108
 熊×小票弱  2  -0.1094   -0.1094  0.0000    1   -0.0641    1   -0.1547
 熊×小票弱  1   0.3756    0.3756  1.0000    0       NaN    1    0.3756
 熊×小票弱  3  -0.0994   -0.1030  0.0000    1   -0.0092    2   -0.1444
 熊×小票弱  1   0.1608    0.1608  1.0000    0       NaN    1    0.1608
 熊×小票弱  1   0.0308    0.0308  0.0000    1    0.0308    0       NaN
 熊×小票弱  2  -0.1798   -0.1798  0.0000    0       NaN    2   -0.1798
 熊×小票弱  3  -0.0706   -0.0286  0.0000    2   -0.0004    1   -0.2109
 熊×小票弱  3  -0.2680   -0.2378  0.0000    0       NaN    3   -0.2680
 熊×小票弱  1  -0.0078   -0.0078  0.0000    1   -0.0078    0       NaN
 熊×小票弱  2  -0.0214   -0.0214  0.0000    1   -0.0119    1   -0.0310
 熊×小票弱  4   0.0169    0.0897  0.2500    3   -0.0335    1    0.1177
 熊×小票弱  2  -0.0293   -0.0293  0.0000    0       NaN    2   -0.0293
 熊×小票弱  4  -0.0723   -0.1586  0.2500    0       NaN    4   -0.0723
 熊×小票弱  4   0.1138   -0.0064  0.2500    0       NaN    4    0.1138
 熊×小票弱  1  -0.0562   -0.0562  0.0000    1   -0.0562    0       NaN
 熊×小票弱  2   0.0110    0.0110  0.0000    0       NaN    2    0.0110
 熊×小票弱  1   0.0032    0.0032  0.0000    1    0.0032    0       NaN
 熊×小票弱  1  -0.1286   -0.1286  0.0000    0       NaN    1   -0.1286
 熊×小票弱  1  -0.0890   -0.0890  0.0000    1   -0.0890    0       NaN
 熊×小票弱  1  -0.0162   -0.0162  0.0000    1   -0.0162    0       NaN
 熊×小票弱  2  -0.0341   -0.0341  0.0000    0       NaN    2   -0.0341
 熊×小票弱  1   0.0680    0.0680  0.0000    1    0.0680    0       NaN
 熊×小票弱  2  -0.0608   -0.0608  0.0000    1   -0.1108    1   -0.0108
 熊×小票弱  3   0.3166    0.2759  1.0000    0       NaN    3    0.3166
 熊×小票弱  2  -0.1978   -0.1978  0.0000    1   -0.0963    1   -0.2992
 熊×小票弱  5  -0.0713    0.0227  0.0000    0       NaN    5   -0.0713
 熊×小票弱  3  -0.1181   -0.1772  0.0000    0       NaN    3   -0.1181
 熊×小票弱  4  -0.1540   -0.1517  0.0000    1   -0.3073    3   -0.1028
 熊×小票弱  3  -0.2245   -0.2245  0.0000    1       NaN    2   -0.2245
 熊×小票弱  3  -0.0184    0.0130  0.0000    2    0.0306    1   -0.1165
 熊×小票弱  2   0.0197    0.0197  0.0000    1   -0.0431    1    0.0825
 熊×小票弱  1   0.0882    0.0882  0.0000    1    0.0882    0       NaN
 熊×小票弱  2  -0.1334   -0.1334  0.0000    1   -0.0213    1   -0.2455
 熊×小票弱  2  -0.0239   -0.0239  0.0000    0       NaN    2   -0.0239
 熊×小票弱  1   0.2696    0.2696  1.0000    0       NaN    1    0.2696
 熊×小票弱  1   0.0539    0.0539  0.0000    1    0.0539    0       NaN
 熊×小票弱  1  -0.2931   -0.2931  0.0000    0       NaN    1   -0.2931
 熊×小票弱  3   0.1037    0.0410  0.3333    2    0.1626    1   -0.0140
 熊×小票弱  1  -0.1517   -0.1517  0.0000    0       NaN    1   -0.1517
 熊×小票弱  2  -0.2214   -0.2214  0.0000    0       NaN    2   -0.2214
 熊×小票弱  1  -0.0500   -0.0500  0.0000    1   -0.0500    0       NaN
 熊×小票弱  1  -0.0169   -0.0169  0.0000    0       NaN    1   -0.0169
 熊×小票弱  1  -0.1553   -0.1553  0.0000    1   -0.1553    0       NaN
 熊×小票弱  1  -0.0909   -0.0909  0.0000    0       NaN    1   -0.0909
 熊×小票弱  1  -0.1646   -0.1646  0.0000    0       NaN    1   -0.1646
 熊×小票弱  3  -0.0536   -0.0259  0.0000    1   -0.0259    2   -0.0675
 熊×小票弱  3   0.0367    0.0932  0.3333    1   -0.1092    2    0.1096
 熊×小票弱  2  -0.0355   -0.0355  0.0000    0       NaN    2   -0.0355
 熊×小票弱  1   0.1072    0.1072  1.0000    0       NaN    1    0.1072
 熊×小票弱  4  -0.0262   -0.0595  0.2500    3    0.0077    1   -0.1280
 熊×小票弱  2  -0.3049   -0.3049  0.0000    0       NaN    2   -0.3049
 熊×小票弱  1  -0.2317   -0.2317  0.0000    1   -0.2317    0       NaN
 熊×小票弱  1   0.0933    0.0933  0.0000    1    0.0933    0       NaN
 熊×小票弱  2   0.0336    0.0336  0.0000    2    0.0336    0       NaN
 熊×小票弱  2  -0.1211   -0.1211  0.0000    0       NaN    2   -0.1211
 熊×小票弱  1  -0.1415   -0.1415  0.0000    1   -0.1415    0       NaN
 熊×小票弱  1   0.0396    0.0396  0.0000    1    0.0396    0       NaN
 熊×小票弱  1  -0.1508   -0.1508  0.0000    0       NaN    1   -0.1508
 熊×小票弱  1  -0.0128   -0.0128  0.0000    0       NaN    1   -0.0128
 熊×小票弱  1   0.0529    0.0529  0.0000    1    0.0529    0       NaN
 熊×小票弱  2  -0.2112   -0.2112  0.0000    0       NaN    2   -0.2112
 熊×小票弱  3  -0.1476   -0.0613  0.0000    2   -0.2056    1   -0.0316
 熊×小票弱  4  -0.1258   -0.1009  0.0000    2   -0.0603    2   -0.1912
 熊×小票弱  1   0.0629    0.0629  0.0000    1    0.0629    0       NaN
 熊×小票弱  3   0.0526    0.0496  0.3333    3    0.0526    0       NaN
 熊×小票弱  6  -0.0310   -0.0140  0.3333    1    0.0795    5   -0.0532
 熊×小票弱  1  -0.1212   -0.1212  0.0000    1   -0.1212    0       NaN
 熊×小票弱  1   0.1783    0.1783  1.0000    0       NaN    1    0.1783
 熊×小票弱  1   0.0295    0.0295  0.0000    1    0.0295    0       NaN
 熊×小票弱  4  -0.1064   -0.0669  0.0000    3   -0.0651    1   -0.2304
 熊×小票弱  1  -0.0320   -0.0320  0.0000    0       NaN    1   -0.0320
 熊×小票弱  2  -0.0567   -0.0567  0.0000    1   -0.0175    1   -0.0959
 熊×小票弱  1   0.0878    0.0878  0.0000    0       NaN    1    0.0878
 熊×小票弱  1   0.2226    0.2226  1.0000    0       NaN    1    0.2226
 熊×小票弱  1  -0.0543   -0.0543  0.0000    1   -0.0543    0       NaN
 熊×小票弱  4  -0.0714   -0.0798  0.0000    4   -0.0714    0       NaN
 熊×小票弱  1   0.2934    0.2934  1.0000    0       NaN    1    0.2934
 熊×小票弱  2  -0.0634   -0.0634  0.0000    0       NaN    2   -0.0634
 熊×小票弱  1  -0.0088   -0.0088  0.0000    1   -0.0088    0       NaN
 熊×小票弱  1  -0.0138   -0.0138  0.0000    0       NaN    1   -0.0138
 熊×小票弱  1  -0.1518   -0.1518  0.0000    0       NaN    1   -0.1518
 熊×小票弱  2  -0.0747   -0.0747  0.0000    1   -0.0718    1   -0.0776
 熊×小票弱  3   0.0346    0.0175  0.3333    2    0.0432    1    0.0175
 熊×小票强  2  -0.0405   -0.0405  0.0000    1   -0.1359    1    0.0550
 熊×小票强  1   0.1296    0.1296  1.0000    0       NaN    1    0.1296
 熊×小票强  1   0.1331    0.1331  1.0000    1    0.1331    0       NaN
 熊×小票强  3   0.1955    0.1239  0.6667    2    0.0413    1    0.5038
 熊×小票强  1  -0.1154   -0.1154  0.0000    1   -0.1154    0       NaN
 熊×小票强  1   0.0317    0.0317  0.0000    0       NaN    1    0.0317
 熊×小票强  2   0.0549    0.0549  0.5000    2    0.0549    0       NaN
 熊×小票强  1  -0.2585   -0.2585  0.0000    0       NaN    1   -0.2585
 熊×小票强  5  -0.0596   -0.0673  0.0000    5   -0.0596    0       NaN
 牛×小票弱  1  -0.2286   -0.2286  0.0000    0       NaN    1   -0.2286
 牛×小票弱  1   0.0355    0.0355  0.0000    0       NaN    1    0.0355
 牛×小票弱  1   0.1564    0.1564  1.0000    1    0.1564    0       NaN
 牛×小票弱  9  -0.0234   -0.0800  0.2222    1    0.0500    8   -0.0326
 牛×小票弱  1  -0.1849   -0.1849  0.0000    0       NaN    1   -0.1849
 牛×小票弱  2  -0.0088   -0.0088  0.5000    0       NaN    2   -0.0088
 牛×小票弱  1  -0.0823   -0.0823  0.0000    1   -0.0823    0       NaN
 牛×小票弱  4   0.2572    0.1868  0.7500    2    0.1591    2    0.3554
 牛×小票弱  3  -0.0921   -0.1187  0.0000    1   -0.1635    2   -0.0565
 牛×小票弱  2  -0.0042   -0.0042  0.0000    1   -0.1004    1    0.0921
 牛×小票弱  2  -0.0827   -0.0827  0.0000    1   -0.0023    1   -0.1631
 牛×小票弱  2   0.1063    0.1063  0.5000    0       NaN    2    0.1063
 牛×小票弱  4  -0.1845   -0.1935  0.0000    0       NaN    4   -0.1845
 牛×小票弱  3  -0.0224   -0.0006  0.0000    3   -0.0224    0       NaN
 牛×小票弱  1  -0.1084   -0.1084  0.0000    1   -0.1084    0       NaN
 牛×小票弱  3  -0.0695   -0.0462  0.0000    0       NaN    3   -0.0695
 牛×小票弱  1   0.1846    0.1846  1.0000    0       NaN    1    0.1846
 牛×小票弱  1  -0.0986   -0.0986  0.0000    0       NaN    1   -0.0986
 牛×小票弱  2   0.0595    0.0595  0.5000    1   -0.0284    1    0.1473
 牛×小票弱  2  -0.1313   -0.1313  0.0000    2   -0.1313    0       NaN
 牛×小票弱  1  -0.0284   -0.0284  0.0000    1   -0.0284    0       NaN
 牛×小票弱  3   0.2752    0.4596  0.6667    1    0.4596    2    0.1829
 牛×小票弱  2  -0.1379   -0.1379  0.0000    0       NaN    2   -0.1379
 牛×小票弱  2  -0.1352   -0.1352  0.0000    0       NaN    2   -0.1352
 牛×小票弱  1   0.0364    0.0364  0.0000    0       NaN    1    0.0364
 牛×小票弱  2  -0.1582   -0.1582  0.0000    1   -0.0917    1   -0.2248
 牛×小票弱  1   0.3506    0.3506  1.0000    0       NaN    1    0.3506
 牛×小票弱  1  -0.0644   -0.0644  0.0000    1   -0.0644    0       NaN
 牛×小票弱  2  -0.1137   -0.1137  0.0000    0       NaN    2   -0.1137
 牛×小票弱  1  -0.1822   -0.1822  0.0000    0       NaN    1   -0.1822
 牛×小票弱  2   0.1166    0.1166  0.5000    1    0.0294    1    0.2038
 牛×小票弱  1  -0.1480   -0.1480  0.0000    1   -0.1480    0       NaN
 牛×小票弱  1  -0.1809   -0.1809  0.0000    0       NaN    1   -0.1809
 牛×小票弱  1  -0.2134   -0.2134  0.0000    0       NaN    1   -0.2134
 牛×小票弱  1  -0.0747   -0.0747  0.0000    0       NaN    1   -0.0747
 牛×小票弱  1  -0.1181   -0.1181  0.0000    0       NaN    1   -0.1181
 牛×小票弱  3  -0.0740   -0.0797  0.0000    1   -0.0469    2   -0.0875
 牛×小票弱  4  -0.0104   -0.0079  0.0000    0       NaN    4   -0.0104
 牛×小票弱  2  -0.0355   -0.0355  0.0000    0       NaN    2   -0.0355
 牛×小票弱  1   0.1673    0.1673  1.0000    0       NaN    1    0.1673
 牛×小票弱  1  -0.2179   -0.2179  0.0000    0       NaN    1   -0.2179
 牛×小票弱  3   0.1102    0.0707  0.3333    2    0.1450    1    0.0406
 牛×小票弱  1  -0.0767   -0.0767  0.0000    0       NaN    1   -0.0767
 牛×小票弱  2  -0.1558   -0.1558  0.0000    0       NaN    2   -0.1558
 牛×小票弱  3  -0.2198   -0.2418  0.0000    1   -0.2940    2   -0.1827
 牛×小票弱  2  -0.3105   -0.3105  0.0000    0       NaN    2   -0.3105
 牛×小票弱  1  -0.1387   -0.1387  0.0000    0       NaN    1   -0.1387
 牛×小票弱  1   0.4162    0.4162  1.0000    0       NaN    1    0.4162
 牛×小票弱  7   0.0863   -0.0544  0.4286    2    0.1749    5    0.0509
 牛×小票弱  4   0.1235    0.1537  0.7500    2    0.0188    2    0.2281
 牛×小票弱  3  -0.0184   -0.0290  0.3333    1   -0.1300    2    0.0374
 牛×小票弱  2  -0.0545   -0.0545  0.0000    2   -0.0545    0       NaN
 牛×小票弱  1   0.0308    0.0308  0.0000    0       NaN    1    0.0308
 牛×小票弱  6   0.0616    0.0056  0.1667    2    0.0297    4    0.0776
 牛×小票弱  2  -0.1314   -0.1314  0.0000    0       NaN    2   -0.1314
 牛×小票弱  2  -0.0832   -0.0832  0.0000    1   -0.1527    1   -0.0138
 牛×小票弱  4   0.0320   -0.0130  0.2500    1   -0.1254    3    0.0845
 牛×小票弱  1  -0.1742   -0.1742  0.0000    0       NaN    1   -0.1742
 牛×小票弱  3  -0.0433   -0.0458  0.0000    2   -0.0479    1   -0.0341
 牛×小票弱  2   0.1020    0.1020  0.5000    1   -0.0829    1    0.2870
 牛×小票弱  1  -0.0304   -0.0304  0.0000    1   -0.0304    0       NaN
 牛×小票弱  1  -0.0904   -0.0904  0.0000    1   -0.0904    0       NaN
 牛×小票弱  1  -0.1410   -0.1410  0.0000    0       NaN    1   -0.1410
 牛×小票弱  3  -0.1134   -0.0778  0.0000    1   -0.0778    2   -0.1312
 牛×小票弱  1  -0.2226   -0.2226  0.0000    0       NaN    1   -0.2226
 牛×小票弱  1  -0.0719   -0.0719  0.0000    1   -0.0719    0       NaN
 牛×小票弱  2  -0.0275   -0.0275  0.0000    1    0.0570    1   -0.1119
 牛×小票弱  1  -0.0093   -0.0093  0.0000    1   -0.0093    0       NaN
 牛×小票弱  1  -0.2096   -0.2096  0.0000    0       NaN    1   -0.2096
 牛×小票弱  3  -0.0412   -0.0531  0.0000    2    0.0115    1   -0.1465
 牛×小票弱  1  -0.0484   -0.0484  0.0000    0       NaN    1   -0.0484
 牛×小票弱  2  -0.0481   -0.0481  0.0000    1    0.0361    1   -0.1323
 牛×小票弱  2   0.1387    0.1387  0.5000    1    0.0003    1    0.2772
 牛×小票弱  1  -0.1522   -0.1522  0.0000    0       NaN    1   -0.1522
 牛×小票弱  5  -0.0559   -0.0680  0.0000    3   -0.0325    2   -0.0911
 牛×小票弱  1  -0.0022   -0.0022  0.0000    0       NaN    1   -0.0022
 牛×小票弱  3  -0.1460   -0.0873  0.0000    2   -0.0833    1   -0.2713
 牛×小票弱  2  -0.0878   -0.0878  0.0000    1   -0.0884    1   -0.0871
 牛×小票弱  1  -0.0224   -0.0224  0.0000    0       NaN    1   -0.0224
 牛×小票弱  1   0.3883    0.3883  1.0000    0       NaN    1    0.3883
 牛×小票弱  3   0.0054   -0.0178  0.0000    1   -0.0221    2    0.0191
 牛×小票弱  1   0.1359    0.1359  1.0000    0       NaN    1    0.1359
 牛×小票弱  2  -0.1046   -0.1046  0.0000    0       NaN    2   -0.1046
 牛×小票弱  1  -0.1319   -0.1319  0.0000    0       NaN    1   -0.1319
 牛×小票弱  4   0.1077    0.0667  0.5000    1   -0.0344    3    0.1551
 牛×小票弱  2   0.0725    0.0725  0.0000    0       NaN    2    0.0725
 牛×小票弱  1  -0.2345   -0.2345  0.0000    0       NaN    1   -0.2345
 牛×小票弱  3  -0.0527   -0.0359  0.0000    2   -0.0228    1   -0.1124
 牛×小票弱  1  -0.1577   -0.1577  0.0000    0       NaN    1   -0.1577
 牛×小票弱  2  -0.0356   -0.0356  0.0000    1    0.0275    1   -0.0988
 牛×小票弱  2   0.1746    0.1746  0.5000    0       NaN    2    0.1746
 牛×小票弱  1  -0.1629   -0.1629  0.0000    0       NaN    1   -0.1629
 牛×小票弱  2  -0.0609   -0.0609  0.0000    2   -0.0609    0       NaN
 牛×小票弱  1  -0.1273   -0.1273  0.0000    1   -0.1273    0       NaN
 牛×小票弱  1  -0.0409   -0.0409  0.0000    0       NaN    1   -0.0409
 牛×小票弱  1  -0.0370   -0.0370  0.0000    0       NaN    1   -0.0370
 牛×小票弱  5  -0.0102   -0.1807  0.4000    0       NaN    5   -0.0102
 牛×小票弱  2  -0.1707   -0.1707  0.0000    0       NaN    2   -0.1707
 牛×小票弱  2  -0.1800   -0.1800  0.0000    0       NaN    2   -0.1800
 牛×小票弱  1  -0.1222   -0.1222  0.0000    1   -0.1222    0       NaN
 牛×小票弱  2   0.0700    0.0700  0.5000    0       NaN    2    0.0700
 牛×小票弱  1   0.0311    0.0311  0.0000    1    0.0311    0       NaN
 牛×小票弱  4  -0.1615   -0.1821  0.0000    1   -0.1564    3   -0.1632
 牛×小票弱  1  -0.0864   -0.0864  0.0000    0       NaN    1   -0.0864
 牛×小票弱  2   0.2024    0.2024  0.5000    0       NaN    2    0.2024
 牛×小票弱  1  -0.1121   -0.1121  0.0000    0       NaN    1   -0.1121
 牛×小票弱  3  -0.1010   -0.0786  0.0000    1   -0.0758    2   -0.1136
 牛×小票弱  3  -0.0567   -0.0276  0.0000    1   -0.0276    2   -0.0712
 牛×小票弱  1  -0.0320   -0.0320  0.0000    1   -0.0320    0       NaN
 牛×小票弱  4  -0.1170   -0.1959  0.2500    1   -0.2502    3   -0.0726
 牛×小票弱  1   0.0400    0.0400  0.0000    0       NaN    1    0.0400
 牛×小票弱  2  -0.0432   -0.0432  0.0000    1   -0.0115    1   -0.0750
 牛×小票弱  1  -0.0578   -0.0578  0.0000    1   -0.0578    0       NaN
 牛×小票弱  1  -0.0177   -0.0177  0.0000    0       NaN    1   -0.0177
 牛×小票弱  1  -0.1300   -0.1300  0.0000    0       NaN    1   -0.1300
 牛×小票弱  3  -0.0848   -0.2025  0.3333    1   -0.2810    2    0.0132
 牛×小票弱  2  -0.1188   -0.1188  0.0000    1   -0.0112    1   -0.2264
 牛×小票弱  1   0.1514    0.1514  1.0000    1    0.1514    0       NaN
 牛×小票弱  1  -0.1003   -0.1003  0.0000    1   -0.1003    0       NaN
 牛×小票弱  2  -0.0055   -0.0055  0.0000    1    0.0027    1   -0.0137
 牛×小票弱  4   0.0716    0.0834  0.5000    1   -0.0353    3    0.1072
 牛×小票弱 10  -0.0906   -0.0775  0.0000    0       NaN   10   -0.0906
 牛×小票弱  3  -0.1607   -0.1684  0.0000    0       NaN    3   -0.1607
 牛×小票弱  6   0.0451    0.0492  0.3333    1    0.0467    5    0.0448
 牛×小票弱  3   0.0001   -0.0248  0.0000    0       NaN    3    0.0001
 牛×小票弱  1  -0.1285   -0.1285  0.0000    0       NaN    1   -0.1285
 牛×小票弱  2   0.3878    0.3878  1.0000    1    0.2593    1    0.5162
 牛×小票弱  1   0.1047    0.1047  1.0000    1    0.1047    0       NaN
 牛×小票弱  3  -0.1251   -0.1461  0.0000    2   -0.1911    1    0.0068
 牛×小票弱  5   0.1820    0.2654  0.6000    0       NaN    5    0.1820
 牛×小票弱  3   0.0321   -0.0057  0.3333    0       NaN    3    0.0321
 牛×小票弱  8   0.0628   -0.0252  0.3750    1   -0.1405    7    0.0918
 牛×小票弱  1  -0.0391   -0.0391  0.0000    1   -0.0391    0       NaN
 牛×小票弱  1   0.0639    0.0639  0.0000    0       NaN    1    0.0639
 牛×小票弱  2  -0.0696   -0.0696  0.0000    1    0.0892    1   -0.2285
 牛×小票弱  2  -0.1504   -0.1504  0.0000    1   -0.1421    1   -0.1587
 牛×小票弱  1   0.1606    0.1606  1.0000    1    0.1606    0       NaN
 牛×小票弱  2   0.0269    0.0269  0.5000    1   -0.0661    1    0.1199
 牛×小票弱  3   0.0255    0.0273  0.0000    3    0.0255    0       NaN
 牛×小票弱  2   0.1654    0.1654  1.0000    0       NaN    2    0.1654
 牛×小票弱  1  -0.0795   -0.0795  0.0000    0       NaN    1   -0.0795
 牛×小票弱  8  -0.0498   -0.1190  0.1250    3   -0.0879    5   -0.0270
 牛×小票弱  2  -0.1769   -0.1769  0.0000    0       NaN    2   -0.1769
 牛×小票弱  1   0.4911    0.4911  1.0000    0       NaN    1    0.4911
 牛×小票弱  3  -0.1981   -0.1708  0.0000    1   -0.2768    2   -0.1587
 牛×小票弱  2   0.0390    0.0390  0.0000    1    0.0645    1    0.0134
 牛×小票弱  1  -0.1649   -0.1649  0.0000    0       NaN    1   -0.1649
 牛×小票弱  3   0.0591    0.0218  0.3333    1    0.0121    2    0.0826
 牛×小票弱  5  -0.1014   -0.0768  0.0000    2   -0.0791    3   -0.1163
 牛×小票弱  2  -0.0747   -0.0747  0.0000    2   -0.0747    0       NaN
 牛×小票弱  4  -0.1278   -0.1579  0.0000    0       NaN    4   -0.1278
 牛×小票弱  2  -0.1503   -0.1503  0.0000    1   -0.0614    1   -0.2392
 牛×小票弱  2  -0.1898   -0.1898  0.0000    1   -0.1064    1   -0.2731
 牛×小票弱  5   0.0113   -0.0181  0.2000    1    0.2996    4   -0.0608
 牛×小票弱  2  -0.1412   -0.1412  0.0000    2   -0.1412    0       NaN
 牛×小票弱  2  -0.2101   -0.2101  0.0000    0       NaN    2   -0.2101
 牛×小票弱  2  -0.2077   -0.2077  0.0000    0       NaN    2   -0.2077
 牛×小票弱  1  -0.0801   -0.0801  0.0000    1   -0.0801    0       NaN
 牛×小票弱  2  -0.1094   -0.1094  0.0000    2   -0.1094    0       NaN
 牛×小票弱  4  -0.0204   -0.0353  0.0000    2   -0.0056    2   -0.0353
 牛×小票弱  1   0.1726    0.1726  1.0000    0       NaN    1    0.1726
 牛×小票弱  1  -0.1386   -0.1386  0.0000    0       NaN    1   -0.1386
 牛×小票弱  1  -0.1130   -0.1130  0.0000    1   -0.1130    0       NaN
 牛×小票弱  3   0.1133    0.1768  0.6667    1    0.3264    2    0.0068
 牛×小票弱  2   0.0450    0.0450  0.5000    1   -0.1138    1    0.2039
 牛×小票弱  2  -0.1029   -0.1029  0.0000    0       NaN    2   -0.1029
 牛×小票弱  1   0.0515    0.0515  0.0000    1    0.0515    0       NaN
 牛×小票弱  7   0.1104    0.0780  0.4286    7    0.1104    0       NaN
 牛×小票弱  1  -0.1570   -0.1570  0.0000    0       NaN    1   -0.1570
 牛×小票弱  1  -0.1611   -0.1611  0.0000    0       NaN    1   -0.1611
 牛×小票弱  1  -0.2172   -0.2172  0.0000    0       NaN    1   -0.2172
 牛×小票弱  4  -0.0993   -0.1524  0.2500    1   -0.0536    3   -0.1145
 牛×小票弱  1  -0.0577   -0.0577  0.0000    1   -0.0577    0       NaN
 牛×小票弱  2  -0.0634   -0.0634  0.0000    0       NaN    2   -0.0634
 牛×小票弱  2  -0.0931   -0.0931  0.0000    1   -0.0939    1   -0.0923
 牛×小票弱  4  -0.1853   -0.1829  0.0000    0       NaN    4   -0.1853
 牛×小票弱  1  -0.3075   -0.3075  0.0000    0       NaN    1   -0.3075
 牛×小票弱  1   0.0687    0.0687  0.0000    1    0.0687    0       NaN
 牛×小票弱  1  -0.0548   -0.0548  0.0000    1   -0.0548    0       NaN
 牛×小票弱  2  -0.0903   -0.0903  0.0000    1   -0.1279    1   -0.0526
 牛×小票弱  3  -0.0812   -0.0471  0.0000    1   -0.0163    2   -0.1137
 牛×小票弱  1   0.0625    0.0625  0.0000    1    0.0625    0       NaN
 牛×小票弱  2  -0.0454   -0.0454  0.0000    0       NaN    2   -0.0454
 牛×小票弱  2  -0.0733   -0.0733  0.0000    2   -0.0733    0       NaN
 牛×小票弱  3  -0.1216   -0.1158  0.0000    0       NaN    3   -0.1216
 牛×小票弱  1  -0.2159   -0.2159  0.0000    0       NaN    1   -0.2159
 牛×小票弱  1   0.1338    0.1338  1.0000    0       NaN    1    0.1338
 牛×小票弱  3   0.4533    0.4654  1.0000    2    0.3517    1    0.6566
 牛×小票弱  1  -0.2083   -0.2083  0.0000    1   -0.2083    0       NaN
 牛×小票弱  1  -0.2320   -0.2320  0.0000    0       NaN    1   -0.2320
 牛×小票弱  1   0.1150    0.1150  1.0000    0       NaN    1    0.1150
 牛×小票弱  1  -0.0726   -0.0726  0.0000    0       NaN    1   -0.0726
 牛×小票弱  1   0.1726    0.1726  1.0000    0       NaN    1    0.1726
 牛×小票弱  5   0.0257   -0.0238  0.2000    1    0.0861    4    0.0107
 牛×小票弱  6   0.0197    0.0300  0.0000    3    0.0087    3    0.0308
 牛×小票弱  3   0.0637    0.0200  0.3333    0       NaN    3    0.0637
 牛×小票弱  5  -0.1986   -0.1917  0.0000    1   -0.2724    4   -0.1801
 牛×小票弱  4   0.0156    0.0131  0.2500    1    0.0000    3    0.0208
 牛×小票弱  1  -0.1563   -0.1563  0.0000    0       NaN    1   -0.1563
 牛×小票弱  3  -0.1309   -0.0780  0.0000    1   -0.0780    2   -0.1574
 牛×小票弱  3   0.0417    0.0495  0.0000    1    0.0495    2    0.0378
 牛×小票弱  3   0.0063   -0.1404  0.3333    1   -0.1451    2    0.0820
 牛×小票弱  1  -0.1077   -0.1077  0.0000    0       NaN    1   -0.1077
 牛×小票弱  1   0.0338    0.0338  0.0000    0       NaN    1    0.0338
 牛×小票弱  1  -0.0306   -0.0306  0.0000    1   -0.0306    0       NaN
 牛×小票弱  2  -0.1398   -0.1398  0.0000    0       NaN    2   -0.1398
 牛×小票弱  2  -0.1653   -0.1653  0.0000    0       NaN    2   -0.1653
 牛×小票弱  2   0.1638    0.1638  1.0000    0       NaN    2    0.1638
 牛×小票弱  2  -0.0394   -0.0394  0.0000    1    0.0230    1   -0.1017
 牛×小票弱  6  -0.1195   -0.1443  0.1667    4   -0.0755    2   -0.2075
 牛×小票弱  2   0.1920    0.1920  0.5000    2    0.1920    0       NaN
 牛×小票弱  2  -0.0511   -0.0511  0.0000    2   -0.0511    0       NaN
 牛×小票弱  4   0.1792    0.0522  0.2500    1    0.0143    3    0.2341
 牛×小票弱  3  -0.2715   -0.3550  0.0000    0       NaN    3   -0.2715
 牛×小票弱  2  -0.0438   -0.0438  0.0000    1    0.0040    1   -0.0915
 牛×小票弱  2   0.0358    0.0358  0.0000    1   -0.0046    1    0.0761
 牛×小票弱  1  -0.1732   -0.1732  0.0000    1   -0.1732    0       NaN
 牛×小票弱  4  -0.1108   -0.1025  0.0000    2   -0.1504    2   -0.0713
 牛×小票弱  2  -0.2162   -0.2162  0.0000    0       NaN    2   -0.2162
 牛×小票弱  2  -0.0887   -0.0887  0.0000    0       NaN    2   -0.0887
 牛×小票弱  2   0.0061    0.0061  0.0000    1   -0.0656    1    0.0778
 牛×小票弱  2  -0.0463   -0.0463  0.0000    1   -0.0405    1   -0.0520
 牛×小票弱  3  -0.0035   -0.0845  0.3333    1   -0.0845    2    0.0370
 牛×小票弱  1  -0.1997   -0.1997  0.0000    0       NaN    1   -0.1997
 牛×小票弱  1   0.2211    0.2211  1.0000    1    0.2211    0       NaN
 牛×小票弱  2   0.1140    0.1140  0.5000    1    0.0236    1    0.2043
 牛×小票弱  1  -0.0787   -0.0787  0.0000    1   -0.0787    0       NaN
 牛×小票弱  2  -0.0482   -0.0482  0.0000    2   -0.0482    0       NaN
 牛×小票弱  2  -0.1221   -0.1221  0.0000    0       NaN    2   -0.1221
 牛×小票弱  1  -0.0148   -0.0148  0.0000    1   -0.0148    0       NaN
 牛×小票弱  3  -0.0304   -0.0793  0.3333    0       NaN    3   -0.0304
 牛×小票弱  1   0.0684    0.0684  0.0000    0       NaN    1    0.0684
 牛×小票弱  2  -0.0643   -0.0643  0.0000    2   -0.0643    0       NaN
 牛×小票弱  1  -0.0690   -0.0690  0.0000    0       NaN    1   -0.0690
 牛×小票弱  1  -0.2566   -0.2566  0.0000    0       NaN    1   -0.2566
 牛×小票弱  2   0.0077    0.0077  0.0000    2    0.0077    0       NaN
 牛×小票弱  3  -0.1268   -0.1279  0.0000    1   -0.1279    2   -0.1262
 牛×小票弱  2  -0.2413   -0.2413  0.0000    2   -0.2413    0       NaN
 牛×小票弱  3   0.0198   -0.1237  0.3333    1   -0.1261    2    0.0927
 牛×小票弱  1   0.0681    0.0681  0.0000    1    0.0681    0       NaN
 牛×小票弱  3  -0.0790   -0.0396  0.0000    0       NaN    3   -0.0790
 牛×小票弱  1  -0.0000   -0.0000  0.0000    0       NaN    1   -0.0000
 牛×小票弱  3  -0.0639   -0.0752  0.0000    0       NaN    3   -0.0639
 牛×小票弱  1  -0.0769   -0.0769  0.0000    0       NaN    1   -0.0769
 牛×小票弱  1  -0.0876   -0.0876  0.0000    1   -0.0876    0       NaN
 牛×小票弱  1  -0.0695   -0.0695  0.0000    0       NaN    1   -0.0695
 牛×小票弱  1  -0.0475   -0.0475  0.0000    1   -0.0475    0       NaN
 牛×小票弱  1  -0.0839   -0.0839  0.0000    0       NaN    1   -0.0839
 牛×小票弱  3  -0.0703   -0.0371  0.0000    1   -0.2227    2    0.0058
 牛×小票弱  2  -0.0914   -0.0914  0.0000    1   -0.0600    1   -0.1229
 牛×小票弱  4  -0.0126   -0.0267  0.2500    1   -0.0215    3   -0.0096
 牛×小票弱  2  -0.0915   -0.0915  0.0000    2   -0.0915    0       NaN
 牛×小票弱  3  -0.0324    0.0024  0.0000    2    0.0307    1   -0.1584
 牛×小票弱  1   0.0355    0.0355  0.0000    1    0.0355    0       NaN
 牛×小票弱  1   0.0979    0.0979  0.0000    0       NaN    1    0.0979
 牛×小票弱  2   0.1347    0.1347  1.0000    1    0.1514    1    0.1180
 牛×小票弱  1  -0.0905   -0.0905  0.0000    1   -0.0905    0       NaN
 牛×小票弱  1  -0.2370   -0.2370  0.0000    0       NaN    1   -0.2370
 牛×小票弱  1  -0.1464   -0.1464  0.0000    1   -0.1464    0       NaN
 牛×小票弱  1  -0.1377   -0.1377  0.0000    1   -0.1377    0       NaN
 牛×小票弱  1  -0.0696   -0.0696  0.0000    1   -0.0696    0       NaN
 牛×小票弱  1  -0.1861   -0.1861  0.0000    1   -0.1861    0       NaN
 牛×小票弱  2   0.0315    0.0315  0.5000    0       NaN    2    0.0315
 牛×小票弱  1   0.2058    0.2058  1.0000    0       NaN    1    0.2058
 牛×小票弱  2  -0.1051   -0.1051  0.0000    1    0.0133    1   -0.2236
 牛×小票弱  3  -0.1337   -0.1579  0.0000    2   -0.1662    1   -0.0688
 牛×小票弱  3  -0.1118   -0.0670  0.0000    1   -0.0018    2   -0.1668
 牛×小票弱  3   0.1128    0.0230  0.3333    0       NaN    3    0.1128
 牛×小票弱  1   0.2409    0.2409  1.0000    1    0.2409    0       NaN
 牛×小票弱  2  -0.0014   -0.0014  0.0000    2   -0.0014    0       NaN
 牛×小票弱  1   0.1276    0.1276  1.0000    0       NaN    1    0.1276
 牛×小票弱  2  -0.0719   -0.0719  0.0000    2   -0.0719    0       NaN
 牛×小票弱  3  -0.0132   -0.0543  0.3333    2   -0.0947    1    0.1497
 牛×小票弱  1  -0.0771   -0.0771  0.0000    0       NaN    1   -0.0771
 牛×小票弱  7  -0.2040   -0.2072  0.0000    6   -0.2049    1   -0.1990
 牛×小票弱  1   0.0549    0.0549  0.0000    0       NaN    1    0.0549
 牛×小票弱  1      NaN       NaN  0.0000    1       NaN    0       NaN
 牛×小票弱  2  -0.0011   -0.0011  0.0000    1    0.0490    1   -0.0512
 牛×小票弱  2   0.5579    0.5579  1.0000    1    0.9655    1    0.1502
 牛×小票弱  4  -0.1233   -0.1713  0.0000    3   -0.0972    1   -0.2014
 牛×小票弱  4  -0.0783   -0.0294  0.0000    2   -0.0294    2   -0.1271
 牛×小票弱  2  -0.2008   -0.2008  0.0000    1   -0.2102    1   -0.1915
 牛×小票弱  1  -0.1117   -0.1117  0.0000    1   -0.1117    0       NaN
 牛×小票弱  2  -0.1633   -0.1633  0.0000    1   -0.1660    1   -0.1606
 牛×小票弱  2   0.1561    0.1561  0.5000    1   -0.1524    1    0.4647
 牛×小票弱  1  -0.0568   -0.0568  0.0000    1   -0.0568    0       NaN
 牛×小票弱  2  -0.1665   -0.1665  0.0000    2   -0.1665    0       NaN
 牛×小票弱  1  -0.0682   -0.0682  0.0000    1   -0.0682    0       NaN
 牛×小票弱  3   0.0060   -0.1457  0.3333    1   -0.1457    2    0.0818
 牛×小票弱  4  -0.0379   -0.0467  0.0000    3   -0.0194    1   -0.0933
 牛×小票弱  5  -0.0684   -0.0934  0.2000    1   -0.1255    4   -0.0542
 牛×小票弱  1   0.2085    0.2085  1.0000    1    0.2085    0       NaN
 牛×小票弱  3   0.0706    0.0264  0.3333    3    0.0706    0       NaN
 牛×小票弱  1  -0.0147   -0.0147  0.0000    1   -0.0147    0       NaN
 牛×小票弱  3  -0.2300   -0.2889  0.0000    0       NaN    3   -0.2300
 牛×小票弱  1  -0.1585   -0.1585  0.0000    0       NaN    1   -0.1585
 牛×小票弱  1  -0.0341   -0.0341  0.0000    0       NaN    1   -0.0341
 牛×小票弱  3  -0.0942   -0.0873  0.0000    1   -0.0873    2   -0.0976
 牛×小票弱  2   0.0359    0.0359  0.5000    0       NaN    2    0.0359
 牛×小票弱  1   0.0463    0.0463  0.0000    0       NaN    1    0.0463
 牛×小票弱  2  -0.0297   -0.0297  0.0000    0       NaN    2   -0.0297
 牛×小票弱  2  -0.1512   -0.1512  0.0000    2   -0.1512    0       NaN
 牛×小票弱  2  -0.0247   -0.0247  0.0000    2   -0.0247    0       NaN
 牛×小票弱  1  -0.2200   -0.2200  0.0000    0       NaN    1   -0.2200
 牛×小票弱  1  -0.1007   -0.1007  0.0000    1   -0.1007    0       NaN
 牛×小票弱  2      NaN       NaN  0.0000    2       NaN    0       NaN
 牛×小票弱  3  -0.2558   -0.3092  0.0000    1   -0.0907    2   -0.3384
 牛×小票弱  1      NaN       NaN  0.0000    0       NaN    1       NaN
 牛×小票弱  1  -0.2656   -0.2656  0.0000    0       NaN    1   -0.2656
 牛×小票弱  1  -0.0681   -0.0681  0.0000    0       NaN    1   -0.0681
 牛×小票弱  2   0.0245    0.0245  0.0000    0       NaN    2    0.0245
 牛×小票弱  2  -0.1142   -0.1142  0.0000    1   -0.1968    1   -0.0316
 牛×小票弱  2  -0.1252   -0.1252  0.0000    1   -0.1814    1   -0.0689
 牛×小票弱  2  -0.0623   -0.0623  0.0000    1    0.0592    1   -0.1837
 牛×小票弱  2  -0.0303   -0.0303  0.0000    0       NaN    2   -0.0303
 牛×小票弱  2   0.0178    0.0178  0.5000    1    0.2093    1   -0.1736
 牛×小票弱  1   0.0247    0.0247  0.0000    0       NaN    1    0.0247
 牛×小票弱  2   0.0966    0.0966  0.5000    1   -0.0128    1    0.2061
 牛×小票弱  1  -0.1248   -0.1248  0.0000    0       NaN    1   -0.1248
 牛×小票弱  3  -0.0196   -0.1648  0.3333    0       NaN    3   -0.0196
 牛×小票弱  1   0.0171    0.0171  0.0000    1    0.0171    0       NaN
 牛×小票弱  1  -0.0703   -0.0703  0.0000    1   -0.0703    0       NaN
 牛×小票弱  2   0.3324    0.3324  1.0000    1    0.1087    1    0.5561
 牛×小票弱  4  -0.0347   -0.0539  0.2500    3    0.0401    1   -0.2591
 牛×小票弱  1  -0.1015   -0.1015  0.0000    0       NaN    1   -0.1015
 牛×小票弱  2  -0.0538   -0.0538  0.0000    0       NaN    2   -0.0538
 牛×小票弱  1  -0.0224   -0.0224  0.0000    0       NaN    1   -0.0224
 牛×小票弱  3  -0.1092   -0.1176  0.0000    1   -0.0697    2   -0.1289
 牛×小票弱  1  -0.1472   -0.1472  0.0000    0       NaN    1   -0.1472
 牛×小票弱  1   0.1017    0.1017  1.0000    1    0.1017    0       NaN
 牛×小票弱  3  -0.0265   -0.0526  0.0000    1    0.0331    2   -0.0563
 牛×小票弱  1   0.2158    0.2158  1.0000    0       NaN    1    0.2158
 牛×小票弱  1  -0.0254   -0.0254  0.0000    0       NaN    1   -0.0254
 牛×小票弱  6  -0.1847   -0.2274  0.0000    3   -0.0782    3   -0.2911
 牛×小票弱  4  -0.0940   -0.0818  0.0000    3   -0.0689    1   -0.1693
 牛×小票弱  1  -0.1390   -0.1390  0.0000    1   -0.1390    0       NaN
 牛×小票弱  1  -0.1471   -0.1471  0.0000    0       NaN    1   -0.1471
 牛×小票弱  1  -0.0551   -0.0551  0.0000    1   -0.0551    0       NaN
 牛×小票弱  1  -0.2989   -0.2989  0.0000    0       NaN    1   -0.2989
 牛×小票弱  2   0.0494    0.0494  0.5000    1   -0.0610    1    0.1597
 牛×小票弱  3  -0.1589   -0.1389  0.0000    3   -0.1589    0       NaN
 牛×小票弱  4  -0.1325   -0.1406  0.0000    0       NaN    4   -0.1325
 牛×小票弱  1  -0.0300   -0.0300  0.0000    0       NaN    1   -0.0300
 牛×小票弱  1   0.2794    0.2794  1.0000    1    0.2794    0       NaN
 牛×小票弱  1  -0.3351   -0.3351  0.0000    0       NaN    1   -0.3351
 牛×小票弱  1  -0.1166   -0.1166  0.0000    1   -0.1166    0       NaN
 牛×小票弱  2  -0.0877   -0.0877  0.0000    1   -0.0870    1   -0.0885
 牛×小票弱  1   0.2398    0.2398  1.0000    0       NaN    1    0.2398
 牛×小票弱  1   0.0202    0.0202  0.0000    0       NaN    1    0.0202
 牛×小票弱  3   0.1522    0.1749  0.6667    0       NaN    3    0.1522
 牛×小票弱  2  -0.0430   -0.0430  0.5000    1    0.1193    1   -0.2053
 牛×小票弱  2  -0.0572   -0.0572  0.0000    0       NaN    2   -0.0572
 牛×小票弱  5  -0.1225   -0.1311  0.0000    1   -0.1672    4   -0.1113
 牛×小票弱  1  -0.2118   -0.2118  0.0000    0       NaN    1   -0.2118
 牛×小票弱  1   0.1930    0.1930  1.0000    0       NaN    1    0.1930
 牛×小票弱  6  -0.0551   -0.0203  0.0000    3   -0.0674    3   -0.0429
 牛×小票弱  1  -0.0828   -0.0828  0.0000    1   -0.0828    0       NaN
 牛×小票弱  4  -0.0331   -0.0260  0.0000    1   -0.0832    3   -0.0164
 牛×小票弱  1   0.0894    0.0894  0.0000    0       NaN    1    0.0894
 牛×小票弱  1   0.0355    0.0355  0.0000    0       NaN    1    0.0355
 牛×小票弱  1  -0.0500   -0.0500  0.0000    1   -0.0500    0       NaN
 牛×小票弱  1  -0.0143   -0.0143  0.0000    1   -0.0143    0       NaN
 牛×小票弱  1   0.1247    0.1247  1.0000    0       NaN    1    0.1247
 牛×小票弱  2  -0.0675   -0.0675  0.0000    0       NaN    2   -0.0675
 牛×小票弱  1  -0.1869   -0.1869  0.0000    1   -0.1869    0       NaN
 牛×小票弱  1   0.1960    0.1960  1.0000    0       NaN    1    0.1960
 牛×小票弱  1  -0.1638   -0.1638  0.0000    1   -0.1638    0       NaN
 牛×小票弱  2  -0.0788   -0.0788  0.0000    0       NaN    2   -0.0788
 牛×小票弱  3   0.1456    0.0854  0.3333    1   -0.0733    2    0.2550
 牛×小票弱  2  -0.1227   -0.1227  0.0000    1   -0.0060    1   -0.2393
 牛×小票弱  1   0.0400    0.0400  0.0000    0       NaN    1    0.0400
 牛×小票弱  1  -0.1429   -0.1429  0.0000    1   -0.1429    0       NaN
 牛×小票弱  3   0.0318   -0.0495  0.3333    2   -0.1058    1    0.3070
 牛×小票弱  2  -0.0820   -0.0820  0.0000    1    0.0071    1   -0.1711
 牛×小票弱  1   0.0171    0.0171  0.0000    0       NaN    1    0.0171
 牛×小票弱  6  -0.0539   -0.1217  0.3333    2    0.1725    4   -0.1671
 牛×小票弱  2   0.1417    0.1417  0.5000    0       NaN    2    0.1417
 牛×小票弱  1  -0.0365   -0.0365  0.0000    0       NaN    1   -0.0365
 牛×小票弱  2      NaN       NaN  0.0000    0       NaN    2       NaN
 牛×小票弱  1   0.0621    0.0621  0.0000    0       NaN    1    0.0621
 牛×小票弱  2  -0.0795   -0.0795  0.0000    2   -0.0795    0       NaN
 牛×小票弱  1   0.3657    0.3657  1.0000    0       NaN    1    0.3657
 牛×小票弱  2  -0.1822   -0.1822  0.0000    0       NaN    2   -0.1822
 牛×小票弱  2  -0.0154   -0.0154  0.5000    0       NaN    2   -0.0154
 牛×小票弱  5      NaN       NaN  0.0000    2       NaN    3       NaN
 牛×小票弱  1  -0.1486   -0.1486  0.0000    0       NaN    1   -0.1486
 牛×小票弱  2   0.0261    0.0261  0.0000    1    0.0156    1    0.0367
 牛×小票弱  4  -0.0533   -0.0762  0.0000    2    0.0289    2   -0.1355
 牛×小票弱  1  -0.0181   -0.0181  0.0000    1   -0.0181    0       NaN
 牛×小票弱  2  -0.1108   -0.1108  0.0000    1   -0.1000    1   -0.1216
 牛×小票弱  1   0.0743    0.0743  0.0000    1    0.0743    0       NaN
 牛×小票弱  2   0.0211    0.0211  0.0000    1    0.0019    1    0.0402
 牛×小票弱  3  -0.1973   -0.2367  0.0000    1   -0.0756    2   -0.2582
 牛×小票弱  1  -0.3179   -0.3179  0.0000    0       NaN    1   -0.3179
 牛×小票弱  1  -0.0629   -0.0629  0.0000    1   -0.0629    0       NaN
 牛×小票弱  1  -0.1225   -0.1225  0.0000    1   -0.1225    0       NaN
 牛×小票弱  7   0.0245   -0.0012  0.2857    1   -0.0012    6    0.0288
 牛×小票弱  1  -0.1018   -0.1018  0.0000    1   -0.1018    0       NaN
 牛×小票弱  3  -0.0810   -0.1172  0.0000    2   -0.0628    1   -0.1172
 牛×小票弱  1  -0.2481   -0.2481  0.0000    0       NaN    1   -0.2481
 牛×小票弱  1   0.2893    0.2893  1.0000    0       NaN    1    0.2893
 牛×小票弱  1  -0.1654   -0.1654  0.0000    1   -0.1654    0       NaN
 牛×小票弱  2  -0.0938   -0.0938  0.0000    0       NaN    2   -0.0938
 牛×小票弱  1  -0.1216   -0.1216  0.0000    0       NaN    1   -0.1216
 牛×小票弱  1  -0.0967   -0.0967  0.0000    0       NaN    1   -0.0967
 牛×小票弱  3  -0.0915   -0.1082  0.0000    3   -0.0915    0       NaN
 牛×小票弱 16  -0.0720   -0.0860  0.0000    0       NaN   16   -0.0720
 牛×小票强  3   0.0208   -0.0515  0.3333    2    0.0983    1   -0.1342
 牛×小票强  3  -0.0524   -0.0473  0.0000    1   -0.0473    2   -0.0550

池基线同桶对照:
bucket  n股日  基线FWD5  基线hit10%
 熊×小票弱 3649  0.1431    0.7087
 熊×小票弱 4131 -0.0527    0.0310
 熊×小票弱 3968  0.0078    0.0658
 熊×小票弱 3853  0.0349    0.1178
 熊×小票弱 4142  0.0327    0.0855
 熊×小票弱 2006  0.0026    0.0439
 熊×小票弱 4338  0.0373    0.1097
 熊×小票弱 2617 -0.0368    0.0183
 熊×小票弱 3048 -0.0285    0.0190
 熊×小票弱 1645  0.0007    0.0462
 熊×小票弱 3198  0.0067    0.0407
 熊×小票弱 3486 -0.0666    0.0184
 熊×小票弱 3000 -0.0172    0.0143
 熊×小票弱 3944 -0.0407    0.0814
 熊×小票弱 2372 -0.0159    0.0312
 熊×小票弱 2343  0.0276    0.0807
 熊×小票弱 3813  0.0042    0.0619
 熊×小票弱 1666  0.0120    0.0744
 熊×小票弱 1941 -0.0374    0.0098
 熊×小票弱 3973  0.0041    0.0471
 熊×小票弱 2377  0.0010    0.0454
 熊×小票弱 2698 -0.0254    0.0230
 熊×小票弱 4638  0.0334    0.1056
 熊×小票弱 1805  0.0015    0.0875
 熊×小票弱 4133 -0.0239    0.0697
 熊×小票弱 3265  0.0519    0.1773
 熊×小票弱 1693 -0.0025    0.0360
 熊×小票弱 4059  0.0333    0.0916
 熊×小票弱 3425  0.0494    0.1597
 熊×小票弱 3261  0.0670    0.2205
 熊×小票弱 2117  0.0524    0.1474
 熊×小票弱 2646 -0.0086    0.0249
 熊×小票弱 2217 -0.0223    0.0266
 熊×小票弱 1860  0.0103    0.0489
 熊×小票弱 1807  0.0164    0.1057
 熊×小票弱 3543 -0.0579    0.0234
 熊×小票弱 2380 -0.0165    0.0273
 熊×小票弱 2892  0.0613    0.2019
 熊×小票弱 1693 -0.0094    0.0337
 熊×小票弱 2528 -0.0163    0.0344
 熊×小票弱 2599  0.0075    0.0527
 熊×小票弱 4114 -0.0344    0.0331
 熊×小票弱 3313  0.0083    0.0468
 熊×小票弱 2802 -0.0165    0.0243
 熊×小票弱 2570  0.0390    0.1163
 熊×小票弱 3640  0.0589    0.1984
 熊×小票弱 1643 -0.0041    0.0463
 熊×小票弱 1851 -0.0025    0.0540
 熊×小票弱 2522 -0.0205    0.0262
 熊×小票弱 2639 -0.0050    0.0296
 熊×小票弱 3569  0.0359    0.1199
 熊×小票弱 3963  0.0287    0.1042
 熊×小票弱 2461 -0.0346    0.0228
 熊×小票弱 2234 -0.0006    0.0470
 熊×小票弱 2046  0.0546    0.1339
 熊×小票弱 3667 -0.0021    0.0458
 熊×小票弱 2012  0.0710    0.2251
 熊×小票弱 3847  0.0266    0.0788
 熊×小票弱 3805  0.0134    0.0565
 熊×小票弱 3855 -0.0259    0.0641
 熊×小票弱 2374 -0.0204    0.0223
 熊×小票弱 1971 -0.0259    0.0101
 熊×小票弱 2071  0.0282    0.0864
 熊×小票弱 2669 -0.0845    0.0109
 熊×小票弱 1841 -0.0120    0.0282
 熊×小票弱 4036 -0.0041    0.0882
 熊×小票弱 2355 -0.0298    0.0285
 熊×小票弱 2822 -0.0157    0.0156
 熊×小票弱 2812  0.0550    0.1871
 熊×小票弱 3787 -0.0203    0.0314
 熊×小票弱 4545  0.0408    0.0950
 熊×小票弱 2419 -0.0199    0.0248
 熊×小票弱 4005 -0.0052    0.0372
 熊×小票弱 2785 -0.0062    0.0262
 熊×小票弱 1732  0.0093    0.0727
 熊×小票弱 3071 -0.0412    0.0081
 熊×小票弱 3671  0.0459    0.1098
 熊×小票弱 3966  0.0225    0.0933
 熊×小票弱 1963 -0.0099    0.0357
 熊×小票弱 3811 -0.0045    0.0593
 熊×小票弱 1727  0.0311    0.1204
 熊×小票弱 3981 -0.0718    0.0226
 熊×小票弱 1940 -0.0040    0.0624
 熊×小票弱 2728 -0.0355    0.0136
 熊×小票弱 4190  0.0177    0.0814
 熊×小票弱 2920 -0.0326    0.0373
 熊×小票弱 1734  0.0188    0.0969
 熊×小票弱 4323 -0.0461    0.0511
 熊×小票弱 3869  0.0301    0.0845
 熊×小票弱 1737 -0.0260    0.0127
 熊×小票弱 4040  0.0098    0.0740
 熊×小票弱 2201  0.0045    0.0522
 熊×小票弱 2169 -0.0055    0.0231
 熊×小票弱 3845  0.0141    0.0718
 熊×小票弱 1782 -0.0059    0.0483
 熊×小票弱 2620 -0.0243    0.0198
 熊×小票弱 2213 -0.0072    0.0289
 熊×小票弱 1945 -0.0119    0.0283
 熊×小票弱 2342  0.0040    0.0427
 熊×小票弱 3770  0.0412    0.1154
 熊×小票弱 4012 -0.0012    0.0538
 熊×小票弱 3973 -0.0177    0.0360
 熊×小票弱 2593 -0.0186    0.0166
 熊×小票弱 3806 -0.0362    0.0360
 熊×小票弱 3778 -0.0007    0.0365
 熊×小票弱 3804 -0.0220    0.0284
 熊×小票弱 2797 -0.0485    0.0104
 熊×小票弱 2130 -0.0271    0.0113
 熊×小票弱 2521 -0.0038    0.0389
 熊×小票弱 2349 -0.0214    0.0162
 熊×小票弱 1924 -0.0315    0.0088
 熊×小票弱 2597 -0.0115    0.0216
 熊×小票弱 4169 -0.0394    0.0381
 熊×小票弱 4005  0.0132    0.0502
 熊×小票弱 1989 -0.0211    0.0196
 熊×小票弱 1833  0.0039    0.0900
 熊×小票弱 3797 -0.0369    0.0698
 熊×小票弱 3217 -0.0055    0.0448
 熊×小票弱 2974 -0.0081    0.0259
 熊×小票弱 1702 -0.0053    0.0388
 熊×小票弱 2186  0.0145    0.0654
 熊×小票弱 3612  0.0395    0.1035
 熊×小票弱 2894 -0.0513    0.0111
 熊×小票弱 4487  0.0162    0.0731
 熊×小票弱 2131 -0.0167    0.0160
 熊×小票弱 3665  0.0223    0.0761
 熊×小票弱 2681 -0.0034    0.0257
 熊×小票弱 3943  0.0081    0.0502
 熊×小票弱 2169 -0.0095    0.0327
 熊×小票弱 2606 -0.0334    0.0146
 熊×小票弱 1817 -0.0106    0.0281
 熊×小票弱 2050  0.0278    0.0698
 熊×小票弱 2059 -0.0062    0.0223
 熊×小票弱 2181 -0.0062    0.0243
 熊×小票弱 1768 -0.0146    0.0385
 熊×小票弱 2282 -0.0183    0.0136
 熊×小票弱 2048  0.0017    0.0386
 熊×小票弱 3851 -0.0282    0.0296
 熊×小票弱 2688  0.0247    0.0830
 熊×小票弱 3913  0.0308    0.0813
 熊×小票弱 1920 -0.0050    0.0344
 熊×小票弱 3052  0.0308    0.1163
 熊×小票弱 1716  0.0286    0.1072
 熊×小票弱 3997 -0.0432    0.0320
 熊×小票弱 2563 -0.0370    0.0160
 熊×小票弱 2156 -0.0245    0.0190
 熊×小票弱 1871  0.0265    0.0994
 熊×小票弱 2200  0.0217    0.0641
 熊×小票弱 2905 -0.0246    0.0134
 熊×小票弱 2573 -0.0261    0.0140
 熊×小票弱 3977  0.0201    0.0865
 熊×小票弱 4249 -0.0484    0.0704
 熊×小票弱 4252 -0.0106    0.0675
 熊×小票弱 4124  0.0184    0.1225
 熊×小票弱 3873 -0.0694    0.0289
 熊×小票弱 3717  0.0055    0.0398
 熊×小票弱 3703  0.0040    0.0370
 熊×小票弱 2398  0.0110    0.0446
 熊×小票弱 2813  0.0264    0.1084
 熊×小票弱 4056  0.0390    0.2192
 熊×小票弱 2745  0.0504    0.1872
 熊×小票弱 4406  0.0066    0.0588
 熊×小票弱 3895  0.0231    0.1271
 熊×小票弱 3854 -0.0463    0.0423
 熊×小票弱 3292  0.0285    0.0732
 熊×小票弱 3843 -0.0310    0.0375
 熊×小票弱 3552  0.0122    0.0487
 熊×小票弱 3817  0.0555    0.1782
 熊×小票弱 3441  0.0070    0.0439
 熊×小票弱 2826  0.0585    0.2633
 熊×小票弱 3023 -0.0734    0.0146
 熊×小票弱 2709  0.0392    0.1274
 熊×小票弱 2638 -0.0358    0.0178
 熊×小票弱 3785  0.0539    0.1947
 熊×小票弱 3951 -0.0210    0.0372
 熊×小票弱 2679  0.0118    0.0358
 熊×小票弱 2490 -0.0224    0.0165
 熊×小票弱 3835 -0.0618    0.0316
 熊×小票弱 2995  0.0446    0.1082
 熊×小票弱 2422 -0.0255    0.0153
 熊×小票弱 2619  0.0141    0.0664
 熊×小票弱 4067 -0.0260    0.0502
 熊×小票弱 3457  0.0064    0.0506
 熊×小票弱 2954 -0.1389    0.0027
 熊×小票弱 4128  0.0021    0.0516
 熊×小票弱 3364  0.0461    0.1448
 熊×小票弱 2404 -0.0091    0.0337
 熊×小票弱 3124  0.0076    0.0506
 熊×小票弱 3924  0.0008    0.0578
 熊×小票弱 3210  0.0183    0.0695
 熊×小票弱 2915  0.0996    0.4398
 熊×小票弱 4245  0.0797    0.3029
 熊×小票弱 3019  0.0572    0.1438
 熊×小票弱 4311  0.0005    0.0540
 熊×小票弱 3771  0.0141    0.0790
 熊×小票弱 2558 -0.1034    0.0184
 熊×小票弱 4187  0.0884    0.3938
 熊×小票弱 3786  0.0877    0.3698
 熊×小票弱 3965  0.1096    0.4446
 熊×小票弱 3021 -0.0112    0.1264
 熊×小票弱 3361  0.0483    0.2895
 熊×小票弱 3840  0.1506    0.5940
 熊×小票弱 3858  0.1153    0.5710
 熊×小票弱 2309 -0.0288    0.0238
 熊×小票弱 3131 -0.0732    0.0827
 熊×小票弱 3347  0.0136    0.0607
 熊×小票弱 3347 -0.0046    0.0526
 熊×小票弱 3114  0.0190    0.0559
 熊×小票弱 3816  0.0441    0.2206
 熊×小票弱 4099  0.0166    0.0627
 熊×小票弱 3563  0.0274    0.0749
 熊×小票弱 2937 -0.0198    0.0381
 熊×小票弱 3228  0.0205    0.0737
 熊×小票弱 4695  0.0580    0.1757
 熊×小票弱 3440  0.0268    0.0698
 熊×小票弱 3635  0.0470    0.1686
 熊×小票弱 4182  0.0288    0.1487
 熊×小票弱 3241  0.0194    0.0879
 熊×小票弱 3728 -0.0098    0.0488
 熊×小票弱 3424  0.0168    0.0730
 熊×小票弱 2786 -0.1707    0.0032
 熊×小票弱 4226  0.0386    0.0994
 熊×小票弱 3924  0.0348    0.1797
 熊×小票弱 1963  0.0188    0.0621
 熊×小票弱 3246  0.0491    0.0937
 熊×小票弱 2329  0.0306    0.0597
 熊×小票弱 2369  0.0226    0.0439
 熊×小票弱 2437 -0.0277    0.0176
 熊×小票弱 2748  0.0044    0.0357
 熊×小票弱 2710 -0.0201    0.0303
 熊×小票弱 4235  0.0084    0.0621
 熊×小票弱 2505 -0.0669    0.0088
 熊×小票弱 2472 -0.0347    0.0121
 熊×小票弱 3642  0.0328    0.1252
 熊×小票弱 2308  0.0552    0.1404
 熊×小票弱 2650  0.0012    0.0272
 熊×小票弱 4164 -0.0277    0.1006
 熊×小票弱 2615 -0.0455    0.0130
 熊×小票弱 2517  0.0201    0.0663
 熊×小票弱 2503 -0.0229    0.0168
 熊×小票弱 3277  0.0325    0.0836
 熊×小票弱 2266 -0.0278    0.0199
 熊×小票弱 1675 -0.0005    0.0501
 熊×小票弱 2434 -0.0011    0.0374
 熊×小票弱 3982  0.0305    0.1597
 熊×小票弱 3648 -0.0196    0.0540
 熊×小票弱 4082 -0.0034    0.1004
 熊×小票弱 2448 -0.0147    0.0274
 熊×小票弱 2545 -0.0054    0.0303
 熊×小票弱 3996 -0.0336    0.0533
 熊×小票弱 2766 -0.0026    0.0340
 熊×小票弱 1681  0.0061    0.0571
 熊×小票弱 1666  0.0038    0.0444
 熊×小票弱 1618  0.0128    0.0674
 熊×小票弱 3271  0.0633    0.2351
 熊×小票弱 2454 -0.0943    0.0090
 熊×小票弱 1926  0.0151    0.1028
 熊×小票弱 2649 -0.0406    0.0155
 熊×小票弱 3515 -0.0058    0.0450
 熊×小票弱 2121 -0.0296    0.0264
 熊×小票弱 2745  0.0262    0.0499
 熊×小票弱 3155 -0.1129    0.0029
 熊×小票弱 3898  0.0329    0.1213
 熊×小票弱 2414  0.0275    0.0824
 熊×小票弱 2523 -0.0243    0.0202
 熊×小票弱 3563 -0.0407    0.0334
 熊×小票弱 3391 -0.0125    0.0366
 熊×小票弱 3717 -0.0187    0.0398
 熊×小票弱 3959 -0.0660    0.0462
 熊×小票弱 3143  0.0103    0.0697
 熊×小票弱 3959  0.0333    0.0972
 熊×小票弱 2452 -0.0444    0.0204
 熊×小票弱 2443  0.0180    0.0594
 熊×小票弱 3241  0.0062    0.0531
 熊×小票弱 4086  0.0064    0.1194
 熊×小票弱 3353 -0.0028    0.0403
 熊×小票弱 3354 -0.0123    0.0337
 熊×小票弱 3990 -0.0078    0.1138
 熊×小票弱 4299  0.0005    0.0500
 熊×小票弱 3956 -0.0352    0.0518
 熊×小票弱 2387  0.0266    0.0842
 熊×小票弱 2508 -0.0555    0.0092
 熊×小票弱 3944 -0.0169    0.1083
 熊×小票弱 4020  0.0343    0.1002
 熊×小票弱 3334 -0.0151    0.0243
 熊×小票弱 2271  0.0249    0.0779
 熊×小票弱 2264  0.0125    0.0371
 熊×小票弱 2408 -0.0508    0.0125
 熊×小票弱 2602 -0.0069    0.0257
 熊×小票弱 2252 -0.0306    0.0289
 熊×小票弱 2335  0.0166    0.0433
 熊×小票弱 2278 -0.0211    0.0290
 熊×小票弱 2346 -0.0010    0.0384
 熊×小票弱 2518  0.0651    0.2089
 熊×小票强 3473  0.0284    0.1304
 熊×小票强 3857  0.0759    0.3013
 熊×小票强 3874  0.0470    0.1954
 熊×小票强 4266  0.0293    0.1153
 熊×小票强 3621  0.0081    0.0914
 熊×小票强 3613  0.0439    0.1370
 熊×小票强 3881  0.0208    0.0881
 熊×小票强 3922  0.0884    0.4003
 熊×小票强 4170 -0.0242    0.0393
 熊×小票强 3699 -0.0229    0.0397
 熊×小票强 3851  0.0564    0.1880
 熊×小票强 3915  0.0726    0.3188
 熊×小票强 3905  0.0373    0.1342
 牛×小票弱 4075  0.0227    0.0658
 牛×小票弱 1810 -0.0196    0.0337
 牛×小票弱 3228  0.0192    0.0517
 牛×小票弱 3745  0.0388    0.1164
 牛×小票弱 3757 -0.0268    0.0248
 牛×小票弱 3794  0.0881    0.3413
 牛×小票弱 4035 -0.0312    0.0273
 牛×小票弱 3958  0.0216    0.0730
 牛×小票弱 2888  0.0282    0.0641
 牛×小票弱 3344  0.1933    0.7503
 牛×小票弱 4221  0.0238    0.0801
 牛×小票弱 4179  0.0313    0.1390
 牛×小票弱 3552 -0.0097    0.0391
 牛×小票弱 2923 -0.0088    0.0356
 牛×小票弱 3719  0.0355    0.0949
 牛×小票弱 3780 -0.0127    0.0550
 牛×小票弱 3767 -0.0301    0.0242
 牛×小票弱 2889  0.0027    0.0291
 牛×小票弱 2993  0.3300    0.9739
 牛×小票弱 4572  0.0431    0.1089
 牛×小票弱 3665  0.0177    0.0638
 牛×小票弱 2736 -0.0011    0.0333
 牛×小票弱 4040 -0.0059    0.0614
 牛×小票弱 4281  0.0658    0.2212
 牛×小票弱 3884  0.0090    0.0445
 牛×小票弱 3321 -0.0421    0.0301
 牛×小票弱 3764  0.0165    0.0518
 牛×小票弱 3318 -0.0151    0.0338
 牛×小票弱 3975  0.0098    0.0465
 牛×小票弱 4073  0.0282    0.0825
 牛×小票弱 3063  0.0396    0.1254
 牛×小票弱 4334 -0.0638    0.0192
 牛×小票弱 4266 -0.0033    0.0485
 牛×小票弱 4102  0.0143    0.0619
 牛×小票弱 2948 -0.0095    0.0305
 牛×小票弱 3851  0.0164    0.0613
 牛×小票弱 4246 -0.0498    0.0233
 牛×小票弱 4269  0.0232    0.0839
 牛×小票弱 1893 -0.0087    0.0222
 牛×小票弱 4404  0.0324    0.0947
 牛×小票弱 4166  0.0010    0.0454
 牛×小票弱 4566 -0.0092    0.0482
 牛×小票弱 4545 -0.0046    0.0418
 牛×小票弱 3856  0.0352    0.1206
 牛×小票弱 4551  0.0056    0.0789
 牛×小票弱 4237 -0.0230    0.0304
 牛×小票弱 3891  0.0188    0.0794
 牛×小票弱 4089  0.0326    0.0915
 牛×小票弱 2883 -0.0310    0.0239
 牛×小票弱 4281  0.0169    0.0659
 牛×小票弱 4300  0.0061    0.0640
 牛×小票弱 4426  0.0555    0.2221
 牛×小票弱 4294  0.0089    0.0538
 牛×小票弱 4316  0.0227    0.0827
 牛×小票弱 3927  0.0004    0.0405
 牛×小票弱 4266  0.0257    0.0968
 牛×小票弱 4261  0.0039    0.0537
 牛×小票弱 4795 -0.0215    0.0530
 牛×小票弱 1919  0.0128    0.0328
 牛×小票弱 4108  0.0319    0.0845
 牛×小票弱 1800  0.0013    0.0300
 牛×小票弱 4304  0.0256    0.1122
 牛×小票弱 3314 -0.0359    0.0247
 牛×小票弱 4376 -0.0294    0.0532
 牛×小票弱 3021 -0.0181    0.0252
 牛×小票弱 4107 -0.0123    0.0387
 牛×小票弱 3736  0.0174    0.0495
 牛×小票弱 4331  0.0369    0.1279
 牛×小票弱 1812 -0.0098    0.0397
 牛×小票弱 3915  0.0213    0.0687
 牛×小票弱 2814 -0.0215    0.0206
 牛×小票弱 4206 -0.0360    0.0245
 牛×小票弱 1979 -0.0015    0.0288
 牛×小票弱 3790  0.0096    0.0509
 牛×小票弱 3417  0.0094    0.0626
 牛×小票弱 4310  0.0076    0.0483
 牛×小票弱 2488  0.0043    0.0426
 牛×小票弱 4031  0.0249    0.1025
 牛×小票弱 1872 -0.0412    0.0411
 牛×小票弱 4048  0.0077    0.0462
 牛×小票弱 3106 -0.0053    0.0628
 牛×小票弱 4315  0.0140    0.0508
 牛×小票弱 1796 -0.0583    0.0418
 牛×小票弱 3941  0.0141    0.0546
 牛×小票弱 4193 -0.0336    0.0253
 牛×小票弱 3785  0.0098    0.0531
 牛×小票弱 3958  0.0161    0.0682
 牛×小票弱 4338  0.0575    0.2218
 牛×小票弱 4472  0.0255    0.1002
 牛×小票弱 4023  0.0064    0.0567
 牛×小票弱 4131 -0.0388    0.0579
 牛×小票弱 4175 -0.0095    0.0407
 牛×小票弱 3239 -0.0381    0.0228
 牛×小票弱 4594 -0.0015    0.0549
 牛×小票弱 3838  0.0161    0.0730
 牛×小票弱 2964 -0.0047    0.0577
 牛×小票弱 3755 -0.0380    0.0250
 牛×小票弱 1810  0.0102    0.0514
 牛×小票弱 3881  0.0249    0.0840
 牛×小票弱 2928  0.0025    0.0307
 牛×小票弱 3920 -0.0154    0.0365
 牛×小票弱 3841  0.0280    0.0942
 牛×小票弱 1694  0.0208    0.0915
 牛×小票弱 4113  0.0153    0.0635
 牛×小票弱 2801  0.0091    0.0403
 牛×小票弱 3896 -0.0092    0.0364
 牛×小票弱 2721 -0.0321    0.0147
 牛×小票弱 4246 -0.0515    0.0257
 牛×小票弱 4392  0.0376    0.1446
 牛×小票弱 3441  0.0179    0.0657
 牛×小票弱 4240  0.0341    0.0946
 牛×小票弱 3807 -0.0337    0.0208
 牛×小票弱 3718  0.0127    0.0533
 牛×小票弱 1815 -0.0392    0.0270
 牛×小票弱 3533  0.0048    0.0481
 牛×小票弱 4238 -0.0358    0.0269
 牛×小票弱 2779 -0.0109    0.0446
 牛×小票弱 1647  0.0029    0.0249
 牛×小票弱 2845 -0.0231    0.0271
 牛×小票弱 4321 -0.0044    0.0930
 牛×小票弱 4330  0.0422    0.1797
 牛×小票弱 4182  0.0078    0.0887
 牛×小票弱 4036  0.0016    0.0404
 牛×小票弱 4053  0.0186    0.0881
 牛×小票弱 2843 -0.0219    0.0264
 牛×小票弱 4364  0.0333    0.0896
 牛×小票弱 1832 -0.0199    0.0404
 牛×小票弱 3402  0.0247    0.0794
 牛×小票弱 4203 -0.0174    0.0388
 牛×小票弱 3196 -0.0347    0.0238
 牛×小票弱 3950  0.0132    0.0478
 牛×小票弱 4141 -0.0252    0.0710
 牛×小票弱 3863  0.0215    0.0634
 牛×小票弱 4272  0.0415    0.1536
 牛×小票弱 1862 -0.0291    0.0349
 牛×小票弱 4316  0.0018    0.0642
 牛×小票弱 4382 -0.0059    0.0792
 牛×小票弱 2764 -0.0138    0.0398
 牛×小票弱 4625  0.0278    0.0798
 牛×小票弱 3879 -0.0234    0.0436
 牛×小票弱 1728  0.0024    0.0179
 牛×小票弱 2954 -0.0313    0.0234
 牛×小票弱 3782  0.0215    0.1047
 牛×小票弱 4321 -0.0150    0.0502
 牛×小票弱 3027 -0.0217    0.0185
 牛×小票弱 3734  0.0088    0.0458
 牛×小票弱 4433  0.0037    0.0900
 牛×小票弱 4361  0.0196    0.0968
 牛×小票弱 4473  0.0142    0.0785
 牛×小票弱 2782  0.0329    0.0935
 牛×小票弱 3905 -0.0355    0.0190
 牛×小票弱 3774  0.0017    0.0435
 牛×小票弱 3850 -0.0028    0.0470
 牛×小票弱 4579 -0.0008    0.0651
 牛×小票弱 3998  0.0040    0.0488
 牛×小票弱 4381 -0.0104    0.0742
 牛×小票弱 1822  0.0220    0.0516
 牛×小票弱 3255  0.1472    0.6025
 牛×小票弱 3100 -0.0093    0.0216
 牛×小票弱 3652  0.0182    0.0693
 牛×小票弱 1924 -0.0120    0.0275
 牛×小票弱 3958 -0.0217    0.0422
 牛×小票弱 3889 -0.0164    0.0293
 牛×小票弱 4701  0.0090    0.0908
 牛×小票弱 3276 -0.0500    0.0168
 牛×小票弱 4243  0.0387    0.1306
 牛×小票弱 4005 -0.0131    0.0594
 牛×小票弱 3761  0.0135    0.0670
 牛×小票弱 4436  0.0356    0.1159
 牛×小票弱 4436 -0.0088    0.0618
 牛×小票弱 3585 -0.0074    0.0483
 牛×小票弱 4492 -0.0279    0.0439
 牛×小票弱 3800  0.0428    0.1539
 牛×小票弱 3583  0.0030    0.0681
 牛×小票弱 3875 -0.0491    0.0199
 牛×小票弱 3876 -0.0083    0.0317
 牛×小票弱 1793 -0.0262    0.0480
 牛×小票弱 3966  0.0218    0.1137
 牛×小票弱 4000 -0.0117    0.0795
 牛×小票弱 3936  0.0220    0.0983
 牛×小票弱 3612  0.0426    0.1636
 牛×小票弱 4058  0.0519    0.1809
 牛×小票弱 4244  0.0355    0.1287
 牛×小票弱 3347  0.0241    0.0675
 牛×小票弱 3984  0.0474    0.1453
 牛×小票弱 4609 -0.0268    0.0425
 牛×小票弱 3971  0.0408    0.1491
 牛×小票弱 4594 -0.0210    0.0440
 牛×小票弱 3164  0.0324    0.0831
 牛×小票弱 4209 -0.0271    0.0447
 牛×小票弱 4090  0.0499    0.1689
 牛×小票弱 3413  0.0614    0.2045
 牛×小票弱 3513  0.0599    0.1753
 牛×小票弱 4189  0.0867    0.3223
 牛×小票弱 3154 -0.0718    0.0114
 牛×小票弱 3286 -0.0277    0.0313
 牛×小票弱 3711  0.0471    0.1571
 牛×小票弱 4337 -0.0800    0.0166
 牛×小票弱 4173 -0.0285    0.0352
 牛×小票弱 4046  0.0033    0.0541
 牛×小票弱 4469 -0.0462    0.0217
 牛×小票弱 3446 -0.0309    0.0316
 牛×小票弱 3086  0.0360    0.0949
 牛×小票弱 3084  0.0130    0.0850
 牛×小票弱 3878  0.0495    0.1738
 牛×小票弱 3610  0.0625    0.1873
 牛×小票弱 3707  0.0359    0.1387
 牛×小票弱 4397 -0.0365    0.0346
 牛×小票弱 3722  0.0226    0.0927
 牛×小票弱 3575  0.0277    0.0920
 牛×小票弱 4525  0.0186    0.0933
 牛×小票弱 4701 -0.0067    0.0649
 牛×小票弱 4448 -0.0081    0.0456
 牛×小票弱 3686 -0.0146    0.0366
 牛×小票弱 4413  0.0294    0.0963
 牛×小票弱 3866 -0.0183    0.0372
 牛×小票弱 2805 -0.0181    0.0200
 牛×小票弱 3949  0.0346    0.1175
 牛×小票弱 4643 -0.0263    0.0416
 牛×小票弱 3185 -0.0298    0.0163
 牛×小票弱 3703  0.0041    0.0497
 牛×小票弱 3770 -0.0089    0.0326
 牛×小票弱 4306  0.0309    0.1054
 牛×小票弱 2844 -0.0322    0.0236
 牛×小票弱 3979 -0.0080    0.0611
 牛×小票弱 4790 -0.0371    0.0330
 牛×小票弱 4089  0.0141    0.0594
 牛×小票弱 2212  0.0091    0.0353
 牛×小票弱 4568  0.0252    0.0817
 牛×小票弱 4513 -0.0132    0.0507
 牛×小票弱 2714  0.0069    0.0361
 牛×小票弱 1847 -0.0044    0.0206
 牛×小票弱 3798  0.0084    0.0469
 牛×小票弱 3949 -0.0145    0.0428
 牛×小票弱 3960 -0.0119    0.0487
 牛×小票弱 4240 -0.0058    0.0533
 牛×小票弱 4537 -0.0097    0.0403
 牛×小票弱 3814  0.0169    0.0676
 牛×小票弱 3820  0.0135    0.0730
 牛×小票弱 4591 -0.0047    0.0656
 牛×小票弱 4346  0.0162    0.0683
 牛×小票弱 2900 -0.0041    0.0307
 牛×小票弱 4430  0.0101    0.0682
 牛×小票弱 4438 -0.0027    0.0813
 牛×小票弱 4522 -0.0210    0.0586
 牛×小票弱 3800 -0.0158    0.0305
 牛×小票弱 3768 -0.0068    0.0430
 牛×小票弱 3786 -0.0189    0.0330
 牛×小票弱 3629  0.0224    0.1036
 牛×小票弱 3536  0.0316    0.1332
 牛×小票弱 1951 -0.0099    0.0236
 牛×小票弱 3628  0.0274    0.0896
 牛×小票弱 3092  0.0342    0.0967
 牛×小票弱 4347  0.0160    0.0536
 牛×小票弱 2703 -0.0142    0.0329
 牛×小票弱 1855  0.0154    0.0474
 牛×小票弱 3329 -0.0263    0.0258
 牛×小票弱 3954  0.0233    0.0701
 牛×小票弱 4650  0.0072    0.0763
 牛×小票弱 4388  0.0062    0.0791
 牛×小票弱 2017 -0.0140    0.0228
 牛×小票弱 4217  0.0084    0.0524
 牛×小票弱 1910 -0.0134    0.0267
 牛×小票弱 3942 -0.0078    0.0439
 牛×小票弱 3620  0.0347    0.1227
 牛×小票弱 4591  0.0342    0.1516
 牛×小票弱 3913  0.0275    0.0856
 牛×小票弱 4292 -0.0177    0.0655
 牛×小票弱 1789  0.0251    0.0743
 牛×小票弱 4593 -0.0169    0.0370
 牛×小票弱 1923 -0.0180    0.0260
 牛×小票弱 3991  0.0241    0.0812
 牛×小票弱 3753  0.0116    0.0538
 牛×小票弱 4481 -0.0057    0.0556
 牛×小票弱 4116 -0.0038    0.0408
 牛×小票弱 4042 -0.0530    0.0247
 牛×小票弱 3894 -0.0412    0.0241
 牛×小票弱 4682 -0.0403    0.0248
 牛×小票弱 3911 -0.0046    0.0483
 牛×小票弱 3146 -0.0221    0.0280
 牛×小票弱 3999  0.0225    0.1025
 牛×小票弱 3915  0.0304    0.0679
 牛×小票弱 4217 -0.0070    0.0451
 牛×小票弱 4051 -0.0096    0.0348
 牛×小票弱 2545 -0.0224    0.0157
 牛×小票弱 3169 -0.0112    0.0360
 牛×小票弱 2228 -0.0230    0.0310
 牛×小票弱 1906 -0.0023    0.0540
 牛×小票弱 2121 -0.0328    0.0108
 牛×小票弱 4187 -0.0240    0.0267
 牛×小票弱 4050  0.0082    0.0711
 牛×小票弱 2687 -0.0044    0.0454
 牛×小票弱 2162  0.0244    0.0698
 牛×小票弱 3162  0.0114    0.0525
 牛×小票弱 1955 -0.0200    0.0256
 牛×小票弱 1842 -0.0031    0.0385
 牛×小票弱 2624 -0.0474    0.0149
 牛×小票弱 3730 -0.0125    0.0362
 牛×小票弱 4283 -0.0213    0.0577
 牛×小票弱 3729 -0.1089    0.0265
 牛×小票弱 3138 -0.0263    0.0159
 牛×小票弱 2597 -0.0629    0.0142
 牛×小票弱 2278 -0.0318    0.0154
 牛×小票弱 4079 -0.0360    0.0478
 牛×小票弱 1749  0.0175    0.1075
 牛×小票弱 2518 -0.0019    0.0214
 牛×小票弱 2327 -0.0409    0.0146
 牛×小票弱 4394  0.0014    0.0480
 牛×小票弱 2368 -0.0017    0.0359
 牛×小票弱 4432 -0.0044    0.0986
 牛×小票弱 3368  0.0480    0.1197
 牛×小票弱 2806 -0.0027    0.0249
 牛×小票弱 4141  0.0087    0.0567
 牛×小票弱 4224  0.0184    0.0661
 牛×小票弱 4017  0.0042    0.0767
 牛×小票弱 2496  0.0043    0.0697
 牛×小票弱 2974  0.0310    0.0807
 牛×小票弱 1679  0.0288    0.1084
 牛×小票弱 1776 -0.0113    0.0400
 牛×小票弱 4297 -0.0263    0.0607
 牛×小票弱 1955 -0.0276    0.0184
 牛×小票弱 3536  0.0192    0.0515
 牛×小票弱 3955 -0.0008    0.0369
 牛×小票弱 1624 -0.0119    0.0320
 牛×小票弱 2512 -0.0498    0.0183
 牛×小票弱 1684 -0.0001    0.0570
 牛×小票弱 4736 -0.1128    0.0125
 牛×小票弱 2188  0.0095    0.0503
 牛×小票弱 2389 -0.0429    0.0126
 牛×小票弱 4129  0.0129    0.0763
 牛×小票弱 4249  0.0098    0.0647
 牛×小票弱 2814  0.0343    0.1002
 牛×小票弱 4183  0.0440    0.1403
 牛×小票弱 4068  0.0226    0.1448
 牛×小票弱 2434 -0.0253    0.0181
 牛×小票弱 4114 -0.1006    0.0163
 牛×小票弱 4307  0.0044    0.0506
 牛×小票弱 4521  0.0468    0.1234
 牛×小票弱 2018 -0.0245    0.0139
 牛×小票弱 1868  0.0185    0.0862
 牛×小票弱 3376 -0.0845    0.0154
 牛×小票弱 2014  0.0061    0.0318
 牛×小票弱 4136 -0.0537    0.0191
 牛×小票弱 4144 -0.0429    0.0212
 牛×小票弱 3282 -0.0149    0.0347
 牛×小票弱 3217  0.0193    0.0491
 牛×小票弱 2138  0.0016    0.0281
 牛×小票弱 4107  0.0027    0.0458
 牛×小票弱 4603 -0.0030    0.0567
 牛×小票弱 4183  0.0198    0.0803
 牛×小票弱 3050 -0.0359    0.0384
 牛×小票弱 1753 -0.0115    0.0331
 牛×小票弱 2614  0.0402    0.1197
 牛×小票弱 2145  0.0029    0.0415
 牛×小票弱 1796 -0.0064    0.0440
 牛×小票弱 1794  0.0130    0.0808
 牛×小票弱 3712 -0.0205    0.0234
 牛×小票弱 2372 -0.0097    0.0232
 牛×小票弱 1990 -0.0108    0.0171
 牛×小票弱 4724 -0.0192    0.0351
 牛×小票弱 3635 -0.0367    0.0325
 牛×小票弱 2262 -0.0040    0.0349
 牛×小票弱 3242 -0.0010    0.0447
 牛×小票弱 3769  0.0018    0.0459
 牛×小票弱 2193  0.0142    0.0739
 牛×小票弱 2570  0.0085    0.0572
 牛×小票弱 2883 -0.0352    0.0309
 牛×小票弱 2112 -0.0014    0.0369
 牛×小票弱 4073  0.0049    0.0516
 牛×小票弱 2362 -0.0439    0.0165
 牛×小票弱 1982  0.0078    0.0479
 牛×小票弱 2140  0.0100    0.0374
 牛×小票弱 1741  0.0019    0.0523
 牛×小票弱 2601 -0.0494    0.0161
 牛×小票弱 4219 -0.0567    0.0256
 牛×小票弱 1963 -0.0243    0.0209
 牛×小票弱 2478  0.0157    0.0787
 牛×小票弱 4060 -0.0855    0.0190
 牛×小票弱 2335 -0.0127    0.0283
 牛×小票弱 2074 -0.0119    0.0188
 牛×小票弱 1868 -0.0333    0.0080
 牛×小票弱 1897 -0.0108    0.0501
 牛×小票弱 2017  0.0145    0.0511
 牛×小票弱 4273  0.0480    0.1414
 牛×小票弱 2765  0.0224    0.0571
 牛×小票弱 2259 -0.0323    0.0195
 牛×小票弱 3956  0.0160    0.0928
 牛×小票弱 3096 -0.0010    0.0268
 牛×小票弱 4051  0.0141    0.0580
 牛×小票弱 3785  0.0349    0.0753
 牛×小票弱 2024 -0.0260    0.0114
 牛×小票弱 2774 -0.0145    0.0209
 牛×小票弱 4237  0.0074    0.0474
 牛×小票弱 4096  0.0074    0.0781
 牛×小票弱 3494 -0.0143    0.0372
 牛×小票弱 2127  0.1500    0.7701
 牛×小票弱 3954  0.0171    0.0478
 牛×小票弱 3404  0.0202    0.0684
 牛×小票弱 3619 -0.0967    0.0257
 牛×小票弱 2676 -0.0305    0.0127
 牛×小票弱 2788  0.0000    0.0312
 牛×小票弱 2578 -0.0421    0.0190
 牛×小票弱 4118 -0.0417    0.0296
 牛×小票弱 1952 -0.0115    0.0435
 牛×小票弱 2390  0.0904    0.3519
 牛×小票弱 3621 -0.0928    0.0130
 牛×小票弱 4248 -0.0077    0.0518
 牛×小票弱 2003 -0.0065    0.0275
 牛×小票弱 3971  0.0308    0.1242
 牛×小票弱 4027 -0.0073    0.0606
 牛×小票弱 1727  0.0067    0.0654
 牛×小票弱 3261 -0.0769    0.0319
 牛×小票弱 1676  0.0119    0.0770
 牛×小票弱 1745  0.0203    0.0888
 牛×小票弱 3709 -0.0179    0.0288
 牛×小票弱 2633 -0.0234    0.0338
 牛×小票弱 1690 -0.0287    0.0243
 牛×小票弱 2864  0.0126    0.0443
 牛×小票弱 3809  0.0041    0.0551
 牛×小票弱 2915 -0.0983    0.0144
 牛×小票弱 4117 -0.0014    0.0476
 牛×小票弱 4262  0.0097    0.0589
 牛×小票弱 4055 -0.0196    0.0291
 牛×小票弱 1992  0.0062    0.0422
 牛×小票弱 4087 -0.0414    0.0274
 牛×小票弱 4241 -0.0115    0.0556
 牛×小票弱 4222  0.0013    0.0578
 牛×小票弱 3604 -0.0349    0.0236
 牛×小票弱 3710  0.0207    0.0539
 牛×小票弱 3471  0.0460    0.1106
 牛×小票弱 2594 -0.0252    0.0146
 牛×小票弱 4119 -0.0030    0.0396
 牛×小票弱 1848 -0.0166    0.0168
 牛×小票弱 4306 -0.0414    0.0469
 牛×小票弱 3964  0.0288    0.0923
 牛×小票弱 2051  0.0217    0.0629
 牛×小票弱 3750  0.0211    0.0989
 牛×小票弱 2921  0.0013    0.0445
 牛×小票弱 1748 -0.0064    0.0435
 牛×小票弱 4203 -0.0278    0.0371
 牛×小票弱 4323 -0.0208    0.0319
 牛×小票弱 4258 -0.0342    0.0409
 牛×小票弱 1788 -0.0018    0.0470
 牛×小票弱 4085  0.0443    0.1268
 牛×小票弱 2070  0.0106    0.0541
 牛×小票弱 4272 -0.0030    0.0538
 牛×小票弱 3647 -0.0043    0.0439
 牛×小票弱 4080  0.0355    0.0998
 牛×小票弱 3906  0.0380    0.1119
 牛×小票弱 2781  0.0142    0.0521
 牛×小票弱 1920  0.0078    0.0547
 牛×小票弱 2930 -0.0249    0.0160
 牛×小票弱 4029 -0.0059    0.0541
 牛×小票弱 1887 -0.0223    0.0228
 牛×小票弱 3162  0.0179    0.0661
 牛×小票弱 1729 -0.0067    0.0428
 牛×小票弱 1854 -0.0047    0.0523
 牛×小票弱 1740 -0.0017    0.0609
 牛×小票弱 3711  0.0132    0.0550
 牛×小票弱 1728 -0.0171    0.0185
 牛×小票弱 2152 -0.0075    0.0260
 牛×小票弱 1929 -0.0001    0.0430
 牛×小票弱 2234 -0.0102    0.0210
 牛×小票弱 2893  0.0226    0.0595
 牛×小票弱 3810  0.0121    0.0606
 牛×小票弱 3940  0.0224    0.0558
 牛×小票弱 3745 -0.0304    0.0278
 牛×小票弱 3793  0.0080    0.0438
 牛×小票弱 3776 -0.0116    0.0387
 牛×小票弱 2127 -0.0077    0.0188
 牛×小票弱 1936 -0.0097    0.0279
 牛×小票弱 2640 -0.0125    0.0239
 牛×小票弱 1718  0.0283    0.1042
 牛×小票弱 3666 -0.0133    0.0341
 牛×小票弱 1790 -0.0087    0.0425
 牛×小票弱 4427  0.0077    0.0637
 牛×小票弱 4556  0.0388    0.0889
 牛×小票弱 2419  0.0058    0.0488
 牛×小票弱 4284  0.0095    0.0567
 牛×小票弱 1643  0.0169    0.0755
 牛×小票弱 3098  0.0150    0.0600
 牛×小票弱 3702  0.0099    0.0727
 牛×小票弱 1803  0.0264    0.0993
 牛×小票弱 2923  0.0122    0.0380
 牛×小票弱 4335  0.0213    0.0717
 牛×小票弱 2877  0.0093    0.0355
 牛×小票弱 3858  0.0619    0.2068
 牛×小票弱 3843  0.0187    0.0736
 牛×小票弱 1762  0.0132    0.0448
 牛×小票弱 4074  0.0124    0.0444
 牛×小票弱 1770  0.0009    0.0418
 牛×小票弱 2799 -0.0055    0.0236
 牛×小票弱 3188  0.0004    0.0486
 牛×小票弱 2035 -0.0282    0.0167
 牛×小票弱 4263 -0.0104    0.0575
 牛×小票弱 2599 -0.0081    0.0223
 牛×小票弱 4348  0.0181    0.0734
 牛×小票弱 4245 -0.0423    0.0367
 牛×小票弱 2070  0.2744    0.9739
 牛×小票弱 4215  0.0281    0.0985
 牛×小票弱 4296  0.0075    0.0605
 牛×小票弱 4407 -0.0341    0.0340
 牛×小票弱 4238 -0.0380    0.0446
 牛×小票弱 3599  0.0204    0.0697
 牛×小票弱 1817 -0.0510    0.0363
 牛×小票弱 3786 -0.0341    0.0351
 牛×小票弱 1816  0.0017    0.0716
 牛×小票弱 3640 -0.1211    0.0113
 牛×小票弱 3002  0.0102    0.0466
 牛×小票弱 1907  0.0077    0.0540
 牛×小票弱 3702 -0.0222    0.0484
 牛×小票弱 3611 -0.0002    0.0498
 牛×小票弱 4197  0.0075    0.0655
 牛×小票弱 4073  0.0101    0.0818
 牛×小票弱 4015  0.0326    0.1163
 牛×小票弱 2798  0.0121    0.0429
 牛×小票弱 3827  0.0456    0.1265
 牛×小票弱 3855  0.0402    0.1149
 牛×小票弱 3281  0.0295    0.0969
 牛×小票弱 4098  0.0085    0.0627
 牛×小票弱 4162  0.0010    0.0673
 牛×小票弱 2055  0.0021    0.0409
 牛×小票弱 3767  0.0225    0.0934
 牛×小票弱 4248 -0.0195    0.0313
 牛×小票弱 4223  0.0050    0.0613
 牛×小票弱 2619  0.0229    0.0596
 牛×小票弱 4200 -0.0143    0.0407
 牛×小票弱 4252 -0.0271    0.0282
 牛×小票弱 4198  0.0195    0.0879
 牛×小票弱 4094  0.0121    0.0784
 牛×小票弱 2927 -0.0105    0.0253
 牛×小票弱 2051  0.0194    0.0687
 牛×小票弱 2059 -0.0135    0.0262
 牛×小票弱 2420 -0.0173    0.0140
 牛×小票弱 3918  0.0459    0.1432
 牛×小票弱 1744  0.0206    0.0877
 牛×小票弱 4028 -0.0111    0.0338
 牛×小票弱 1803 -0.0514    0.0388
 牛×小票弱 3117  0.0083    0.0327
 牛×小票弱 3669  0.0577    0.1600
 牛×小票弱 2262 -0.0233    0.0172
 牛×小票弱 3617  0.0055    0.0395
 牛×小票弱 4175 -0.0459    0.0505
 牛×小票弱 1588  0.0165    0.0800
 牛×小票弱 3994 -0.0281    0.0210
 牛×小票弱 3853  0.0008    0.0633
 牛×小票弱 4132  0.0155    0.0753
 牛×小票弱 3925  0.0345    0.1195
 牛×小票弱 1935  0.0121    0.0682
 牛×小票弱 4148 -0.0264    0.0248
 牛×小票弱 4262  0.0297    0.1016
 牛×小票弱 1842  0.0193    0.0662
 牛×小票弱 2058 -0.0217    0.0248
 牛×小票弱 1883 -0.0125    0.0228
 牛×小票弱 4281 -0.0217    0.0500
 牛×小票弱 2584 -0.0315    0.0193
 牛×小票弱 2143  0.0318    0.0719
 牛×小票弱 2962  0.0329    0.0800
 牛×小票弱 3503  0.0308    0.0973
 牛×小票弱 1828 -0.0252    0.0175
 牛×小票弱 4201 -0.0152    0.0600
 牛×小票强 3170  0.0404    0.1161
 牛×小票强 3924  0.0113    0.0591

saved -> D:/AMINQT/Daily Operation/STOCK LIST/_gate_regime_split_20260910.txt
