========================================================================
A. 金额闸 — parallel TOP10: 含<8000万带 vs 剔除<8000万带 (23日, 初步)
========================================================================
日数=24, <8000万带进TOP10: 19日, 均4.0只/日
TOP10(含低带) FWD5日均=+0.0075 | 剔低带TOP10 FWD5日均=+0.0093 | 低带成员自身FWD5=+0.0134
配对日delta中位=+0.0019, 正日占比=38% (正=低带有贡献)
FWD10 (仅≤0826信号有效): 含=+0.0134 剔=+0.0134

========================================================================
B. 一字板剔除 — 一字涨停票的次日成交现实与后续收益 (近250td, 池语境额>=5e7)
========================================================================
一字涨停(额>=5e7) 事件: 753 起/近1年; 连板一字占比 60%
T+1 仍一字(买不进): 24%
T+1 开盘可成交(开<涨停价且非一字): 58%

池基线(额>=5e7全样本): FWD5=+0.0011 FWD10=+0.0020 hit5(FWD5>=10%)=7.6%

--- 全部一字: n=753, 可成交n=434
    可成交者 T+1开盘进场 FWD5=-0.0279 (中位-0.0412) hit10%=15.4%
    可成交者 T+1开盘进场 FWD10=-0.0369 hit10%=15.0%
    理论(T+1收盘能买) FWD5=+0.0087 FWD10=-0.0002

--- 首板一字: n=304, 可成交n=209
    可成交者 T+1开盘进场 FWD5=-0.0288 (中位-0.0345) hit10%=12.0%
    可成交者 T+1开盘进场 FWD10=-0.0407 hit10%=12.4%
    理论(T+1收盘能买) FWD5=+0.0075 FWD10=-0.0042

--- 连板一字: n=449, 可成交n=225
    可成交者 T+1开盘进场 FWD5=-0.0271 (中位-0.0512) hit10%=18.7%
    可成交者 T+1开盘进场 FWD10=-0.0333 hit10%=17.3%
    理论(T+1收盘能买) FWD5=+0.0098 FWD10=+0.0037

saved -> D:/AMINQT/Daily Operation/STOCK LIST/_gate_removal_top10_20260910.txt
