[queue:retrain:a1] 21:03:36 conflicts=2 first=_dual_pkg_finaltop_compare.py free=3.3GB
[queue:retrain:a1] 21:06:37 conflicts=2 first=_dual_pkg_finaltop_compare.py free=2.1GB
[queue:retrain:a1] 21:09:39 conflicts=2 first=_train_legacy_prob_head.py free=0.0GB
[queue:retrain:a1] 21:12:41 conflicts=2 first=_gen_legacy_list.py free=5.3GB
[queue:retrain:a1] 21:15:44 conflicts=2 first=_gen_legacy_list.py free=2.7GB
[queue:retrain:a1] 21:18:46 conflicts=2 first=_gen_legacy_list.py free=2.1GB
[queue:retrain:a1] 21:21:48 conflicts=2 first=_gen_legacy_list.py free=3.6GB
[queue:retrain:a1] 21:24:50 conflicts=2 first=_gen_legacy_list.py free=1.9GB
[queue:retrain:a1] 21:27:52 conflicts=2 first=_gen_legacy_list.py free=2.7GB
[queue:retrain:a1] 21:30:55 conflicts=2 first=_gen_legacy_list.py free=6.0GB
[queue:retrain:a1] 21:33:57 conflicts=2 first=_gen_legacy_list.py free=2.8GB
[queue:retrain:a1] 21:36:59 conflicts=2 first=_gen_legacy_list.py free=2.0GB
[queue:retrain:a1] 21:40:01 conflicts=2 first=_gen_legacy_list.py free=2.2GB
[queue:retrain:a1] 21:43:03 conflicts=1 first=run_daily_automation.py free=9.7GB
[queue:retrain:a1] 21:46:05 conflicts=1 first=run_daily_automation.py free=8.2GB
[queue:retrain:a1] 21:49:07 conflicts=1 first=_refresh_parallel_checkpoints.py free=6.4GB
[queue:retrain:a1] 21:52:09 conflicts=1 first=_refresh_parallel_checkpoints.py free=5.9GB
[queue:retrain:a1] 21:55:11 conflicts=1 first=_refresh_parallel_checkpoints.py free=4.1GB
[queue:retrain:a1] 21:58:13 conflicts=1 first=_refresh_parallel_checkpoints.py free=4.2GB
[queue:retrain:a1] 22:01:15 conflicts=1 first=_refresh_parallel_checkpoints.py free=7.0GB
[queue:retrain:a1] 22:04:17 conflicts=1 first=_refresh_parallel_checkpoints.py free=4.1GB
[queue:retrain:a1] 22:07:19 conflicts=1 first=_refresh_parallel_checkpoints.py free=1.9GB
[queue:retrain:a1] 22:10:21 conflicts=1 first=_refresh_parallel_checkpoints.py free=2.4GB
[queue:retrain:a1] 22:13:23 conflicts=1 first=_refresh_parallel_checkpoints.py free=3.1GB
[queue:retrain:a1] 22:16:26 conflicts=1 first=_refresh_parallel_checkpoints.py free=0.6GB
[queue:retrain:a1] 22:19:28 conflicts=1 first=_refresh_parallel_checkpoints.py free=7.0GB
[queue:retrain:a1] 22:23:00 conflicts=1 first=_refresh_parallel_checkpoints.py free=3.3GB
[queue:retrain:a1] 22:26:04 conflicts=1 first=_refresh_parallel_checkpoints.py free=0.4GB
[queue:retrain:a1] 22:29:06 conflicts=1 first=_refresh_parallel_checkpoints.py free=3.1GB
[queue:retrain:a1] 22:32:08 conflicts=1 first=_refresh_parallel_checkpoints.py free=0.6GB
[queue:retrain:a1] 22:35:10 conflicts=1 first=_refresh_parallel_checkpoints.py free=0.9GB
[queue:retrain:a1] 22:38:11 conflicts=1 first=_refresh_parallel_checkpoints.py free=0.5GB
[queue:retrain:a1] 22:41:13 conflicts=1 first=_refresh_parallel_checkpoints.py free=4.5GB
[queue:retrain:a1] 22:44:15 conflicts=1 first=_refresh_parallel_checkpoints.py free=1.1GB
[queue:retrain:a1] 22:47:18 conflicts=1 first=_refresh_parallel_checkpoints.py free=0.0GB
[queue:retrain:a1] 22:50:21 conflicts=1 first=_refresh_parallel_checkpoints.py free=0.1GB
[queue:retrain:a1] 22:53:23 conflicts=1 first=_refresh_parallel_checkpoints.py free=1.6GB
[queue:retrain:a1] 22:56:24 conflicts=1 first=_refresh_parallel_checkpoints.py free=2.1GB
[queue:retrain:a1] 22:59:26 conflicts=1 first=_refresh_parallel_checkpoints.py free=1.8GB
[queue:retrain:a1] 23:02:28 conflicts=1 first=_refresh_parallel_checkpoints.py free=0.3GB
[queue:retrain:a1] 23:05:30 conflicts=1 first=_refresh_parallel_checkpoints.py free=0.0GB
[queue:retrain:a1] 23:08:32 conflicts=1 first=_refresh_parallel_checkpoints.py free=1.8GB
[queue:retrain:a1] 23:11:43 conflicts=1 first=_refresh_parallel_checkpoints.py free=0.0GB
[queue:retrain:a1] 23:14:44 conflicts=1 first=_refresh_parallel_checkpoints.py free=5.1GB
[queue:retrain:a1] 23:17:48 conflicts=1 first=_train_parallel_prob_head.py free=4.8GB
[queue:retrain:a1] 23:20:52 conflicts=1 first=_train_parallel_prob_head.py free=10.0GB
[queue:retrain:a1] 23:23:56 conflicts=1 first=_train_parallel_prob_head.py free=6.2GB
[queue:retrain:a1] 23:27:01 conflicts=1 first=_train_parallel_prob_head.py free=6.0GB
[queue:retrain:a1] 23:30:03 conflicts=1 first=_train_parallel_prob_head.py free=4.4GB
[queue:retrain:a1] 23:33:07 conflicts=1 first=_train_parallel_prob_head.py free=5.0GB
[queue:retrain:a1] 23:36:12 conflicts=1 first=_train_parallel_prob_head.py free=4.5GB
[queue:retrain:a1] 23:39:13 conflicts=0 first=- free=10.0GB
[queue:retrain] 尝试 1/8 -> _retrain_20260910_rerun2_a1.out
[queue:retrain] PID=13376
[queue:retrain] 尝试 1 rc=1
[queue:retrain] 冷却 600s 后重触发
