verify vs 8e7 valve (8000万): amount>=8e7 → pool-in expected

### 000565
      date  open  high  low  close   pctChg  amount_M  valve8e7
2026-09-04  6.31  6.43 6.28   6.33 0.476190      73.7     False
2026-09-07  6.38  6.47 6.33   6.45 1.895735      74.7     False

### 002377
      date  open  high  low  close    pctChg  amount_M  valve8e7
2026-09-01  2.82  2.86 2.79   2.83  0.711744      78.0     False
2026-09-02  2.86  2.88 2.77   2.81 -0.706714      71.6     False
2026-09-03  2.79  2.82 2.74   2.75 -2.135231      64.6     False
2026-09-04  2.75  2.80 2.73   2.75  0.000000      56.9     False
2026-09-07  2.74  2.77 2.73   2.74 -0.363636      50.6     False

### 002790
      date  open  high  low  close    pctChg  amount_M  valve8e7
2026-09-02  6.38  6.62 6.33   6.61  2.959502      63.8     False
2026-09-03  6.64  6.80 6.41   6.45 -2.420575      70.2     False
2026-09-08  6.36  6.99 6.32   6.99 10.078740      82.8      True
2026-09-09  7.69  7.69 7.69   7.69 10.014306     170.8      True

### 002204
      date  open  high  low  close   pctChg  amount_M  valve8e7
2026-09-07  5.18  5.21 5.15   5.19 0.386847      72.1     False

### 002790 limit board check
      date  open  high  low  close    pctChg  lim  one_word  amount_M
2026-09-07  6.45  6.48 6.34   6.35 -1.550388  NaN     False      24.4
2026-09-08  6.36  6.99 6.32   6.99 10.078740 6.98     False      82.8
2026-09-09  7.69  7.69 7.69   7.69 10.014306 7.69      True     170.8
