========== POOL SIZES ==========
20260902: legacy n=3239, parallel n=3882
20260903: legacy n=3104, parallel n=3807
20260904: legacy n=3306, parallel n=3997
20260907: legacy n=3112, parallel n=3763
20260908: legacy n=3214, parallel n=3864
20260909: legacy n=3108, parallel n=3770

========== POOL MEMBERSHIP (L=legacy, P=parallel, .=in, x=OUT) ==========
sym    | 0902L26P | 0903L26P | 0904L26P | 0907L26P | 0908L26P | 0909L26P
002377 | x.  | x.  | x.  | x.  | ..  | ..
002204 | ..  | ..  | ..  | x.  | ..  | ..
002201 | ..  | ..  | ..  | ..  | ..  | ..
301176 | ..  | ..  | ..  | ..  | ..  | ..
600318 | ..  | ..  | ..  | ..  | ..  | ..
600359 | ..  | ..  | ..  | ..  | ..  | ..
000993 | ..  | ..  | ..  | ..  | ..  | ..
000565 | ..  | ..  | x.  | x.  | ..  | ..
600876 | xx  | xx  | xx  | xx  | xx  | xx
002790 | x.  | x.  | xx  | xx  | ..  | x.

========== PANEL: amount vs 5000万 WALL ==========
amount (百万元):
date    2026-08-28  2026-08-31  2026-09-01  2026-09-02   2026-09-03  2026-09-04  2026-09-07  2026-09-08  2026-09-09
symbol                                                                                                             
000565  146.280396  287.508593  135.805409  106.144625    86.997567   73.740673   74.706625   86.025270  270.737859
000993   36.166786   35.463293   62.356034   96.860891   277.434229  300.633676  167.351214  122.955527  327.480755
002201   87.521927   70.355791   77.656209  386.601794  1039.151191  673.164944  416.152511  559.634087  404.345467
002204   78.592742   87.832365   91.728715   82.892630    85.474307  106.906252   72.149608  133.052968  103.900128
002377   58.426173   85.410453   78.027101   71.624463    64.596624   56.851830   50.563809  101.851928  528.317048
002790   29.472687   47.685625   48.666752   63.760661    70.220115   38.905556   24.442251   82.816843  170.843793
301176  251.132757  346.295116  291.680459  160.343078   142.576462  182.045226  343.643789  266.476528  542.440285
600318  103.039445   84.426122  233.738082  344.711985   244.010800  485.206019  299.439934  658.895666  411.740918
600359  497.706489  386.721222  469.479657  333.737589   217.142613  231.181295  337.212480  435.155521  335.687763
600876   22.780151   19.253903   22.729864   15.161185    23.801127   23.628905   15.412317   16.637893   13.775101

>=5000万墙 (True=过墙):
date    2026-08-28  2026-08-31  2026-09-01  2026-09-02  2026-09-03  2026-09-04  2026-09-07  2026-09-08  2026-09-09
symbol                                                                                                            
000565         1.0         1.0         1.0         1.0         1.0         1.0         1.0         1.0         1.0
000993         0.0         0.0         1.0         1.0         1.0         1.0         1.0         1.0         1.0
002201         1.0         1.0         1.0         1.0         1.0         1.0         1.0         1.0         1.0
002204         1.0         1.0         1.0         1.0         1.0         1.0         1.0         1.0         1.0
002377         1.0         1.0         1.0         1.0         1.0         1.0         1.0         1.0         1.0
002790         0.0         0.0         0.0         1.0         1.0         0.0         0.0         1.0         1.0
301176         1.0         1.0         1.0         1.0         1.0         1.0         1.0         1.0         1.0
600318         1.0         1.0         1.0         1.0         1.0         1.0         1.0         1.0         1.0
600359         1.0         1.0         1.0         1.0         1.0         1.0         1.0         1.0         1.0
600876         0.0         0.0         0.0         0.0         0.0         0.0         0.0         0.0         0.0

========== KEY STOCKS row presence ==========
000565: panel rows ['20260828', '20260831', '20260901', '20260902', '20260903', '20260904', '20260907', '20260908', '20260909']
002790: panel rows ['20260828', '20260831', '20260901', '20260902', '20260903', '20260904', '20260907', '20260908', '20260909']
002377: panel rows ['20260828', '20260831', '20260901', '20260902', '20260903', '20260904', '20260907', '20260908', '20260909']
