内存挤兑警报: 可用内存 1.8G 低于下限 2.0G — 检测到其他重活抢内存, 训练可能像 08-14 那样数小时零完成. 建议立刻停掉并行的回测/扫描.
内存挤兑警报: 可用内存 1.4G 低于下限 2.0G — 检测到其他重活抢内存, 训练可能像 08-14 那样数小时零完成. 建议立刻停掉并行的回测/扫描.
D:\AMINQT\AMINQT CODES\tmp_t\..\app\pipeline1\feature_engine_v35.py:1345: PerformanceWarning: DataFrame is highly fragmented.  This is usually the result of calling `frame.insert` many times, which has poor performance.  Consider joining all columns at once using pd.concat(axis=1) instead. To get a de-fragmented frame, use `newframe = frame.copy()`
  df["ret_pct"] = df.groupby("symbol")[close_col].pct_change()
D:\AMINQT\AMINQT CODES\tmp_t\..\app\pipeline1\feature_engine_v35.py:1346: PerformanceWarning: DataFrame is highly fragmented.  This is usually the result of calling `frame.insert` many times, which has poor performance.  Consider joining all columns at once using pd.concat(axis=1) instead. To get a de-fragmented frame, use `newframe = frame.copy()`
  df["limit_pct"] = limit_pct_series(df["board"], df["date"])
D:\AMINQT\AMINQT CODES\tmp_t\..\app\pipeline1\feature_engine_v35.py:1354: PerformanceWarning: DataFrame is highly fragmented.  This is usually the result of calling `frame.insert` many times, which has poor performance.  Consider joining all columns at once using pd.concat(axis=1) instead. To get a de-fragmented frame, use `newframe = frame.copy()`
  df["is_limit_up"] = (
D:\AMINQT\AMINQT CODES\tmp_t\..\app\pipeline1\feature_engine_v35.py:1358: PerformanceWarning: DataFrame is highly fragmented.  This is usually the result of calling `frame.insert` many times, which has poor performance.  Consider joining all columns at once using pd.concat(axis=1) instead. To get a de-fragmented frame, use `newframe = frame.copy()`
  df["limit_up_days_10"] = g.rolling(10).sum().reset_index(level=0, drop=True)
D:\AMINQT\AMINQT CODES\tmp_t\..\app\pipeline1\feature_engine_v35.py:1359: PerformanceWarning: DataFrame is highly fragmented.  This is usually the result of calling `frame.insert` many times, which has poor performance.  Consider joining all columns at once using pd.concat(axis=1) instead. To get a de-fragmented frame, use `newframe = frame.copy()`
  df["limit_up_days_20"] = g.rolling(20).sum().reset_index(level=0, drop=True)
D:\AMINQT\AMINQT CODES\tmp_t\..\app\pipeline1\feature_engine_v35.py:1372: PerformanceWarning: DataFrame is highly fragmented.  This is usually the result of calling `frame.insert` many times, which has poor performance.  Consider joining all columns at once using pd.concat(axis=1) instead. To get a de-fragmented frame, use `newframe = frame.copy()`
  df["consecutive_board"] = cons.clip(upper=4)
D:\AMINQT\AMINQT CODES\tmp_t\..\app\pipeline1\feature_engine_v35.py:1384: PerformanceWarning: DataFrame is highly fragmented.  This is usually the result of calling `frame.insert` many times, which has poor performance.  Consider joining all columns at once using pd.concat(axis=1) instead. To get a de-fragmented frame, use `newframe = frame.copy()`
  df["sector_limit_up_count"] = df.groupby(grp)["is_limit_up"].transform("sum")
D:\AMINQT\AMINQT CODES\tmp_t\..\app\pipeline1\feature_engine_v35.py:1385: PerformanceWarning: DataFrame is highly fragmented.  This is usually the result of calling `frame.insert` many times, which has poor performance.  Consider joining all columns at once using pd.concat(axis=1) instead. To get a de-fragmented frame, use `newframe = frame.copy()`
  df["sector_return"] = df.groupby(grp)["ret_pct"].transform("mean")
D:\AMINQT\AMINQT CODES\tmp_t\..\app\pipeline1\feature_engine_v35.py:1386: PerformanceWarning: DataFrame is highly fragmented.  This is usually the result of calling `frame.insert` many times, which has poor performance.  Consider joining all columns at once using pd.concat(axis=1) instead. To get a de-fragmented frame, use `newframe = frame.copy()`
  df["sector_return_5d"] = df.groupby("industry")["sector_return"].transform(
内存挤兑警报: 可用内存 2.0G 低于下限 2.0G — 检测到其他重活抢内存, 训练可能像 08-14 那样数小时零完成. 建议立刻停掉并行的回测/扫描.
D:\AMINQT\AMINQT CODES\tmp_t\..\app\indicators\chip_distribution.py:44: RuntimeWarning: invalid value encountered in divide
  return w / w.sum()
内存挤兑警报: 可用内存 0.0G 低于下限 2.0G — 检测到其他重活抢内存, 训练可能像 08-14 那样数小时零完成. 建议立刻停掉并行的回测/扫描.
内存挤兑警报: 可用内存 0.8G 低于下限 2.0G — 检测到其他重活抢内存, 训练可能像 08-14 那样数小时零完成. 建议立刻停掉并行的回测/扫描.
内存挤兑警报: 可用内存 0.4G 低于下限 2.0G — 检测到其他重活抢内存, 训练可能像 08-14 那样数小时零完成. 建议立刻停掉并行的回测/扫描.
内存挤兑警报: 可用内存 0.0G 低于下限 2.0G — 检测到其他重活抢内存, 训练可能像 08-14 那样数小时零完成. 建议立刻停掉并行的回测/扫描.
内存挤兑警报: 可用内存 0.1G 低于下限 2.0G — 检测到其他重活抢内存, 训练可能像 08-14 那样数小时零完成. 建议立刻停掉并行的回测/扫描.
内存挤兑警报: 可用内存 0.3G 低于下限 2.0G — 检测到其他重活抢内存, 训练可能像 08-14 那样数小时零完成. 建议立刻停掉并行的回测/扫描.
内存挤兑警报: 可用内存 0.0G 低于下限 2.0G — 检测到其他重活抢内存, 训练可能像 08-14 那样数小时零完成. 建议立刻停掉并行的回测/扫描.
内存挤兑警报: 可用内存 0.0G 低于下限 2.0G — 检测到其他重活抢内存, 训练可能像 08-14 那样数小时零完成. 建议立刻停掉并行的回测/扫描.
内存挤兑警报: 可用内存 0.0G 低于下限 2.0G — 检测到其他重活抢内存, 训练可能像 08-14 那样数小时零完成. 建议立刻停掉并行的回测/扫描.
内存挤兑警报: 可用内存 0.0G 低于下限 2.0G — 检测到其他重活抢内存, 训练可能像 08-14 那样数小时零完成. 建议立刻停掉并行的回测/扫描.
内存挤兑警报: 可用内存 0.0G 低于下限 2.0G — 检测到其他重活抢内存, 训练可能像 08-14 那样数小时零完成. 建议立刻停掉并行的回测/扫描.
内存挤兑警报: 可用内存 1.4G 低于下限 2.0G — 检测到其他重活抢内存, 训练可能像 08-14 那样数小时零完成. 建议立刻停掉并行的回测/扫描.
内存挤兑警报: 可用内存 2.0G 低于下限 2.0G — 检测到其他重活抢内存, 训练可能像 08-14 那样数小时零完成. 建议立刻停掉并行的回测/扫描.
内存挤兑警报: 可用内存 0.3G 低于下限 2.0G — 检测到其他重活抢内存, 训练可能像 08-14 那样数小时零完成. 建议立刻停掉并行的回测/扫描.
内存挤兑警报: 可用内存 0.9G 低于下限 2.0G — 检测到其他重活抢内存, 训练可能像 08-14 那样数小时零完成. 建议立刻停掉并行的回测/扫描.
内存挤兑警报: 可用内存 0.3G 低于下限 2.0G — 检测到其他重活抢内存, 训练可能像 08-14 那样数小时零完成. 建议立刻停掉并行的回测/扫描.
内存挤兑警报: 可用内存 1.3G 低于下限 2.0G — 检测到其他重活抢内存, 训练可能像 08-14 那样数小时零完成. 建议立刻停掉并行的回测/扫描.
D:\AMINQT\AMINQT CODES\tmp_t\..\app\pipeline1\feature_engine_v35.py:3583: FutureWarning: The default fill_method='pad' in DataFrame.pct_change is deprecated and will be removed in a future version. Either fill in any non-leading NA values prior to calling pct_change or specify 'fill_method=None' to not fill NA values.
  str_w = _dim35_str(wide_px.pct_change(), reg["eq_ret"])
内存挤兑警报: 可用内存 0.5G 低于下限 2.0G — 检测到其他重活抢内存, 训练可能像 08-14 那样数小时零完成. 建议立刻停掉并行的回测/扫描.
D:\AMINQT\AMINQT CODES\tmp_t\..\app\pipeline1\label_engine.py:240: PerformanceWarning: DataFrame is highly fragmented.  This is usually the result of calling `frame.insert` many times, which has poor performance.  Consider joining all columns at once using pd.concat(axis=1) instead. To get a de-fragmented frame, use `newframe = frame.copy()`
  df[f"label_mdd_{n}d"] = _safe_divide(min_low, exec_close) - 1
D:\AMINQT\AMINQT CODES\tmp_t\..\app\pipeline1\label_engine.py:240: PerformanceWarning: DataFrame is highly fragmented.  This is usually the result of calling `frame.insert` many times, which has poor performance.  Consider joining all columns at once using pd.concat(axis=1) instead. To get a de-fragmented frame, use `newframe = frame.copy()`
  df[f"label_mdd_{n}d"] = _safe_divide(min_low, exec_close) - 1
D:\AMINQT\AMINQT CODES\tmp_t\..\app\pipeline1\label_engine.py:240: PerformanceWarning: DataFrame is highly fragmented.  This is usually the result of calling `frame.insert` many times, which has poor performance.  Consider joining all columns at once using pd.concat(axis=1) instead. To get a de-fragmented frame, use `newframe = frame.copy()`
  df[f"label_mdd_{n}d"] = _safe_divide(min_low, exec_close) - 1
D:\AMINQT\AMINQT CODES\tmp_t\..\app\pipeline1\label_engine.py:241: PerformanceWarning: DataFrame is highly fragmented.  This is usually the result of calling `frame.insert` many times, which has poor performance.  Consider joining all columns at once using pd.concat(axis=1) instead. To get a de-fragmented frame, use `newframe = frame.copy()`
  df["label_pain"] = (df["label_mdd_3d"] < PAIN_THRESHOLD).astype("float")
D:\AMINQT\AMINQT CODES\tmp_t\..\app\pipeline1\label_engine.py:136: PerformanceWarning: DataFrame is highly fragmented.  This is usually the result of calling `frame.insert` many times, which has poor performance.  Consider joining all columns at once using pd.concat(axis=1) instead. To get a de-fragmented frame, use `newframe = frame.copy()`
  df[f"label_{k}d"] = _safe_divide(future_close, df["close_hfq"]) - 1
D:\AMINQT\AMINQT CODES\tmp_t\..\app\pipeline1\label_engine.py:136: PerformanceWarning: DataFrame is highly fragmented.  This is usually the result of calling `frame.insert` many times, which has poor performance.  Consider joining all columns at once using pd.concat(axis=1) instead. To get a de-fragmented frame, use `newframe = frame.copy()`
  df[f"label_{k}d"] = _safe_divide(future_close, df["close_hfq"]) - 1
D:\AMINQT\AMINQT CODES\tmp_t\..\app\pipeline1\label_engine.py:136: PerformanceWarning: DataFrame is highly fragmented.  This is usually the result of calling `frame.insert` many times, which has poor performance.  Consider joining all columns at once using pd.concat(axis=1) instead. To get a de-fragmented frame, use `newframe = frame.copy()`
  df[f"label_{k}d"] = _safe_divide(future_close, df["close_hfq"]) - 1
D:\AMINQT\AMINQT CODES\tmp_t\..\app\pipeline1\label_engine.py:136: PerformanceWarning: DataFrame is highly fragmented.  This is usually the result of calling `frame.insert` many times, which has poor performance.  Consider joining all columns at once using pd.concat(axis=1) instead. To get a de-fragmented frame, use `newframe = frame.copy()`
  df[f"label_{k}d"] = _safe_divide(future_close, df["close_hfq"]) - 1
D:\AMINQT\AMINQT CODES\tmp_t\..\app\pipeline1\label_engine.py:136: PerformanceWarning: DataFrame is highly fragmented.  This is usually the result of calling `frame.insert` many times, which has poor performance.  Consider joining all columns at once using pd.concat(axis=1) instead. To get a de-fragmented frame, use `newframe = frame.copy()`
  df[f"label_{k}d"] = _safe_divide(future_close, df["close_hfq"]) - 1
D:\AMINQT\AMINQT CODES\tmp_t\..\app\pipeline1\label_engine.py:153: PerformanceWarning: DataFrame is highly fragmented.  This is usually the result of calling `frame.insert` many times, which has poor performance.  Consider joining all columns at once using pd.concat(axis=1) instead. To get a de-fragmented frame, use `newframe = frame.copy()`
  df[f"label_pm_{k}d"] = _safe_divide(future_close, exec_px) - 1
D:\AMINQT\AMINQT CODES\tmp_t\..\app\pipeline1\label_engine.py:153: PerformanceWarning: DataFrame is highly fragmented.  This is usually the result of calling `frame.insert` many times, which has poor performance.  Consider joining all columns at once using pd.concat(axis=1) instead. To get a de-fragmented frame, use `newframe = frame.copy()`
  df[f"label_pm_{k}d"] = _safe_divide(future_close, exec_px) - 1
D:\AMINQT\AMINQT CODES\tmp_t\..\app\pipeline1\label_engine.py:153: PerformanceWarning: DataFrame is highly fragmented.  This is usually the result of calling `frame.insert` many times, which has poor performance.  Consider joining all columns at once using pd.concat(axis=1) instead. To get a de-fragmented frame, use `newframe = frame.copy()`
  df[f"label_pm_{k}d"] = _safe_divide(future_close, exec_px) - 1
D:\AMINQT\AMINQT CODES\tmp_t\..\app\pipeline1\label_engine.py:153: PerformanceWarning: DataFrame is highly fragmented.  This is usually the result of calling `frame.insert` many times, which has poor performance.  Consider joining all columns at once using pd.concat(axis=1) instead. To get a de-fragmented frame, use `newframe = frame.copy()`
  df[f"label_pm_{k}d"] = _safe_divide(future_close, exec_px) - 1
D:\AMINQT\AMINQT CODES\tmp_t\..\app\pipeline1\label_engine.py:153: PerformanceWarning: DataFrame is highly fragmented.  This is usually the result of calling `frame.insert` many times, which has poor performance.  Consider joining all columns at once using pd.concat(axis=1) instead. To get a de-fragmented frame, use `newframe = frame.copy()`
  df[f"label_pm_{k}d"] = _safe_divide(future_close, exec_px) - 1
D:\AMINQT\AMINQT CODES\tmp_t\..\app\pipeline1\label_engine.py:155: PerformanceWarning: DataFrame is highly fragmented.  This is usually the result of calling `frame.insert` many times, which has poor performance.  Consider joining all columns at once using pd.concat(axis=1) instead. To get a de-fragmented frame, use `newframe = frame.copy()`
  df["label_pm_cls"] = (df["label_pm_1d"] > CLS_THRESHOLD).astype("float")
D:\AMINQT\AMINQT CODES\tmp_t\..\app\pipeline1\label_engine.py:161: PerformanceWarning: DataFrame is highly fragmented.  This is usually the result of calling `frame.insert` many times, which has poor performance.  Consider joining all columns at once using pd.concat(axis=1) instead. To get a de-fragmented frame, use `newframe = frame.copy()`
  df[f"label_pm_{k}d_cls"] = (df[pm_col] > CLS_THRESHOLD).astype(
D:\AMINQT\AMINQT CODES\tmp_t\..\app\pipeline1\label_engine.py:161: PerformanceWarning: DataFrame is highly fragmented.  This is usually the result of calling `frame.insert` many times, which has poor performance.  Consider joining all columns at once using pd.concat(axis=1) instead. To get a de-fragmented frame, use `newframe = frame.copy()`
  df[f"label_pm_{k}d_cls"] = (df[pm_col] > CLS_THRESHOLD).astype(
D:\AMINQT\AMINQT CODES\tmp_t\..\app\pipeline1\label_engine.py:161: PerformanceWarning: DataFrame is highly fragmented.  This is usually the result of calling `frame.insert` many times, which has poor performance.  Consider joining all columns at once using pd.concat(axis=1) instead. To get a de-fragmented frame, use `newframe = frame.copy()`
  df[f"label_pm_{k}d_cls"] = (df[pm_col] > CLS_THRESHOLD).astype(
D:\AMINQT\AMINQT CODES\tmp_t\..\app\pipeline1\label_engine.py:161: PerformanceWarning: DataFrame is highly fragmented.  This is usually the result of calling `frame.insert` many times, which has poor performance.  Consider joining all columns at once using pd.concat(axis=1) instead. To get a de-fragmented frame, use `newframe = frame.copy()`
  df[f"label_pm_{k}d_cls"] = (df[pm_col] > CLS_THRESHOLD).astype(
D:\AMINQT\AMINQT CODES\tmp_t\..\app\pipeline1\label_engine.py:166: PerformanceWarning: DataFrame is highly fragmented.  This is usually the result of calling `frame.insert` many times, which has poor performance.  Consider joining all columns at once using pd.concat(axis=1) instead. To get a de-fragmented frame, use `newframe = frame.copy()`
  df["label_cls"] = (df["label_1d"] > CLS_THRESHOLD).astype("float")
D:\AMINQT\AMINQT CODES\tmp_t\..\app\pipeline1\label_engine.py:170: PerformanceWarning: DataFrame is highly fragmented.  This is usually the result of calling `frame.insert` many times, which has poor performance.  Consider joining all columns at once using pd.concat(axis=1) instead. To get a de-fragmented frame, use `newframe = frame.copy()`
  df[f"label_{k}d_cls"] = (df[f"label_{k}d"] > CLS_THRESHOLD).astype("float")
D:\AMINQT\AMINQT CODES\tmp_t\..\app\pipeline1\label_engine.py:170: PerformanceWarning: DataFrame is highly fragmented.  This is usually the result of calling `frame.insert` many times, which has poor performance.  Consider joining all columns at once using pd.concat(axis=1) instead. To get a de-fragmented frame, use `newframe = frame.copy()`
  df[f"label_{k}d_cls"] = (df[f"label_{k}d"] > CLS_THRESHOLD).astype("float")
D:\AMINQT\AMINQT CODES\tmp_t\..\app\pipeline1\label_engine.py:170: PerformanceWarning: DataFrame is highly fragmented.  This is usually the result of calling `frame.insert` many times, which has poor performance.  Consider joining all columns at once using pd.concat(axis=1) instead. To get a de-fragmented frame, use `newframe = frame.copy()`
  df[f"label_{k}d_cls"] = (df[f"label_{k}d"] > CLS_THRESHOLD).astype("float")
D:\AMINQT\AMINQT CODES\tmp_t\..\app\pipeline1\label_engine.py:170: PerformanceWarning: DataFrame is highly fragmented.  This is usually the result of calling `frame.insert` many times, which has poor performance.  Consider joining all columns at once using pd.concat(axis=1) instead. To get a de-fragmented frame, use `newframe = frame.copy()`
  df[f"label_{k}d_cls"] = (df[f"label_{k}d"] > CLS_THRESHOLD).astype("float")
D:\AMINQT\AMINQT CODES\tmp_t\..\app\pipeline1\label_engine.py:197: PerformanceWarning: DataFrame is highly fragmented.  This is usually the result of calling `frame.insert` many times, which has poor performance.  Consider joining all columns at once using pd.concat(axis=1) instead. To get a de-fragmented frame, use `newframe = frame.copy()`
  df[f"{prefix}_net"] = df[prefix] - cost_total
D:\AMINQT\AMINQT CODES\tmp_t\..\app\pipeline1\label_engine.py:197: PerformanceWarning: DataFrame is highly fragmented.  This is usually the result of calling `frame.insert` many times, which has poor performance.  Consider joining all columns at once using pd.concat(axis=1) instead. To get a de-fragmented frame, use `newframe = frame.copy()`
  df[f"{prefix}_net"] = df[prefix] - cost_total
D:\AMINQT\AMINQT CODES\tmp_t\..\app\pipeline1\label_engine.py:197: PerformanceWarning: DataFrame is highly fragmented.  This is usually the result of calling `frame.insert` many times, which has poor performance.  Consider joining all columns at once using pd.concat(axis=1) instead. To get a de-fragmented frame, use `newframe = frame.copy()`
  df[f"{prefix}_net"] = df[prefix] - cost_total
D:\AMINQT\AMINQT CODES\tmp_t\..\app\pipeline1\label_engine.py:197: PerformanceWarning: DataFrame is highly fragmented.  This is usually the result of calling `frame.insert` many times, which has poor performance.  Consider joining all columns at once using pd.concat(axis=1) instead. To get a de-fragmented frame, use `newframe = frame.copy()`
  df[f"{prefix}_net"] = df[prefix] - cost_total
D:\AMINQT\AMINQT CODES\tmp_t\..\app\pipeline1\label_engine.py:197: PerformanceWarning: DataFrame is highly fragmented.  This is usually the result of calling `frame.insert` many times, which has poor performance.  Consider joining all columns at once using pd.concat(axis=1) instead. To get a de-fragmented frame, use `newframe = frame.copy()`
  df[f"{prefix}_net"] = df[prefix] - cost_total
D:\AMINQT\AMINQT CODES\tmp_t\..\app\pipeline1\label_engine.py:197: PerformanceWarning: DataFrame is highly fragmented.  This is usually the result of calling `frame.insert` many times, which has poor performance.  Consider joining all columns at once using pd.concat(axis=1) instead. To get a de-fragmented frame, use `newframe = frame.copy()`
  df[f"{prefix}_net"] = df[prefix] - cost_total
D:\AMINQT\AMINQT CODES\tmp_t\..\app\pipeline1\label_engine.py:197: PerformanceWarning: DataFrame is highly fragmented.  This is usually the result of calling `frame.insert` many times, which has poor performance.  Consider joining all columns at once using pd.concat(axis=1) instead. To get a de-fragmented frame, use `newframe = frame.copy()`
  df[f"{prefix}_net"] = df[prefix] - cost_total
D:\AMINQT\AMINQT CODES\tmp_t\..\app\pipeline1\label_engine.py:197: PerformanceWarning: DataFrame is highly fragmented.  This is usually the result of calling `frame.insert` many times, which has poor performance.  Consider joining all columns at once using pd.concat(axis=1) instead. To get a de-fragmented frame, use `newframe = frame.copy()`
  df[f"{prefix}_net"] = df[prefix] - cost_total
D:\AMINQT\AMINQT CODES\tmp_t\..\app\pipeline1\label_engine.py:197: PerformanceWarning: DataFrame is highly fragmented.  This is usually the result of calling `frame.insert` many times, which has poor performance.  Consider joining all columns at once using pd.concat(axis=1) instead. To get a de-fragmented frame, use `newframe = frame.copy()`
  df[f"{prefix}_net"] = df[prefix] - cost_total
D:\AMINQT\AMINQT CODES\tmp_t\..\app\pipeline1\label_engine.py:197: PerformanceWarning: DataFrame is highly fragmented.  This is usually the result of calling `frame.insert` many times, which has poor performance.  Consider joining all columns at once using pd.concat(axis=1) instead. To get a de-fragmented frame, use `newframe = frame.copy()`
  df[f"{prefix}_net"] = df[prefix] - cost_total
D:\AMINQT\AMINQT CODES\tmp_t\..\app\pipeline1\label_engine.py:200: PerformanceWarning: DataFrame is highly fragmented.  This is usually the result of calling `frame.insert` many times, which has poor performance.  Consider joining all columns at once using pd.concat(axis=1) instead. To get a de-fragmented frame, use `newframe = frame.copy()`
  df["label_pm_cls_net"] = (df["label_pm_1d_net"] > 0).astype("float")
D:\AMINQT\AMINQT CODES\tmp_t\..\app\pipeline1\label_engine.py:203: PerformanceWarning: DataFrame is highly fragmented.  This is usually the result of calling `frame.insert` many times, which has poor performance.  Consider joining all columns at once using pd.concat(axis=1) instead. To get a de-fragmented frame, use `newframe = frame.copy()`
  df["label_cls_net"] = (df["label_1d_net"] > 0).astype("float")
D:\AMINQT\AMINQT CODES\tmp_t\..\app\pipeline1\label_engine.py:212: PerformanceWarning: DataFrame is highly fragmented.  This is usually the result of calling `frame.insert` many times, which has poor performance.  Consider joining all columns at once using pd.concat(axis=1) instead. To get a de-fragmented frame, use `newframe = frame.copy()`
  df[col] = (df[base] > 0).astype("float")
D:\AMINQT\AMINQT CODES\tmp_t\..\app\pipeline1\label_engine.py:212: PerformanceWarning: DataFrame is highly fragmented.  This is usually the result of calling `frame.insert` many times, which has poor performance.  Consider joining all columns at once using pd.concat(axis=1) instead. To get a de-fragmented frame, use `newframe = frame.copy()`
  df[col] = (df[base] > 0).astype("float")
D:\AMINQT\AMINQT CODES\tmp_t\..\app\pipeline1\label_engine.py:212: PerformanceWarning: DataFrame is highly fragmented.  This is usually the result of calling `frame.insert` many times, which has poor performance.  Consider joining all columns at once using pd.concat(axis=1) instead. To get a de-fragmented frame, use `newframe = frame.copy()`
  df[col] = (df[base] > 0).astype("float")
D:\AMINQT\AMINQT CODES\tmp_t\..\app\pipeline1\label_engine.py:212: PerformanceWarning: DataFrame is highly fragmented.  This is usually the result of calling `frame.insert` many times, which has poor performance.  Consider joining all columns at once using pd.concat(axis=1) instead. To get a de-fragmented frame, use `newframe = frame.copy()`
  df[col] = (df[base] > 0).astype("float")
D:\AMINQT\AMINQT CODES\tmp_t\..\app\pipeline1\label_engine.py:212: PerformanceWarning: DataFrame is highly fragmented.  This is usually the result of calling `frame.insert` many times, which has poor performance.  Consider joining all columns at once using pd.concat(axis=1) instead. To get a de-fragmented frame, use `newframe = frame.copy()`
  df[col] = (df[base] > 0).astype("float")
D:\AMINQT\AMINQT CODES\tmp_t\..\app\pipeline1\label_engine.py:212: PerformanceWarning: DataFrame is highly fragmented.  This is usually the result of calling `frame.insert` many times, which has poor performance.  Consider joining all columns at once using pd.concat(axis=1) instead. To get a de-fragmented frame, use `newframe = frame.copy()`
  df[col] = (df[base] > 0).astype("float")
D:\AMINQT\AMINQT CODES\tmp_t\..\app\pipeline1\label_engine.py:212: PerformanceWarning: DataFrame is highly fragmented.  This is usually the result of calling `frame.insert` many times, which has poor performance.  Consider joining all columns at once using pd.concat(axis=1) instead. To get a de-fragmented frame, use `newframe = frame.copy()`
  df[col] = (df[base] > 0).astype("float")
D:\AMINQT\AMINQT CODES\tmp_t\..\app\pipeline1\label_engine.py:212: PerformanceWarning: DataFrame is highly fragmented.  This is usually the result of calling `frame.insert` many times, which has poor performance.  Consider joining all columns at once using pd.concat(axis=1) instead. To get a de-fragmented frame, use `newframe = frame.copy()`
  df[col] = (df[base] > 0).astype("float")
[main] NaN+类型预筛剔除 23/501 因子, 保留 478
[main] pin 特征 88/358 不在候选集或 nan 超阈, 已剔除 (前10): ['bt_disc_ewma_brute_pct60', 'A04_brute_pct1', 'A04_brute_mom40', 'VAR51_brute_mom40', 'lhb_sell_pressure_brute_pct20', 'lhb_sell_pressure_brute_pct5', 'lhb_retail_flow_brute_mom40', 'lhb_retail_flow_brute_pct40', 'lhb_retail_flow_brute_pct20', 'lhb_retail_flow_brute_pct5']
D:\AMINQT\AMINQT CODES\tmp_t\..\app\pipeline1\feature_selector.py:891: ConstantInputWarning: An input array is constant; the correlation coefficient is not defined.
  r = spearmanr(g[feat], g[label])[0]
D:\AMINQT\AMINQT CODES\tmp_t\..\app\pipeline1\feature_selector.py:891: ConstantInputWarning: An input array is constant; the correlation coefficient is not defined.
  r = spearmanr(g[feat], g[label])[0]
D:\AMINQT\AMINQT CODES\tmp_t\..\app\pipeline1\feature_selector.py:891: ConstantInputWarning: An input array is constant; the correlation coefficient is not defined.
  r = spearmanr(g[feat], g[label])[0]
D:\AMINQT\AMINQT CODES\tmp_t\..\app\pipeline1\feature_selector.py:891: ConstantInputWarning: An input array is constant; the correlation coefficient is not defined.
  r = spearmanr(g[feat], g[label])[0]
D:\AMINQT\AMINQT CODES\tmp_t\..\app\pipeline1\feature_selector.py:891: ConstantInputWarning: An input array is constant; the correlation coefficient is not defined.
  r = spearmanr(g[feat], g[label])[0]
D:\AMINQT\AMINQT CODES\tmp_t\..\app\pipeline1\feature_selector.py:891: ConstantInputWarning: An input array is constant; the correlation coefficient is not defined.
  r = spearmanr(g[feat], g[label])[0]
内存挤兑警报: 可用内存 0.1G 低于下限 2.0G — 检测到其他重活抢内存, 训练可能像 08-14 那样数小时零完成. 建议立刻停掉并行的回测/扫描.
C:\Users\91454\AppData\Local\Programs\Python\Python312\Lib\site-packages\lightgbm\sklearn.py:1106: LGBMDeprecationWarning: The argument 'eval_set' is deprecated, use 'eval_X' and 'eval_y' instead.
  eval_set = _validate_eval_set_Xy(eval_set=eval_set, eval_X=eval_X, eval_y=eval_y)
内存挤兑警报: 可用内存 0.3G 低于下限 2.0G — 检测到其他重活抢内存, 训练可能像 08-14 那样数小时零完成. 建议立刻停掉并行的回测/扫描.
内存挤兑警报: 可用内存 1.3G 低于下限 2.0G — 检测到其他重活抢内存, 训练可能像 08-14 那样数小时零完成. 建议立刻停掉并行的回测/扫描.
C:\Users\91454\AppData\Local\Programs\Python\Python312\Lib\site-packages\lightgbm\sklearn.py:1106: LGBMDeprecationWarning: The argument 'eval_set' is deprecated, use 'eval_X' and 'eval_y' instead.
  eval_set = _validate_eval_set_Xy(eval_set=eval_set, eval_X=eval_X, eval_y=eval_y)
[main/3d_cls] 早停仅 10 树 (< 30), 重训 30 树保底
内存挤兑警报: 可用内存 0.1G 低于下限 2.0G — 检测到其他重活抢内存, 训练可能像 08-14 那样数小时零完成. 建议立刻停掉并行的回测/扫描.
C:\Users\91454\AppData\Local\Programs\Python\Python312\Lib\site-packages\lightgbm\sklearn.py:1106: LGBMDeprecationWarning: The argument 'eval_set' is deprecated, use 'eval_X' and 'eval_y' instead.
  eval_set = _validate_eval_set_Xy(eval_set=eval_set, eval_X=eval_X, eval_y=eval_y)
内存挤兑警报: 可用内存 0.6G 低于下限 2.0G — 检测到其他重活抢内存, 训练可能像 08-14 那样数小时零完成. 建议立刻停掉并行的回测/扫描.
C:\Users\91454\AppData\Local\Programs\Python\Python312\Lib\site-packages\lightgbm\sklearn.py:1106: LGBMDeprecationWarning: The argument 'eval_set' is deprecated, use 'eval_X' and 'eval_y' instead.
  eval_set = _validate_eval_set_Xy(eval_set=eval_set, eval_X=eval_X, eval_y=eval_y)
内存挤兑警报: 可用内存 0.5G 低于下限 2.0G — 检测到其他重活抢内存, 训练可能像 08-14 那样数小时零完成. 建议立刻停掉并行的回测/扫描.
C:\Users\91454\AppData\Local\Programs\Python\Python312\Lib\site-packages\lightgbm\sklearn.py:1106: LGBMDeprecationWarning: The argument 'eval_set' is deprecated, use 'eval_X' and 'eval_y' instead.
  eval_set = _validate_eval_set_Xy(eval_set=eval_set, eval_X=eval_X, eval_y=eval_y)
内存挤兑警报: 可用内存 0.4G 低于下限 2.0G — 检测到其他重活抢内存, 训练可能像 08-14 那样数小时零完成. 建议立刻停掉并行的回测/扫描.
C:\Users\91454\AppData\Local\Programs\Python\Python312\Lib\site-packages\lightgbm\sklearn.py:1106: LGBMDeprecationWarning: The argument 'eval_set' is deprecated, use 'eval_X' and 'eval_y' instead.
  eval_set = _validate_eval_set_Xy(eval_set=eval_set, eval_X=eval_X, eval_y=eval_y)
内存挤兑警报: 可用内存 0.6G 低于下限 2.0G — 检测到其他重活抢内存, 训练可能像 08-14 那样数小时零完成. 建议立刻停掉并行的回测/扫描.
内存挤兑警报: 可用内存 0.3G 低于下限 2.0G — 检测到其他重活抢内存, 训练可能像 08-14 那样数小时零完成. 建议立刻停掉并行的回测/扫描.
C:\Users\91454\AppData\Local\Programs\Python\Python312\Lib\site-packages\lightgbm\sklearn.py:1106: LGBMDeprecationWarning: The argument 'eval_set' is deprecated, use 'eval_X' and 'eval_y' instead.
  eval_set = _validate_eval_set_Xy(eval_set=eval_set, eval_X=eval_X, eval_y=eval_y)
C:\Users\91454\AppData\Local\Programs\Python\Python312\Lib\site-packages\lightgbm\sklearn.py:1106: LGBMDeprecationWarning: The argument 'eval_set' is deprecated, use 'eval_X' and 'eval_y' instead.
  eval_set = _validate_eval_set_Xy(eval_set=eval_set, eval_X=eval_X, eval_y=eval_y)
C:\Users\91454\AppData\Local\Programs\Python\Python312\Lib\site-packages\lightgbm\sklearn.py:1106: LGBMDeprecationWarning: The argument 'eval_set' is deprecated, use 'eval_X' and 'eval_y' instead.
  eval_set = _validate_eval_set_Xy(eval_set=eval_set, eval_X=eval_X, eval_y=eval_y)
C:\Users\91454\AppData\Local\Programs\Python\Python312\Lib\site-packages\lightgbm\sklearn.py:1106: LGBMDeprecationWarning: The argument 'eval_set' is deprecated, use 'eval_X' and 'eval_y' instead.
  eval_set = _validate_eval_set_Xy(eval_set=eval_set, eval_X=eval_X, eval_y=eval_y)
C:\Users\91454\AppData\Local\Programs\Python\Python312\Lib\site-packages\lightgbm\sklearn.py:1106: LGBMDeprecationWarning: The argument 'eval_set' is deprecated, use 'eval_X' and 'eval_y' instead.
  eval_set = _validate_eval_set_Xy(eval_set=eval_set, eval_X=eval_X, eval_y=eval_y)
C:\Users\91454\AppData\Local\Programs\Python\Python312\Lib\site-packages\lightgbm\sklearn.py:1106: LGBMDeprecationWarning: The argument 'eval_set' is deprecated, use 'eval_X' and 'eval_y' instead.
  eval_set = _validate_eval_set_Xy(eval_set=eval_set, eval_X=eval_X, eval_y=eval_y)
