replay dates n=23: 20260806..20260909
[data-quality] pctChg |x|>22 脏行: 18 / 3994646 (0.000%) — 已整窗剔除
======================================================================
① 5d期限倒挂臂 (mag5≥q95 & prob5≥0.5 & mag10≤0) — 初步读数
======================================================================
窗口 20260806..20260909  n日=23 (<40 → 不达接线门槛)

--- LEG-all: 臂样本 n=3 (跨日去重股次)
    臂 FWD5 mean=+0.0060 med=-0.0353 hit5=14.3% hit10=0.0%
    臂 FWD10 mean=+nan hit10_10d=0.0%
    池基线 FWD5 mean=+0.0081 → 臂超额 -0.0021
    被top30漏掉部分: n=3 FWD5 mean=+0.0060 hit10=0.0%

--- PAR-dual: 臂样本 n=146 (跨日去重股次)
    臂 FWD5 mean=+0.0533 med=+0.0396 hit5=14.5% hit10=8.7%
    臂 FWD10 mean=-0.0231 hit10_10d=1.8%
    池基线 FWD5 mean=+0.0082 → 臂超额 +0.0451
    H1(5日) FWD5 mean=+0.0533 n=146
    被top30漏掉部分: n=146 FWD5 mean=+0.0533 hit10=8.7%

--- PAR-main: 臂样本 n=0 (跨日去重股次)
    臂 FWD5 mean=+nan med=+nan hit5=0.0% hit10=0.0%
    臂 FWD10 mean=+nan hit10_10d=0.0%
    池基线 FWD5 mean=+0.0235 → 臂超额 +nan
    被top30漏掉部分: n=0 FWD5 mean=+nan hit10=0.0%

臂内股次明细 (FWD5≥10% 的, 全窗):
    dstr     lane symbol   rp5  rk_key  missed_by_top30  fwd5
20260810 PAR-dual 688167 0.988   596.0             True 0.435
20260811 PAR-dual 688167 0.970   660.0             True 0.410
20260902 PAR-dual 688655 0.984   482.0             True 0.351
20260902 PAR-dual 688001 0.966   635.0             True 0.335
20260810 PAR-dual 688662 0.993   546.0             True 0.294
20260811 PAR-dual 688662 0.998   616.0             True 0.281
20260810 PAR-dual 688766 0.966   786.0             True 0.244
20260810 PAR-dual 688677 0.987   357.0             True 0.217
20260811 PAR-dual 688669 0.990   465.0             True 0.214
20260811 PAR-dual 688766 0.977   865.0             True 0.214
20260902 PAR-dual 688020 0.974   737.0             True 0.212
20260810 PAR-dual 300903 0.977   765.0             True 0.206
20260810 PAR-dual 301373 0.998   450.0             True 0.200
20260902 PAR-dual 300179 0.958  1264.0             True 0.199
20260811 PAR-dual 688048 0.951   814.0             True 0.181
20260811 PAR-dual 301319 0.999   673.0             True 0.170
20260810 PAR-dual 688048 0.961   837.0             True 0.170
20260902 PAR-dual 301511 0.978  1363.0             True 0.166
20260811 PAR-dual 301188 0.974   682.0             True 0.165
20260810 PAR-dual 301188 0.973   502.0             True 0.152
20260811 PAR-dual 688530 0.984   502.0             True 0.150
20260902 PAR-dual 301086 0.963  1434.0             True 0.148
20260810 PAR-dual 301396 0.992   818.0             True 0.148
20260810 PAR-dual 688371 0.971   538.0             True 0.144
20260811 PAR-dual 688416 0.956   575.0             True 0.136
20260810 PAR-dual 301312 0.980   501.0             True 0.125
20260810 PAR-dual 688757 0.962   483.0             True 0.125
20260811 PAR-dual 300489 0.991   726.0             True 0.123
20260810 PAR-dual 688300 0.951   777.0             True 0.123
20260902 PAR-dual 688800 0.951   704.0             True 0.122
20260811 PAR-dual 300903 0.978   848.0             True 0.120
20260902 PAR-dual 300951 0.964  1430.0             True 0.120
20260902 PAR-dual 688048 0.979  1226.0             True 0.119
20260810 PAR-dual 688669 0.989   610.0             True 0.115
20260811 PAR-dual 301396 0.994   678.0             True 0.110
20260811 PAR-dual 688702 0.959   836.0             True 0.107
20260810 PAR-dual 300179 0.975   722.0             True 0.107
20260811 PAR-dual 688328 0.967   584.0             True 0.104
20260811 PAR-dual 688371 0.971   491.0             True 0.101

======================================================================
② top-30 带质量 — 交付键排名带 FWD 衰减 (两线)
======================================================================
                  n    fwd5   fwd10  hit10_5d
lane     band                                
LEG-all  1-15   330  0.0060 -0.0025    0.0242
         16-30  330  0.0067  0.0098    0.0364
         31-50  440  0.0107  0.0022    0.0341
PAR-dual 1-15   315  0.0075  0.0216    0.0730
         16-30  315  0.0099  0.0177    0.0635
         31-50  420  0.0075  0.0127    0.0333
PAR-main 1-15   315  0.0204  0.0502    0.0476
         16-30  315  0.0229  0.0415    0.0508
         31-50  420  0.0262  0.0434    0.0667

saved -> D:/AMINQT/Daily Operation/STOCK LIST/_replay_arm_band_20260910.txt
