   [frame>] https://www.iwencai.com/home/index
   [frame>] https://www.iwencai.com/screener
   [frame+] 
   [frame>] about:blank
   [frame+] 
[enum] 4个含'登'元素:
   V <LI> class='user-info' href='' txt='登录'
   V <DIV> class='info-content' href='' txt='登录'
   V <SPAN> class='info' href='' txt='登录'
   V <SPAN> class='login' href='' txt='登录'
   [frame+] 
[try#1] clicked <SPAN> '登录' cls='login'
   [frame>] https://upass.iwencai.com/login?isIframe=1&source=iwc_aime_web&main=15&detail=7&pannel=3&r
   frames after try#1: https://www.iwencai.com/screener | https://upass.iwencai.com/login?isIframe=1&source=iwc_aime_w
[try#2] clicked <LI> '登录' cls='user-info'
   frames after try#2: https://www.iwencai.com/screener | https://upass.iwencai.com/login?isIframe=1&source=iwc_aime_w
[try#3] clicked <DIV> '登录' cls='info-content'
   frames after try#3: https://www.iwencai.com/screener | https://upass.iwencai.com/login?isIframe=1&source=iwc_aime_w
[try#4] clicked <SPAN> '登录' cls='info'
   frames after try#4: https://www.iwencai.com/screener | https://upass.iwencai.com/login?isIframe=1&source=iwc_aime_w
[fallback] 可见候选尽, 试 /screener 项
[login] 仍未出现密码框 — 请在打开的浏览器窗口手动点登录输密码(敏敏5us)
[wait] 轮询userid cookie 10分钟 (滑块请手动滑)...
