
### 002377
      date  close  pctChg    cum       amount  volume_ratio  turnover_rate  chip_skew_dist
2026-08-27   2.77   0.000    NaN  45809750.00          0.90          1.899           1.886
2026-08-28   2.81   1.444    NaN  58426173.00          1.10          2.399           1.906
2026-08-31   2.81   0.000    NaN  85410453.00          1.54          3.470           1.915
2026-09-01   2.83   0.712    NaN  78027101.00          1.25          3.155           1.922
2026-09-02   2.81  -0.707    NaN  71624463.00          1.13          2.927           1.928
2026-09-03   2.75  -2.135    NaN  64596624.00          0.97          2.675           1.952
2026-09-04   2.75   0.000 -0.007  56851830.00          0.80          2.345           1.980
2026-09-07   2.74  -0.364 -0.011  50563809.00          0.72          2.108           2.006
2026-09-08   2.86   4.380  0.032 101851928.00          1.57          4.151           2.028
2026-09-09   3.15  10.140  0.137 528317047.88          6.93         19.699           1.370

### 002204
      date  close  pctChg    cum       amount  volume_ratio  turnover_rate  chip_skew_dist
2026-08-27   5.21  -0.382    NaN  83840536.00          0.99          0.836           0.606
2026-08-28   5.25   0.768    NaN  78592741.60          0.89          0.778           0.629
2026-08-31   5.22  -0.571    NaN  87832364.94          0.98          0.872           0.653
2026-09-01   5.25   0.575    NaN  91728714.53          1.04          0.903           0.675
2026-09-02   5.19  -1.143    NaN  82892630.35          0.94          0.828           0.697
2026-09-03   5.14  -0.963    NaN  85474306.63          1.01          0.856           0.721
2026-09-04   5.17   0.584 -0.011 106906252.07          1.26          1.064           0.747
2026-09-07   5.19   0.387 -0.008  72149607.70          0.80          0.720           0.749
2026-09-08   5.31   2.312  0.015 133052968.17          1.50          1.307           0.786
2026-09-09   5.35   0.753  0.023 103900128.00          1.06          1.009           0.829

### 002201
      date  close  pctChg   cum       amount  volume_ratio  turnover_rate  chip_skew_dist
2026-08-27   8.29   1.469   NaN 7.971282e+07          0.89          1.602           0.973
2026-08-28   8.35   0.724   NaN 8.752193e+07          0.98          1.741           0.998
2026-08-31   8.37   0.240   NaN 7.035579e+07          0.80          1.406           1.019
2026-09-01   8.38   0.119   NaN 7.765621e+07          0.93          1.538           1.040
2026-09-02   9.22  10.024   NaN 3.866018e+08          4.45          7.072           1.127
2026-09-03   9.89   7.267   NaN 1.039151e+09          6.77         18.101           1.095
2026-09-04   9.27  -6.269 0.135 6.731649e+08          2.00         11.916           1.146
2026-09-07   9.05  -2.373 0.108 4.161525e+08          0.95          7.631           1.219
2026-09-08   9.30   2.762 0.138 5.596341e+08          1.09         10.102           1.305
2026-09-09   9.16  -1.505 0.121 4.043455e+08          0.66          7.288           1.357

### 301176
      date  close  pctChg    cum       amount  volume_ratio  turnover_rate  chip_skew_dist
2026-08-27  46.63   4.411    NaN 252457821.62          1.12          3.341           2.114
2026-08-28  46.22  -0.879    NaN 251132756.58          1.07          3.268           2.152
2026-08-31  48.58   5.106    NaN 346295115.92          1.41          4.376           2.196
2026-09-01  45.60  -6.134    NaN 291680459.13          1.14          3.852           2.239
2026-09-02  44.32  -2.807    NaN 160343078.00          0.61          2.197           2.278
2026-09-03  44.38   0.135    NaN 142576461.68          0.58          1.967           2.312
2026-09-04  42.70  -3.785 -0.044 182045226.00          0.81          2.528           2.356
2026-09-07  46.74   9.461  0.047 343643789.12          1.54          4.584           2.435
2026-09-08  46.45  -0.620  0.040 266476527.82          1.14          3.454           2.472
2026-09-09  49.00   5.490  0.097 542440284.98          2.28          6.710           2.468

### 600318
      date  close  pctChg   cum      amount  volume_ratio  turnover_rate  chip_skew_dist
2026-08-27   6.94   3.274   NaN 169735291.0          2.25          4.804           2.261
2026-08-28   6.88  -0.865   NaN 103039445.0          1.06          2.920           2.179
2026-08-31   6.81  -1.017   NaN  84426122.0          0.79          2.421           2.068
2026-09-01   7.49   9.985   NaN 233738082.0          1.92          6.284           1.705
2026-09-02   7.19  -4.005   NaN 344711985.0          2.31          9.331           1.193
2026-09-03   7.02  -2.364   NaN 244010800.0          1.29          6.663           0.926
2026-09-04   7.34   4.558 0.092 485206019.0          2.32         12.797           0.462
2026-09-07   7.12  -2.997 0.060 299439934.0          1.08          8.104           0.184
2026-09-08   7.52   5.618 0.119 658895666.0          1.95         16.836          -0.204
2026-09-09   7.35  -2.261 0.094 411740918.0          1.02         10.923          -0.442

### 600359
      date  close  pctChg   cum      amount  volume_ratio  turnover_rate  chip_skew_dist
2026-08-27   7.47  10.015   NaN 182766853.0          1.29          6.450           0.111
2026-08-28   7.51   0.535   NaN 497706489.0          3.47         17.263          -0.039
2026-08-31   7.34  -2.264   NaN 386721222.0          1.78         13.528          -0.291
2026-09-01   7.79   6.131   NaN 469479657.0          1.67         15.902          -0.541
2026-09-02   7.18  -7.831   NaN 333737589.0          1.05         12.077          -0.732
2026-09-03   7.16  -0.279   NaN 217142613.0          0.61          7.895          -0.822
2026-09-04   7.46   4.190 0.099 231181295.0          0.61          8.194          -0.931
2026-09-07   7.88   5.630 0.161 337212480.0          0.98         11.256          -0.942
2026-09-08   7.96   1.015 0.172 435155521.0          1.29         14.295          -0.946
2026-09-09   8.76  10.050 0.290 335687763.0          0.95         10.234          -0.758

### 000993
      date  close  pctChg   cum       amount  volume_ratio  turnover_rate  chip_skew_dist
2026-08-27   9.91   0.304   NaN  46947207.00          1.05          1.038           1.169
2026-08-28   9.92   0.101   NaN  36166785.68          0.79          0.797           1.180
2026-08-31   9.91  -0.101   NaN  35463293.00          0.81          0.785           1.192
2026-09-01  10.07   1.615   NaN  62356033.53          1.49          1.356           1.213
2026-09-02  10.26   1.887   NaN  96860890.60          2.06          2.084           1.246
2026-09-03  10.49   2.242   NaN 277434228.75          4.73          5.729           1.323
2026-09-04  10.73   2.288 0.086 300633675.92          2.86          6.154           1.404
2026-09-07  10.46  -2.516 0.059 167351213.93          1.09          3.496           1.455
2026-09-08  10.43  -0.287 0.056 122955526.68          0.68          2.576           1.496
2026-09-09  11.47   9.971 0.161 327480754.89          1.59          6.355           1.554

### 000565
      date  close  pctChg   cum       amount  volume_ratio  turnover_rate  chip_skew_dist
2026-08-27   6.02  -0.166   NaN  42179471.00          0.53          1.618           1.278
2026-08-28   6.62   9.967   NaN 146280396.41          2.37          5.348           1.313
2026-08-31   6.48  -2.115   NaN 287508592.79          3.63         10.098           1.174
2026-09-01   6.50   0.309   NaN 135805409.11          1.10          4.832           1.167
2026-09-02   6.48  -0.308   NaN 106144624.88          0.78          3.775           1.162
2026-09-03   6.30  -2.778   NaN  86997566.62          0.61          3.150           1.172
2026-09-04   6.33   0.476 0.050  73740673.08          0.49          2.675           1.186
2026-09-07   6.45   1.896 0.070  74706625.00          0.55          2.685           1.192
2026-09-08   6.54   1.395 0.085  86025269.91          0.89          3.052           1.185
2026-09-09   7.19   9.939 0.192 270737859.40          2.90          8.900           0.984


========== RANK DEPTH ==========

--- 20260902: legacy n=3239, parallel n=3882 {'dual': 1462, 'main': 2420}, shortlist n=23 cutoff_score=0.8465
  002377 
    LEG[rk10|mag10|prob10|mag5|prob5] NOT-IN-POOL
    PAR[brd|rkScore|rkMag5|score|mag5|prob5|mag10|prob10] main 182 1249 0.7391 0.0468 0.4705 0.0168 0.4824
  002204 
    LEG[rk10|mag10|prob10|mag5|prob5] 1264/3239 -0.0036 0.2865 0.0044 0.2937
    PAR[brd|rkScore|rkMag5|score|mag5|prob5|mag10|prob10] main 588 2232 0.6267 0.0211 0.4477 0.0065 0.4675
  002201 
    LEG[rk10|mag10|prob10|mag5|prob5] 2870/3239 -0.0257 0.2198 0.0038 0.2907
    PAR[brd|rkScore|rkMag5|score|mag5|prob5|mag10|prob10] main 1922 677 0.4059 0.0627 0.4037 -0.0137 0.4383
  301176 
    LEG[rk10|mag10|prob10|mag5|prob5] 2697/3239 -0.0221 0.3137 -0.0106 0.3194
    PAR[brd|rkScore|rkMag5|score|mag5|prob5|mag10|prob10] dual 436 75 0.6192 0.1284 0.5918 -0.0048 0.6109
  600318 
    LEG[rk10|mag10|prob10|mag5|prob5] 2913/3239 -0.0268 0.2165 0.0041 0.2922
    PAR[brd|rkScore|rkMag5|score|mag5|prob5|mag10|prob10] main 915 1864 0.568 0.0319 0.4359 0.0011 0.4597
  600359 
    LEG[rk10|mag10|prob10|mag5|prob5] 1069/3239 -0.0012 0.2952 0.0062 0.3012
    PAR[brd|rkScore|rkMag5|score|mag5|prob5|mag10|prob10] main 540 1105 0.6385 0.0501 0.4501 0.0076 0.469
  000993 
    LEG[rk10|mag10|prob10|mag5|prob5] 833/3239 0.0026 0.3085 0.005 0.2963
    PAR[brd|rkScore|rkMag5|score|mag5|prob5|mag10|prob10] main 365 1049 0.6847 0.0519 0.4595 0.0118 0.4752
  000565 
    LEG[rk10|mag10|prob10|mag5|prob5] 46/3239 0.0543 0.5296 0.0231 0.3905
    PAR[brd|rkScore|rkMag5|score|mag5|prob5|mag10|prob10] main 847 1990 0.5779 0.0283 0.4379 0.002 0.461

--- 20260903: legacy n=3104, parallel n=3807 {'dual': 1446, 'main': 2361}, shortlist n=25 cutoff_score=0.7684
  002377 
    LEG[rk10|mag10|prob10|mag5|prob5] NOT-IN-POOL
    PAR[brd|rkScore|rkMag5|score|mag5|prob5|mag10|prob10] main 51 1126 0.8195 0.0497 0.4975 0.028 0.4999
  002204 
    LEG[rk10|mag10|prob10|mag5|prob5] 1404/3104 0.0002 0.2996 0.0089 0.3138
    PAR[brd|rkScore|rkMag5|score|mag5|prob5|mag10|prob10] main 520 2214 0.6479 0.0207 0.4688 0.0118 0.474
  002201 
    LEG[rk10|mag10|prob10|mag5|prob5] 2766/3104 -0.0223 0.2284 0.0068 0.3036
    PAR[brd|rkScore|rkMag5|score|mag5|prob5|mag10|prob10] main 1854 657 0.3969 0.0634 0.4272 -0.0118 0.4364
  301176 
    LEG[rk10|mag10|prob10|mag5|prob5] 2850/3104 -0.0254 0.3041 -0.0115 0.3162
    PAR[brd|rkScore|rkMag5|score|mag5|prob5|mag10|prob10] dual 532 84 0.5898 0.1267 0.6108 -0.0067 0.6263
  600318 
    LEG[rk10|mag10|prob10|mag5|prob5] 2075/3104 -0.0084 0.269 0.0089 0.3138
    PAR[brd|rkScore|rkMag5|score|mag5|prob5|mag10|prob10] main 613 1817 0.6258 0.0331 0.4651 0.0098 0.4707
  600359 
    LEG[rk10|mag10|prob10|mag5|prob5] 409/3104 0.0176 0.3662 0.0127 0.3327
    PAR[brd|rkScore|rkMag5|score|mag5|prob5|mag10|prob10] main 209 795 0.7316 0.0592 0.4828 0.0197 0.4866
  000993 
    LEG[rk10|mag10|prob10|mag5|prob5] 1628/3104 -0.0022 0.2915 0.0093 0.3158
    PAR[brd|rkScore|rkMag5|score|mag5|prob5|mag10|prob10] main 1129 852 0.5281 0.0579 0.4488 0.0005 0.456
  000565 
    LEG[rk10|mag10|prob10|mag5|prob5] 41/3104 0.0595 0.5531 0.0239 0.3958
    PAR[brd|rkScore|rkMag5|score|mag5|prob5|mag10|prob10] main 626 1812 0.6233 0.0332 0.4647 0.0095 0.4703

--- 20260904: legacy n=3306, parallel n=3997 {'dual': 1520, 'main': 2477}, shortlist n=14 cutoff_score=0.8120
  002377 
    LEG[rk10|mag10|prob10|mag5|prob5] NOT-IN-POOL
    PAR[brd|rkScore|rkMag5|score|mag5|prob5|mag10|prob10] main 30 1123 0.85 0.0506 0.5054 0.0344 0.5082
  002204 
    LEG[rk10|mag10|prob10|mag5|prob5] 948/3306 0.0064 0.3217 0.0015 0.2811
    PAR[brd|rkScore|rkMag5|score|mag5|prob5|mag10|prob10] main 744 2297 0.613 0.0205 0.4657 0.0111 0.4728
  002201 
    LEG[rk10|mag10|prob10|mag5|prob5] 2563/3306 -0.0136 0.2524 0.0008 0.2781
    PAR[brd|rkScore|rkMag5|score|mag5|prob5|mag10|prob10] main 1591 747 0.4775 0.0609 0.4431 -0.0023 0.4527
  301176 
    LEG[rk10|mag10|prob10|mag5|prob5] 2925/3306 -0.021 0.3168 -0.0115 0.3161
    PAR[brd|rkScore|rkMag5|score|mag5|prob5|mag10|prob10] dual 298 87 0.6689 0.1241 0.5772 -0.001 0.5923
  600318 
    LEG[rk10|mag10|prob10|mag5|prob5] 3000/3306 -0.0233 0.2259 0.0008 0.2781
    PAR[brd|rkScore|rkMag5|score|mag5|prob5|mag10|prob10] main 1304 1833 0.524 0.0338 0.4508 0.0023 0.4596
  600359 
    LEG[rk10|mag10|prob10|mag5|prob5] 2698/3306 -0.016 0.2456 0.0102 0.3198
    PAR[brd|rkScore|rkMag5|score|mag5|prob5|mag10|prob10] main 497 999 0.6688 0.0543 0.475 0.0166 0.4811
  000993 
    LEG[rk10|mag10|prob10|mag5|prob5] 2032/3306 -0.0061 0.2768 0.0008 0.2781
    PAR[brd|rkScore|rkMag5|score|mag5|prob5|mag10|prob10] main 1441 819 0.5013 0.0591 0.447 0.0001 0.4562
  000565 
    LEG[rk10|mag10|prob10|mag5|prob5] NOT-IN-POOL
    PAR[brd|rkScore|rkMag5|score|mag5|prob5|mag10|prob10] main 279 1411 0.7235 0.0437 0.4842 0.0219 0.4893

--- 20260907: legacy n=3112, parallel n=3763 {'dual': 1433, 'main': 2330}, shortlist n=20 cutoff_score=0.8361
  002377 
    LEG[rk10|mag10|prob10|mag5|prob5] NOT-IN-POOL
    PAR[brd|rkScore|rkMag5|score|mag5|prob5|mag10|prob10] main 24 1110 0.8607 0.0503 0.507 0.0429 0.5122
  002204 
    LEG[rk10|mag10|prob10|mag5|prob5] NOT-IN-POOL
    PAR[brd|rkScore|rkMag5|score|mag5|prob5|mag10|prob10] main 649 2175 0.6099 0.0203 0.4724 0.0159 0.482
  002201 
    LEG[rk10|mag10|prob10|mag5|prob5] 2744/3112 -0.0224 0.228 -0.0016 0.2672
    PAR[brd|rkScore|rkMag5|score|mag5|prob5|mag10|prob10] main 1343 764 0.5 0.0608 0.4573 0.004 0.4687
  301176 
    LEG[rk10|mag10|prob10|mag5|prob5] 2944/3112 -0.0294 0.2927 -0.0126 0.3118
    PAR[brd|rkScore|rkMag5|score|mag5|prob5|mag10|prob10] dual 433 89 0.6213 0.1235 0.5957 -0.0014 0.6259
  600318 
    LEG[rk10|mag10|prob10|mag5|prob5] 2407/3112 -0.0147 0.2492 -0.0016 0.2672
    PAR[brd|rkScore|rkMag5|score|mag5|prob5|mag10|prob10] main 787 1676 0.5824 0.0356 0.4687 0.0129 0.4787
  600359 
    LEG[rk10|mag10|prob10|mag5|prob5] 2568/3112 -0.0182 0.2395 0.0075 0.3065
    PAR[brd|rkScore|rkMag5|score|mag5|prob5|mag10|prob10] main 895 1141 0.5674 0.0494 0.4666 0.0113 0.4768
  000993 
    LEG[rk10|mag10|prob10|mag5|prob5] 637/3112 0.0083 0.3287 -0.0007 0.271
    PAR[brd|rkScore|rkMag5|score|mag5|prob5|mag10|prob10] main 1093 826 0.538 0.0589 0.4625 0.0081 0.4733
  000565 
    LEG[rk10|mag10|prob10|mag5|prob5] NOT-IN-POOL
    PAR[brd|rkScore|rkMag5|score|mag5|prob5|mag10|prob10] main 354 1556 0.6871 0.0387 0.4831 0.0242 0.4913

--- 20260908: legacy n=3214, parallel n=3864 {'dual': 1410, 'main': 2454}, shortlist n=16 cutoff_score=0.8414
  002377 
    LEG[rk10|mag10|prob10|mag5|prob5] 2864/3214 -0.03 0.2171 -0.0316 0.1921
    PAR[brd|rkScore|rkMag5|score|mag5|prob5|mag10|prob10] main 573 1480 0.6434 0.0422 0.489 0.026 0.4973
  002204 
    LEG[rk10|mag10|prob10|mag5|prob5] 2350/3214 -0.0221 0.235 -0.0314 0.1927
    PAR[brd|rkScore|rkMag5|score|mag5|prob5|mag10|prob10] main 897 2260 0.5786 0.0207 0.4833 0.0188 0.4909
  002201 
    LEG[rk10|mag10|prob10|mag5|prob5] 1129/3214 -0.01 0.2676 -0.0345 0.1833
    PAR[brd|rkScore|rkMag5|score|mag5|prob5|mag10|prob10] main 1939 624 0.4144 0.0648 0.4691 0.0005 0.4747
  301176 
    LEG[rk10|mag10|prob10|mag5|prob5] 2757/3214 -0.0277 0.2978 -0.0095 0.3247
    PAR[brd|rkScore|rkMag5|score|mag5|prob5|mag10|prob10] dual 714 83 0.5367 0.1262 0.634 -0.0063 0.6747
  600318 
    LEG[rk10|mag10|prob10|mag5|prob5] 2530/3214 -0.0243 0.2301 -0.0328 0.1878
    PAR[brd|rkScore|rkMag5|score|mag5|prob5|mag10|prob10] main 925 1723 0.5736 0.0361 0.4829 0.0182 0.4904
  600359 
    LEG[rk10|mag10|prob10|mag5|prob5] 2975/3214 -0.0332 0.2097 -0.0296 0.1977
    PAR[brd|rkScore|rkMag5|score|mag5|prob5|mag10|prob10] main 853 1070 0.5855 0.0521 0.4839 0.0196 0.4916
  000993 
    LEG[rk10|mag10|prob10|mag5|prob5] 1843/3214 -0.0175 0.2469 -0.0313 0.1928
    PAR[brd|rkScore|rkMag5|score|mag5|prob5|mag10|prob10] main 1070 824 0.5512 0.0591 0.4809 0.0157 0.4882
  000565 
    LEG[rk10|mag10|prob10|mag5|prob5] 3119/3214 -0.0426 0.1899 -0.0198 0.2316
    PAR[brd|rkScore|rkMag5|score|mag5|prob5|mag10|prob10] main 491 1783 0.6627 0.0348 0.4906 0.0282 0.4992

--- 20260909: legacy n=3108, parallel n=3770 {'dual': 1385, 'main': 2385}, shortlist n=16 cutoff_score=0.8456
  002377 
    LEG[rk10|mag10|prob10|mag5|prob5] 1518/3108 0.0065 0.3217 -0.0009 0.3143
    PAR[brd|rkScore|rkMag5|score|mag5|prob5|mag10|prob10] main 959 1684 0.5663 0.0368 0.5106 0.0213 0.5226
  002204 
    LEG[rk10|mag10|prob10|mag5|prob5] 1944/3108 0.0004 0.3013 -0.0074 0.2834
    PAR[brd|rkScore|rkMag5|score|mag5|prob5|mag10|prob10] main 1021 2229 0.5582 0.0206 0.5106 0.0204 0.5225
  002201 
    LEG[rk10|mag10|prob10|mag5|prob5] 1266/3108 0.0104 0.3359 -0.0016 0.3106
    PAR[brd|rkScore|rkMag5|score|mag5|prob5|mag10|prob10] main 890 787 0.5801 0.0604 0.5107 0.0229 0.5228
  301176 
    LEG[rk10|mag10|prob10|mag5|prob5] 2911/3108 -0.0268 0.2997 -0.0114 0.3164
    PAR[brd|rkScore|rkMag5|score|mag5|prob5|mag10|prob10] dual 816 54 0.4906 0.1285 0.6583 -0.0094 0.7079
  600318 
    LEG[rk10|mag10|prob10|mag5|prob5] 1608/3108 0.0051 0.3172 0.0007 0.3228
    PAR[brd|rkScore|rkMag5|score|mag5|prob5|mag10|prob10] main 833 1715 0.5908 0.0361 0.5108 0.0241 0.5229
  600359 
    LEG[rk10|mag10|prob10|mag5|prob5] 3075/3108 -0.0404 0.1944 -0.0195 0.2327
    PAR[brd|rkScore|rkMag5|score|mag5|prob5|mag10|prob10] main 1086 940 0.545 0.0556 0.5105 0.0189 0.5223
  000993 
    LEG[rk10|mag10|prob10|mag5|prob5] 1838/3108 0.0021 0.3072 -0.0043 0.2976
    PAR[brd|rkScore|rkMag5|score|mag5|prob5|mag10|prob10] main 1310 804 0.5014 0.0601 0.5102 0.014 0.5218
  000565 
    LEG[rk10|mag10|prob10|mag5|prob5] 3002/3108 -0.0316 0.2132 -0.0017 0.3106
    PAR[brd|rkScore|rkMag5|score|mag5|prob5|mag10|prob10] main 972 2103 0.5649 0.0251 0.5106 0.0211 0.5226


========== MARKET CONTEXT / NAMES ==========
  ts_code name industry market
000565.SZ 渝三峡A     染料涂料     主板
000993.SZ 闽东电力     水力发电     主板
002201.SZ 九鼎新材       玻璃     主板
002204.SZ 大连重工     专用机械     主板
002377.SZ 国创高新     其他建材     主板
301176.SZ 逸豪新材      元器件    创业板
600318.SH 新力金融     多元金融     主板
600359.SH 新农开发      种植业     主板
20260909: up=1794 down=3642 limit10+=53 limit20+=2 total=5550
  ts_code  close  pct_chg       amount
000565.SZ   7.19   9.9388 270737.85940
000993.SZ  11.47   9.9712 327480.75489
002201.SZ   9.16  -1.5054 404345.46657
002204.SZ   5.35   0.7533 103900.12800
002377.SZ   3.15  10.1399 528317.04788
301176.SZ  49.00   5.4898 542440.28498
600318.SH   7.35  -2.2606 411740.91800
600359.SH   8.76  10.0503 335687.76300
20260910: up=955 down=4512 limit10+=41 limit20+=2 total=5549
  ts_code  close  pct_chg       amount
000565.SZ   7.91  10.0139 2.380397e+05
000993.SZ  12.62  10.0262 6.785743e+05
002201.SZ  10.08  10.0437 5.891758e+05
002204.SZ   5.89  10.0935 4.973542e+05
002377.SZ   3.47  10.1587 2.124513e+05
301176.SZ  56.49  15.2857 1.098131e+06
600318.SH   8.09  10.0680 9.205749e+05
600359.SH   9.64  10.0457 3.853796e+05
trade_date  pct_chg
  20260901  -0.1608
  20260902  -0.9674
  20260903   0.0178
  20260904  -0.3037
  20260907   0.0657
  20260908   0.1997
  20260909   0.2780
  20260910  -0.4328
trade_date  pct_chg
  20260901  -1.3160
  20260902  -2.3925
  20260903   0.0090
  20260904  -0.7848
  20260907   3.4120
  20260908  -1.1465
  20260909  -0.1413
  20260910  -0.4932
