2026-08-02 09:44:32,487 INFO 构建 A 面板 OOS 帧 [main] ...
2026-08-02 09:46:10,386 INFO dim28: SW daily history loaded: 871577 rows, 428 indices
2026-08-02 09:46:40,177 INFO 构建 A 面板 OOS 帧 [dual] ...
2026-08-02 09:48:19,666 INFO dim28: SW daily history loaded: 871577 rows, 428 indices

======== 1. _x/_y 孪生列 spearman 相关性 (V3 面板双源) ========
  benefit_part   ρ(x,y)=+0.7945
  avg_cost       ρ(x,y)=+0.9972  <-- 高度重复
  pct_70_low     ρ(x,y)=+0.9990  <-- 高度重复
  pct_70_high    ρ(x,y)=+0.9989  <-- 高度重复
  pct_70_con     ρ(x,y)=+0.8876
  pct_90_low     ρ(x,y)=+0.9974  <-- 高度重复
  pct_90_high    ρ(x,y)=+0.9992  <-- 高度重复
  pct_90_con     ρ(x,y)=+0.9161
  cost_5pct      ρ(x,y)=+0.9809  <-- 高度重复
  cost_15pct     ρ(x,y)=+0.9914  <-- 高度重复
  cost_50pct     ρ(x,y)=+0.9973  <-- 高度重复
  cost_85pct     ρ(x,y)=+0.9955  <-- 高度重复
  cost_95pct     ρ(x,y)=+0.9907  <-- 高度重复
  weight_avg     ρ(x,y)=+0.9992  <-- 高度重复

======== 2. V3 实际 CYQ 簇 (main=35, dual=35) ========
  簇: benefit_part_x, avg_cost_x, pct_70_low_x, pct_70_high_x, pct_70_con_x, pct_90_low_x, pct_90_high_x, pct_90_con_x, cost_5pct_x, cost_15pct_x, cost_50pct_x, cost_85pct_x, cost_95pct_x, weight_avg_x, benefit_part_y, avg_cost_y, pct_70_low_y, pct_70_high_y, pct_70_con_y, pct_90_low_y, pct_90_high_y, pct_90_con_y, cost_5pct_y, cost_15pct_y, cost_50pct_y, cost_85pct_y, cost_95pct_y, weight_avg_y, conc_90, cost_bias, conc_trend_20d, cost50_rank, conc_90_industry_rank, is_missing_conc_90, is_missing_winner_ratio
col                         stand_m   drop_m  gain_m  stand_d   drop_d  gain_d  redun
-------------------------------------------------------------------------------------
avg_cost_x                 -0.17496 +0.00084      12 -0.00177 +0.00044      20  0.999
avg_cost_y                 -0.17069 -0.00023      17 +0.04770 -0.00022      39  1.000
benefit_part_x             +0.01222 -0.00018     132 -0.03071 +0.00071     106  0.795
benefit_part_y             -0.11091 -0.00186     105 -0.19731 -0.00074     116  0.808
conc_90                    +0.05820 +0.00163     160 -0.02870 +0.00230     178  0.812
conc_90_industry_rank      +0.03610 -0.00079     138 -0.01574 -0.00344     133  0.812
conc_trend_20d             +0.06675 +0.00157     179 -0.04428 -0.00042     174  0.622
cost50_rank                +0.00000 +0.00000       0 +0.00000 +0.00000       0    nan
cost_15pct_x               -0.18600 -0.00029      15 -0.00501 -0.00160      15  0.997
cost_15pct_y               -0.16652 +0.00000       0 +0.06821 +0.00000       0  1.000
cost_50pct_x               -0.17635 -0.00038      25 -0.00197 -0.00038      15  0.999
cost_50pct_y               -0.17069 +0.00000       0 +0.04770 +0.00000       0  1.000
cost_5pct_x                -0.19581 +0.00230      33 -0.00674 +0.00202      37  0.997
cost_5pct_y                -0.16015 +0.00000       0 +0.07379 +0.00000       0  1.000
cost_85pct_x               -0.16735 +0.00280      14 -0.00105 +0.00014      19  0.998
cost_85pct_y               -0.17032 +0.00000       0 +0.02221 +0.00000       0  1.000
cost_95pct_x               -0.16269 +0.00356      32 +0.00082 -0.00086      19  0.997
cost_95pct_y               -0.17363 +0.00000       0 +0.01411 +0.00000       0  1.000
cost_bias                  -0.11506 +0.00183      32 -0.19423 +0.00471      47  0.808
is_missing_conc_90         +0.00000 +0.00000       0 +0.00000 +0.00000       0    nan
is_missing_winner_ratio    +0.00000 +0.00000       0 +0.00000 +0.00000       0    nan
pct_70_con_x               -0.15289 -0.00519     178 -0.11731 +0.00106     148  0.943
pct_70_con_y               -0.11307 -0.00922     182 -0.14795 +0.00108     186  0.955
pct_70_high_x              -0.17663 -0.00141      14 +0.00363 -0.00044      20  0.999
pct_70_high_y              -0.17032 +0.00297      21 +0.02221 +0.00039      29  1.000
pct_70_low_x               -0.16406 +0.00023      33 +0.02882 -0.00217      48  0.999
pct_70_low_y               -0.16652 -0.00111      32 +0.06821 -0.00132      38  1.000
pct_90_con_x               -0.16075 -0.00369     142 -0.13488 +0.00259     204  0.943
pct_90_con_y               -0.15101 -0.00004     154 -0.15582 +0.00201     211  0.955
pct_90_high_x              -0.17395 +0.00004      24 +0.00542 -0.00041      31  0.999
pct_90_high_y              -0.17363 -0.00088      10 +0.01411 -0.00068      14  1.000
pct_90_low_x               -0.15679 -0.00140      32 +0.04525 -0.00060      41  0.998
pct_90_low_y               -0.16015 -0.00141      23 +0.07379 -0.00113      41  1.000
weight_avg_x               -0.17353 -0.00088      18 +0.01179 -0.00008      28  0.999
weight_avg_y               -0.17000 -0.00042      14 +0.04171 +0.00250      45  1.000
-------------------------------------------------------------------------------------
stand=独立rankIC; drop=全模型IC-打乱该列IC; gain=真实importance; redun=簇内最大|spearman|

======== 3. dedup_l2 (0.7) 在 V3 实际 CYQ 簇 ========
2026-08-02 09:49:15,985 INFO DedupL2: 35 -> 12 features (|r|>0.70)
  [main] 簇 35 -> 幸存 12 | DROP 23
      KEEP: benefit_part_y, avg_cost_x, pct_90_con_x, pct_90_high_y, cost_95pct_x, cost_bias, weight_avg_y, conc_trend_20d, conc_90_industry_rank, cost50_rank, is_missing_conc_90, is_missing_winner_ratio
      DROP: benefit_part_x, pct_70_low_x, pct_70_high_x, pct_70_con_x, pct_90_low_x, pct_90_high_x, cost_5pct_x, cost_15pct_x, cost_50pct_x, cost_85pct_x, weight_avg_x, avg_cost_y, pct_70_low_y, pct_70_high_y, pct_70_con_y, pct_90_low_y, pct_90_con_y, cost_5pct_y, cost_15pct_y, cost_50pct_y, cost_85pct_y, cost_95pct_y, conc_90
2026-08-02 09:49:16,019 INFO DedupL2: 35 -> 13 features (|r|>0.70)
  [dual] 簇 35 -> 幸存 13 | DROP 22
      KEEP: benefit_part_x, benefit_part_y, avg_cost_x, pct_90_high_x, pct_90_con_y, cost_95pct_x, cost_bias, weight_avg_x, conc_trend_20d, conc_90_industry_rank, cost50_rank, is_missing_conc_90, is_missing_winner_ratio
      DROP: pct_70_low_x, pct_70_high_x, pct_70_con_x, pct_90_low_x, pct_90_con_x, cost_5pct_x, cost_15pct_x, cost_50pct_x, cost_85pct_x, avg_cost_y, pct_70_low_y, pct_70_high_y, pct_70_con_y, pct_90_low_y, pct_90_high_y, cost_5pct_y, cost_15pct_y, cost_50pct_y, cost_85pct_y, cost_95pct_y, weight_avg_y, conc_90

======== DONE ========
