2026-08-02 21:03:38,093 [INFO] ¼ÓÔØÃæ°å: D:\AMINQT\PARQUET\panel_full_enriched_v3.parquet
2026-08-02 21:03:40,750 [INFO] Ãæ°å: 2720808 ÐÐ 100 ÁÐ 3244 ¹É, 2023-01-03 00:00:00 ~ 2026-07-31 00:00:00
2026-08-02 21:03:40,812 [INFO] Ðè»ØÌî 2070072 ÐÐ, Éæ¼° 864 ¸ö½»Ò×ÈÕ
2026-08-02 21:03:40,812 [INFO] À­È¡ stk_limit (per-date, 864 ÈÕ)...
2026-08-02 21:03:44,304 [INFO] stk_limit: 6320 stocks
2026-08-02 21:03:44,425 [INFO] stk_limit: 6320 stocks
2026-08-02 21:03:44,425 [INFO] stk_limit: 6324 stocks
2026-08-02 21:03:45,300 [INFO] stk_limit: 6321 stocks
2026-08-02 21:03:46,361 [INFO] stk_limit: 6327 stocks
2026-08-02 21:03:46,364 [INFO] stk_limit: 6325 stocks
2026-08-02 21:03:46,365 [INFO] stk_limit: 6325 stocks
2026-08-02 21:03:48,271 [INFO] stk_limit: 6329 stocks
2026-08-02 21:03:48,271 [INFO] stk_limit: 6329 stocks
2026-08-02 21:03:48,443 [INFO] stk_limit: 6328 stocks
2026-08-02 21:03:50,179 [INFO] stk_limit: 6331 stocks
2026-08-02 21:03:50,202 [INFO] stk_limit: 6334 stocks
2026-08-02 21:03:50,418 [INFO] stk_limit: 6334 stocks
2026-08-02 21:03:52,178 [INFO] stk_limit: 6337 stocks
2026-08-02 21:03:52,178 [INFO] stk_limit: 6339 stocks
2026-08-02 21:03:53,180 [INFO] stk_limit: 6336 stocks
2026-08-02 21:03:54,059 [INFO] stk_limit: 6340 stocks
2026-08-02 21:03:54,060 [INFO] stk_limit: 6340 stocks
2026-08-02 21:03:55,083 [INFO] stk_limit: 6341 stocks
2026-08-02 21:03:55,951 [INFO] stk_limit: 6344 stocks
2026-08-02 21:03:55,951 [INFO] stk_limit: 6341 stocks
2026-08-02 21:03:57,870 [INFO] stk_limit: 6348 stocks
2026-08-02 21:03:57,872 [INFO] stk_limit: 6350 stocks
2026-08-02 21:03:57,971 [INFO] stk_limit: 6347 stocks
2026-08-02 21:03:59,748 [INFO] stk_limit: 6351 stocks
2026-08-02 21:03:59,748 [INFO] stk_limit: 6355 stocks
2026-08-02 21:04:00,749 [INFO] stk_limit: 6351 stocks
2026-08-02 21:04:01,629 [INFO] stk_limit: 6356 stocks
2026-08-02 21:04:01,651 [INFO] stk_limit: 6357 stocks
2026-08-02 21:04:02,628 [INFO] stk_limit: 6359 stocks
2026-08-02 21:04:03,535 [INFO] stk_limit: 6362 stocks
2026-08-02 21:04:03,535 [INFO] stk_limit: 6363 stocks
2026-08-02 21:04:06,498 [INFO] stk_limit: 6366 stocks
2026-08-02 21:04:06,534 [INFO] stk_limit: 6367 stocks
2026-08-02 21:04:08,414 [INFO] stk_limit: 6370 stocks
2026-08-02 21:04:08,414 [INFO] stk_limit: 6370 stocks
2026-08-02 21:04:10,410 [INFO] stk_limit: 6372 stocks
2026-08-02 21:04:10,411 [INFO] stk_limit: 6373 stocks
2026-08-02 21:04:12,347 [INFO] stk_limit: 6375 stocks
2026-08-02 21:04:12,347 [INFO] stk_limit: 6374 stocks
2026-08-02 21:04:14,238 [INFO] stk_limit: 6380 stocks
2026-08-02 21:04:14,238 [INFO] stk_limit: 6377 stocks
2026-08-02 21:04:16,128 [INFO] stk_limit: 6386 stocks
2026-08-02 21:04:16,146 [INFO] stk_limit: 6385 stocks
2026-08-02 21:04:16,874 [WARNING] Tushare stk_limit Ê§°Ü: HTTPConnectionPool(host='api.waditu.com', port=80): Read timed out.
2026-08-02 21:04:18,074 [INFO] stk_limit: 6390 stocks
2026-08-02 21:04:18,074 [INFO] stk_limit: 6391 stocks
2026-08-02 21:04:18,783 [INFO] stk_limit: 6392 stocks
2026-08-02 21:04:19,946 [INFO] stk_limit: 6397 stocks
2026-08-02 21:04:19,978 [INFO] stk_limit: 6395 stocks
2026-08-02 21:04:20,751 [INFO] stk_limit: 6396 stocks
2026-08-02 21:04:21,815 [INFO] stk_limit: 6396 stocks
2026-08-02 21:04:21,847 [INFO] stk_limit: 6397 stocks
2026-08-02 21:04:22,620 [INFO] stk_limit: 6395 stocks
2026-08-02 21:04:23,694 [INFO] stk_limit: 6396 stocks
2026-08-02 21:04:24,721 [INFO] stk_limit: 6402 stocks
2026-08-02 21:04:25,512 [INFO] stk_limit: 6402 stocks
2026-08-02 21:04:25,542 [INFO] stk_limit: 6402 stocks
2026-08-02 21:04:26,643 [INFO] stk_limit: 6405 stocks
2026-08-02 21:04:27,446 [INFO] stk_limit: 6410 stocks
2026-08-02 21:04:28,442 [INFO] stk_limit: 6411 stocks
2026-08-02 21:04:28,510 [INFO] stk_limit: 6412 stocks
2026-08-02 21:04:29,592 [INFO] stk_limit: 6421 stocks
2026-08-02 21:04:30,347 [INFO] stk_limit: 6423 stocks
2026-08-02 21:04:30,378 [INFO] stk_limit: 6421 stocks
2026-08-02 21:04:32,234 [INFO] stk_limit: 6428 stocks
2026-08-02 21:04:32,257 [INFO] stk_limit: 6425 stocks
2026-08-02 21:04:32,515 [INFO] stk_limit: 6424 stocks
2026-08-02 21:04:34,141 [INFO] stk_limit: 6436 stocks
2026-08-02 21:04:34,159 [INFO] stk_limit: 6435 stocks
2026-08-02 21:04:34,390 [WARNING] Tushare stk_limit Ê§°Ü: HTTPConnectionPool(host='api.waditu.com', port=80): Read timed out.
2026-08-02 21:04:35,168 [INFO] stk_limit: 6433 stocks
2026-08-02 21:04:36,060 [INFO] stk_limit: 6440 stocks
2026-08-02 21:04:36,060 [INFO] stk_limit: 6444 stocks
2026-08-02 21:04:36,080 [INFO] stk_limit: 6448 stocks
2026-08-02 21:04:37,984 [INFO] stk_limit: 6447 stocks
2026-08-02 21:04:37,985 [INFO] stk_limit: 6447 stocks
2026-08-02 21:04:37,987 [INFO] stk_limit: 6446 stocks
2026-08-02 21:04:38,745 [INFO] stk_limit: 6448 stocks
2026-08-02 21:04:39,886 [INFO] stk_limit: 6450 stocks
2026-08-02 21:04:39,886 [INFO] stk_limit: 6453 stocks
2026-08-02 21:04:40,877 [INFO] stk_limit: 6449 stocks
2026-08-02 21:04:41,737 [INFO] stk_limit: 6457 stocks
2026-08-02 21:04:41,737 [INFO] stk_limit: 6460 stocks
2026-08-02 21:04:41,761 [INFO] stk_limit: 6456 stocks
2026-08-02 21:04:44,663 [INFO] stk_limit: 6463 stocks
2026-08-02 21:04:44,664 [INFO] stk_limit: 6464 stocks
2026-08-02 21:04:44,664 [INFO] stk_limit: 6467 stocks
2026-08-02 21:04:46,608 [INFO] stk_limit: 6470 stocks
2026-08-02 21:04:46,649 [INFO] stk_limit: 6476 stocks
2026-08-02 21:04:46,649 [INFO] stk_limit: 6472 stocks
2026-08-02 21:04:48,708 [INFO] stk_limit: 6479 stocks
2026-08-02 21:04:48,708 [INFO] stk_limit: 6481 stocks
2026-08-02 21:04:50,628 [INFO] stk_limit: 6482 stocks
2026-08-02 21:04:50,754 [INFO] stk_limit: 6477 stocks
2026-08-02 21:04:51,599 [INFO] stk_limit: 6481 stocks
2026-08-02 21:04:52,550 [INFO] stk_limit: 6483 stocks
2026-08-02 21:04:54,160 [INFO] stk_limit: 6488 stocks
2026-08-02 21:04:55,435 [INFO] stk_limit: 6490 stocks
2026-08-02 21:04:56,225 [INFO] stk_limit: 6493 stocks
2026-08-02 21:04:57,312 [INFO] stk_limit: 6493 stocks
2026-08-02 21:04:58,299 [INFO] stk_limit: 6494 stocks
2026-08-02 21:04:59,257 [INFO] stk_limit: 6496 stocks
2026-08-02 21:05:01,271 [INFO] stk_limit: 6499 stocks
2026-08-02 21:05:01,397 [INFO] stk_limit: 6499 stocks
2026-08-02 21:05:03,246 [INFO] stk_limit: 6502 stocks
2026-08-02 21:05:05,196 [INFO] stk_limit: 6502 stocks
2026-08-02 21:05:09,147 [INFO] stk_limit: 6504 stocks
2026-08-02 21:05:11,047 [INFO] stk_limit: 6506 stocks
2026-08-02 21:05:12,484 [WARNING] Tushare stk_limit Ê§°Ü: HTTPConnectionPool(host='api.waditu.com', port=80): Read timed out.
2026-08-02 21:05:12,953 [INFO] stk_limit: 6511 stocks
2026-08-02 21:05:15,447 [INFO] stk_limit: 6510 stocks
2026-08-02 21:05:15,447 [INFO] stk_limit: 6515 stocks
2026-08-02 21:05:17,488 [INFO] stk_limit: 6516 stocks
2026-08-02 21:05:17,526 [INFO] stk_limit: 6516 stocks
2026-08-02 21:05:19,435 [INFO] stk_limit: 6522 stocks
2026-08-02 21:05:19,437 [INFO] stk_limit: 6519 stocks
2026-08-02 21:05:21,390 [INFO] stk_limit: 6522 stocks
2026-08-02 21:05:21,391 [INFO] stk_limit: 6523 stocks
2026-08-02 21:05:22,204 [WARNING] Tushare stk_limit Ê§°Ü: HTTPConnectionPool(host='api.waditu.com', port=80): Read timed out.
2026-08-02 21:05:23,287 [INFO] stk_limit: 6523 stocks
2026-08-02 21:05:23,948 [INFO] stk_limit: 6523 stocks
2026-08-02 21:05:25,086 [INFO] stk_limit: 6523 stocks
2026-08-02 21:05:25,116 [INFO] stk_limit: 6523 stocks
2026-08-02 21:05:26,848 [INFO] stk_limit: 6525 stocks
2026-08-02 21:05:27,105 [INFO] stk_limit: 6524 stocks
2026-08-02 21:05:27,929 [INFO] stk_limit: 6525 stocks
2026-08-02 21:05:28,758 [INFO] stk_limit: 6529 stocks
2026-08-02 21:05:28,794 [INFO] stk_limit: 6529 stocks
2026-08-02 21:05:29,842 [INFO] stk_limit: 6534 stocks
2026-08-02 21:05:30,689 [INFO] stk_limit: 6538 stocks
2026-08-02 21:05:30,689 [INFO] stk_limit: 6539 stocks
2026-08-02 21:05:32,858 [INFO] stk_limit: 6543 stocks
2026-08-02 21:05:32,860 [INFO] stk_limit: 6541 stocks
2026-08-02 21:05:32,861 [INFO] stk_limit: 6546 stocks
2026-08-02 21:05:32,964 [WARNING] Tushare stk_limit Ê§°Ü: HTTPConnectionPool(host='api.waditu.com', port=80): Read timed out.
2026-08-02 21:05:34,827 [INFO] stk_limit: 6550 stocks
2026-08-02 21:05:34,828 [INFO] stk_limit: 6548 stocks
2026-08-02 21:05:34,828 [INFO] stk_limit: 6549 stocks
2026-08-02 21:05:36,755 [INFO] stk_limit: 6551 stocks
2026-08-02 21:05:36,757 [INFO] stk_limit: 6550 stocks
2026-08-02 21:05:37,761 [INFO] stk_limit: 6552 stocks
2026-08-02 21:05:38,889 [INFO] stk_limit: 6552 stocks
2026-08-02 21:05:38,889 [INFO] stk_limit: 6555 stocks
2026-08-02 21:05:39,689 [INFO] stk_limit: 6561 stocks
2026-08-02 21:05:40,801 [INFO] stk_limit: 6563 stocks
2026-08-02 21:05:41,826 [INFO] stk_limit: 6560 stocks
2026-08-02 21:05:42,618 [INFO] stk_limit: 6562 stocks
2026-08-02 21:05:43,800 [INFO] stk_limit: 6565 stocks
2026-08-02 21:05:45,785 [INFO] stk_limit: 6572 stocks
2026-08-02 21:05:48,750 [INFO] stk_limit: 6572 stocks
2026-08-02 21:05:52,685 [INFO] stk_limit: 6572 stocks
2026-08-02 21:05:54,595 [INFO] stk_limit: 6575 stocks
2026-08-02 21:05:56,493 [INFO] stk_limit: 6575 stocks
2026-08-02 21:05:58,437 [INFO] stk_limit: 6577 stocks
2026-08-02 21:06:01,624 [INFO] stk_limit: 6578 stocks
2026-08-02 21:06:03,757 [INFO] stk_limit: 6578 stocks
2026-08-02 21:06:04,505 [WARNING] Tushare stk_limit Ê§°Ü: HTTPConnectionPool(host='api.waditu.com', port=80): Read timed out.
2026-08-02 21:06:05,703 [INFO] stk_limit: 6579 stocks
2026-08-02 21:06:07,606 [INFO] stk_limit: 6585 stocks
2026-08-02 21:06:09,601 [INFO] stk_limit: 6585 stocks
2026-08-02 21:06:11,528 [INFO] stk_limit: 6586 stocks
2026-08-02 21:06:12,277 [WARNING] Tushare stk_limit Ê§°Ü: HTTPConnectionPool(host='api.waditu.com', port=80): Read timed out.
2026-08-02 21:06:14,236 [WARNING] Tushare stk_limit Ê§°Ü: HTTPConnectionPool(host='api.waditu.com', port=80): Read timed out.
2026-08-02 21:06:14,333 [INFO] stk_limit: 6590 stocks
2026-08-02 21:06:14,532 [INFO] stk_limit: 6588 stocks
2026-08-02 21:06:16,282 [INFO] stk_limit: 6593 stocks
2026-08-02 21:06:16,282 [INFO] stk_limit: 6593 stocks
2026-08-02 21:06:16,282 [INFO] stk_limit: 6591 stocks
2026-08-02 21:06:18,320 [INFO] stk_limit: 6596 stocks
2026-08-02 21:06:20,369 [INFO] stk_limit: 6606 stocks
2026-08-02 21:06:22,305 [INFO] stk_limit: 6607 stocks
2026-08-02 21:06:24,260 [INFO] stk_limit: 6609 stocks
2026-08-02 21:06:27,245 [INFO] stk_limit: 6614 stocks
2026-08-02 21:06:36,237 [WARNING] Tushare stk_limit Ê§°Ü: HTTPConnectionPool(host='api.waditu.com', port=80): Read timed out.
2026-08-02 21:06:48,018 [WARNING] Tushare stk_limit Ê§°Ü: HTTPConnectionPool(host='api.waditu.com', port=80): Read timed out.
2026-08-02 21:06:48,018 [WARNING] Tushare stk_limit Ê§°Ü: HTTPConnectionPool(host='api.waditu.com', port=80): Read timed out.
2026-08-02 21:06:49,932 [INFO] stk_limit: 6621 stocks
2026-08-02 21:06:49,933 [INFO] stk_limit: 6621 stocks
2026-08-02 21:06:53,157 [INFO] stk_limit: 6626 stocks
2026-08-02 21:06:53,967 [INFO] stk_limit: 6626 stocks
2026-08-02 21:06:56,083 [INFO] stk_limit: 6630 stocks
2026-08-02 21:06:56,086 [INFO] stk_limit: 6628 stocks
2026-08-02 21:06:58,034 [INFO] stk_limit: 6631 stocks
2026-08-02 21:06:58,036 [INFO] stk_limit: 6632 stocks
2026-08-02 21:06:58,876 [WARNING] Tushare stk_limit Ê§°Ü: HTTPConnectionPool(host='api.waditu.com', port=80): Read timed out.
2026-08-02 21:07:00,256 [INFO] stk_limit: 6636 stocks
2026-08-02 21:07:00,939 [INFO] stk_limit: 6638 stocks
2026-08-02 21:07:01,000 [INFO] stk_limit: 6634 stocks
2026-08-02 21:07:03,252 [INFO] stk_limit: 6641 stocks
2026-08-02 21:07:03,304 [INFO] stk_limit: 6639 stocks
2026-08-02 21:07:03,501 [INFO] stk_limit: 6640 stocks
2026-08-02 21:07:05,315 [INFO] stk_limit: 6640 stocks
2026-08-02 21:07:06,325 [INFO] stk_limit: 6642 stocks
2026-08-02 21:07:07,246 [INFO] stk_limit: 6642 stocks
2026-08-02 21:07:07,888 [WARNING] Tushare stk_limit Ê§°Ü: HTTPConnectionPool(host='api.waditu.com', port=80): Read timed out.
2026-08-02 21:07:08,267 [INFO] stk_limit: 6644 stocks
2026-08-02 21:07:09,829 [INFO] stk_limit: 6651 stocks
2026-08-02 21:07:12,038 [INFO] stk_limit: 6654 stocks
2026-08-02 21:07:14,043 [INFO] stk_limit: 6654 stocks
2026-08-02 21:07:35,024 [WARNING] Tushare stk_limit Ê§°Ü: HTTPConnectionPool(host='api.waditu.com', port=80): Read timed out.
2026-08-02 21:07:37,104 [INFO] stk_limit: 6657 stocks
2026-08-02 21:07:38,903 [WARNING] Tushare stk_limit Ê§°Ü: HTTPConnectionPool(host='api.waditu.com', port=80): Read timed out.
2026-08-02 21:07:39,528 [WARNING] Tushare stk_limit Ê§°Ü: HTTPConnectionPool(host='api.waditu.com', port=80): Read timed out.
2026-08-02 21:07:40,167 [INFO] stk_limit: 6658 stocks
2026-08-02 21:07:41,044 [INFO] stk_limit: 6660 stocks
2026-08-02 21:07:41,065 [INFO] stk_limit: 6661 stocks
2026-08-02 21:07:42,086 [INFO] stk_limit: 6660 stocks
2026-08-02 21:07:42,976 [INFO] stk_limit: 6661 stocks
2026-08-02 21:07:43,002 [INFO] stk_limit: 6668 stocks
2026-08-02 21:07:43,988 [INFO] stk_limit: 6670 stocks
2026-08-02 21:07:44,910 [INFO] stk_limit: 6672 stocks
2026-08-02 21:07:44,912 [INFO] stk_limit: 6672 stocks
2026-08-02 21:07:45,673 [WARNING] Tushare stk_limit Ê§°Ü: HTTPConnectionPool(host='api.waditu.com', port=80): Read timed out.
2026-08-02 21:07:45,871 [INFO] stk_limit: 6672 stocks
2026-08-02 21:07:46,739 [WARNING] Tushare stk_limit Ê§°Ü: ('Connection aborted.', RemoteDisconnected('Remote end closed connection without response'))
2026-08-02 21:07:46,739 [WARNING] Tushare stk_limit Ê§°Ü: ('Connection aborted.', RemoteDisconnected('Remote end closed connection without response'))
2026-08-02 21:07:47,067 [WARNING] Tushare stk_limit Ê§°Ü: ('Connection broken: IncompleteRead(4242 bytes read, 801 more expected)', IncompleteRead(4242 bytes read, 801 more expected))
2026-08-02 21:07:47,721 [WARNING] Tushare stk_limit Ê§°Ü: ('Connection aborted.', RemoteDisconnected('Remote end closed connection without response'))
2026-08-02 21:07:50,515 [INFO] stk_limit: 6676 stocks
2026-08-02 21:07:50,520 [INFO] stk_limit: 6675 stocks
2026-08-02 21:07:50,522 [INFO] stk_limit: 6681 stocks
2026-08-02 21:07:52,452 [INFO] stk_limit: 6684 stocks
2026-08-02 21:07:52,460 [INFO] stk_limit: 6684 stocks
2026-08-02 21:07:52,509 [INFO] stk_limit: 6683 stocks
2026-08-02 21:07:54,353 [INFO] stk_limit: 6691 stocks
2026-08-02 21:07:54,399 [INFO] stk_limit: 6696 stocks
2026-08-02 21:07:54,400 [INFO] stk_limit: 6686 stocks
2026-08-02 21:07:56,295 [INFO] stk_limit: 6700 stocks
2026-08-02 21:07:56,295 [INFO] stk_limit: 6697 stocks
2026-08-02 21:07:56,296 [INFO] stk_limit: 6701 stocks
2026-08-02 21:07:58,176 [INFO] stk_limit: 6703 stocks
2026-08-02 21:07:58,210 [INFO] stk_limit: 6704 stocks
2026-08-02 21:07:58,212 [INFO] stk_limit: 6702 stocks
2026-08-02 21:08:00,138 [INFO] stk_limit: 6709 stocks
2026-08-02 21:08:01,109 [INFO] stk_limit: 6705 stocks
2026-08-02 21:08:02,172 [INFO] stk_limit: 6710 stocks
2026-08-02 21:08:03,092 [INFO] stk_limit: 6711 stocks
2026-08-02 21:08:04,086 [INFO] stk_limit: 6714 stocks
2026-08-02 21:08:05,005 [INFO] stk_limit: 6714 stocks
2026-08-02 21:08:06,029 [INFO] stk_limit: 6716 stocks
2026-08-02 21:08:07,962 [INFO] stk_limit: 6718 stocks
2026-08-02 21:08:09,928 [INFO] stk_limit: 6721 stocks
2026-08-02 21:08:11,866 [INFO] stk_limit: 6721 stocks
2026-08-02 21:08:13,830 [INFO] stk_limit: 6721 stocks
2026-08-02 21:08:20,181 [WARNING] Tushare stk_limit Ê§°Ü: HTTPConnectionPool(host='api.waditu.com', port=80): Read timed out.
2026-08-02 21:08:22,112 [INFO] stk_limit: 6728 stocks
2026-08-02 21:08:24,171 [INFO] stk_limit: 6729 stocks
2026-08-02 21:08:26,113 [INFO] stk_limit: 6729 stocks
2026-08-02 21:08:28,051 [INFO] stk_limit: 6729 stocks
2026-08-02 21:08:29,805 [WARNING] Tushare stk_limit Ê§°Ü: HTTPConnectionPool(host='api.waditu.com', port=80): Read timed out.
2026-08-02 21:08:32,087 [INFO] stk_limit: 6732 stocks
2026-08-02 21:08:34,263 [INFO] stk_limit: 6733 stocks
2026-08-02 21:08:36,228 [INFO] stk_limit: 6735 stocks
2026-08-02 21:08:36,667 [WARNING] Tushare stk_limit Ê§°Ü: HTTPConnectionPool(host='api.waditu.com', port=80): Read timed out.
2026-08-02 21:08:38,107 [INFO] stk_limit: 6737 stocks
2026-08-02 21:08:40,001 [INFO] stk_limit: 6735 stocks
2026-08-02 21:08:41,983 [INFO] stk_limit: 6736 stocks
2026-08-02 21:08:43,933 [INFO] stk_limit: 6736 stocks
2026-08-02 21:08:45,687 [WARNING] Tushare stk_limit Ê§°Ü: HTTPConnectionPool(host='api.waditu.com', port=80): Read timed out.
2026-08-02 21:08:46,491 [INFO] stk_limit: 6737 stocks
2026-08-02 21:08:47,616 [INFO] stk_limit: 6736 stocks
2026-08-02 21:08:48,415 [INFO] stk_limit: 6737 stocks
2026-08-02 21:08:49,784 [INFO] stk_limit: 6741 stocks
2026-08-02 21:08:50,625 [INFO] stk_limit: 6741 stocks
2026-08-02 21:08:51,742 [INFO] stk_limit: 6742 stocks
2026-08-02 21:08:52,635 [INFO] stk_limit: 6742 stocks
2026-08-02 21:08:53,662 [INFO] stk_limit: 6745 stocks
2026-08-02 21:08:54,584 [INFO] stk_limit: 6745 stocks
2026-08-02 21:08:56,523 [INFO] stk_limit: 6745 stocks
2026-08-02 21:08:58,444 [INFO] stk_limit: 6745 stocks
2026-08-02 21:08:59,820 [WARNING] Tushare stk_limit Ê§°Ü: HTTPConnectionPool(host='api.waditu.com', port=80): Read timed out.
2026-08-02 21:09:00,310 [INFO] stk_limit: 6747 stocks
2026-08-02 21:09:01,730 [INFO] stk_limit: 6748 stocks
2026-08-02 21:09:01,730 [INFO] stk_limit: 6749 stocks
2026-08-02 21:09:03,683 [INFO] stk_limit: 6750 stocks
2026-08-02 21:09:03,684 [INFO] stk_limit: 6750 stocks
2026-08-02 21:09:05,603 [INFO] stk_limit: 6751 stocks
2026-08-02 21:09:05,642 [INFO] stk_limit: 6751 stocks
2026-08-02 21:09:07,570 [INFO] stk_limit: 6751 stocks
2026-08-02 21:09:07,591 [INFO] stk_limit: 6750 stocks
2026-08-02 21:09:08,512 [WARNING] Tushare stk_limit Ê§°Ü: HTTPConnectionPool(host='api.waditu.com', port=80): Read timed out.
2026-08-02 21:09:09,519 [INFO] stk_limit: 6750 stocks
2026-08-02 21:09:11,466 [INFO] stk_limit: 6755 stocks
2026-08-02 21:09:11,568 [INFO] stk_limit: 6751 stocks
2026-08-02 21:09:13,423 [INFO] stk_limit: 6757 stocks
2026-08-02 21:09:16,241 [INFO] stk_limit: 6760 stocks
2026-08-02 21:09:18,340 [INFO] stk_limit: 6767 stocks
2026-08-02 21:09:20,256 [INFO] stk_limit: 6765 stocks
2026-08-02 21:09:22,298 [INFO] stk_limit: 6767 stocks
2026-08-02 21:09:24,253 [INFO] stk_limit: 6767 stocks
2026-08-02 21:09:25,926 [WARNING] Tushare stk_limit Ê§°Ü: HTTPConnectionPool(host='api.waditu.com', port=80): Read timed out.
2026-08-02 21:09:26,205 [INFO] stk_limit: 6767 stocks
2026-08-02 21:09:27,866 [INFO] stk_limit: 6770 stocks
2026-08-02 21:09:27,869 [INFO] stk_limit: 6768 stocks
2026-08-02 21:09:29,760 [INFO] stk_limit: 6770 stocks
2026-08-02 21:09:29,796 [INFO] stk_limit: 6774 stocks
2026-08-02 21:09:31,658 [INFO] stk_limit: 6775 stocks
2026-08-02 21:09:34,615 [INFO] stk_limit: 6776 stocks
2026-08-02 21:09:39,230 [WARNING] Tushare stk_limit Ê§°Ü: HTTPConnectionPool(host='api.waditu.com', port=80): Read timed out.
2026-08-02 21:09:43,133 [WARNING] Tushare stk_limit Ê§°Ü: HTTPConnectionPool(host='api.waditu.com', port=80): Read timed out.
2026-08-02 21:09:45,079 [INFO] stk_limit: 6779 stocks
2026-08-02 21:09:46,972 [INFO] stk_limit: 6779 stocks
2026-08-02 21:09:48,888 [INFO] stk_limit: 6780 stocks
2026-08-02 21:10:01,357 [WARNING] Tushare stk_limit Ê§°Ü: HTTPConnectionPool(host='api.waditu.com', port=80): Read timed out.
2026-08-02 21:10:03,323 [INFO] stk_limit: 6786 stocks
2026-08-02 21:10:05,251 [INFO] stk_limit: 6786 stocks
2026-08-02 21:10:06,164 [WARNING] Tushare stk_limit Ê§°Ü: HTTPConnectionPool(host='api.waditu.com', port=80): Read timed out.
2026-08-02 21:10:07,164 [INFO] stk_limit: 6786 stocks
2026-08-02 21:10:08,081 [INFO] stk_limit: 6786 stocks
2026-08-02 21:10:09,108 [INFO] stk_limit: 6787 stocks
2026-08-02 21:10:10,056 [INFO] stk_limit: 6790 stocks
2026-08-02 21:10:10,871 [WARNING] Tushare stk_limit Ê§°Ü: HTTPConnectionPool(host='api.waditu.com', port=80): Read timed out.
2026-08-02 21:10:11,060 [INFO] stk_limit: 6791 stocks
2026-08-02 21:10:12,617 [INFO] stk_limit: 6792 stocks
2026-08-02 21:10:13,974 [INFO] stk_limit: 6792 stocks
2026-08-02 21:10:14,543 [INFO] stk_limit: 6792 stocks
2026-08-02 21:10:15,882 [INFO] stk_limit: 6796 stocks
2026-08-02 21:10:15,915 [INFO] stk_limit: 6796 stocks
2026-08-02 21:10:18,842 [INFO] stk_limit: 6799 stocks
2026-08-02 21:10:18,865 [INFO] stk_limit: 6796 stocks
2026-08-02 21:10:20,500 [WARNING] Tushare stk_limit Ê§°Ü: HTTPConnectionPool(host='api.waditu.com', port=80): Read timed out.
2026-08-02 21:10:21,836 [INFO] stk_limit: 6802 stocks
2026-08-02 21:10:21,837 [INFO] stk_limit: 6800 stocks
2026-08-02 21:10:22,539 [INFO] stk_limit: 6803 stocks
2026-08-02 21:10:23,777 [INFO] stk_limit: 6807 stocks
2026-08-02 21:10:24,442 [INFO] stk_limit: 6808 stocks
2026-08-02 21:10:24,749 [INFO] stk_limit: 6806 stocks
2026-08-02 21:10:25,719 [INFO] stk_limit: 6808 stocks
2026-08-02 21:10:26,441 [INFO] stk_limit: 6809 stocks
2026-08-02 21:10:26,682 [INFO] stk_limit: 6809 stocks
2026-08-02 21:10:27,637 [INFO] stk_limit: 6811 stocks
2026-08-02 21:10:28,392 [INFO] stk_limit: 6811 stocks
2026-08-02 21:10:28,403 [INFO] stk_limit: 6811 stocks
2026-08-02 21:10:29,526 [INFO] stk_limit: 6813 stocks
2026-08-02 21:10:30,313 [INFO] stk_limit: 6812 stocks
2026-08-02 21:10:30,332 [INFO] stk_limit: 6813 stocks
2026-08-02 21:10:31,458 [INFO] stk_limit: 6814 stocks
2026-08-02 21:10:32,299 [INFO] stk_limit: 6815 stocks
2026-08-02 21:10:32,308 [INFO] stk_limit: 6815 stocks
2026-08-02 21:10:33,366 [INFO] stk_limit: 6815 stocks
2026-08-02 21:10:34,332 [INFO] stk_limit: 6859 stocks
2026-08-02 21:10:34,333 [INFO] stk_limit: 6858 stocks
2026-08-02 21:10:35,304 [INFO] stk_limit: 6862 stocks
2026-08-02 21:10:37,270 [INFO] stk_limit: 6862 stocks
2026-08-02 21:10:37,270 [INFO] stk_limit: 6863 stocks
2026-08-02 21:10:39,228 [INFO] stk_limit: 6864 stocks
2026-08-02 21:10:39,230 [INFO] stk_limit: 6864 stocks
2026-08-02 21:10:39,250 [INFO] stk_limit: 6863 stocks
2026-08-02 21:10:41,313 [INFO] stk_limit: 6865 stocks
2026-08-02 21:10:41,313 [INFO] stk_limit: 6865 stocks
2026-08-02 21:10:41,314 [INFO] stk_limit: 6866 stocks
2026-08-02 21:10:43,134 [WARNING] Tushare stk_limit Ê§°Ü: HTTPConnectionPool(host='api.waditu.com', port=80): Read timed out.
2026-08-02 21:10:43,219 [INFO] stk_limit: 6868 stocks
2026-08-02 21:10:43,231 [INFO] stk_limit: 6867 stocks
2026-08-02 21:10:45,064 [INFO] stk_limit: 6869 stocks
2026-08-02 21:10:45,064 [INFO] stk_limit: 6867 stocks
2026-08-02 21:10:46,079 [INFO] stk_limit: 6869 stocks
2026-08-02 21:10:47,128 [INFO] stk_limit: 6868 stocks
2026-08-02 21:10:47,128 [INFO] stk_limit: 6867 stocks
2026-08-02 21:10:47,975 [INFO] stk_limit: 6866 stocks
2026-08-02 21:10:49,023 [INFO] stk_limit: 6866 stocks
2026-08-02 21:10:49,065 [INFO] stk_limit: 6866 stocks
2026-08-02 21:10:49,901 [INFO] stk_limit: 6867 stocks
2026-08-02 21:10:51,096 [INFO] stk_limit: 6868 stocks
2026-08-02 21:10:51,097 [INFO] stk_limit: 6869 stocks
2026-08-02 21:10:51,820 [INFO] stk_limit: 6867 stocks
2026-08-02 21:10:52,986 [INFO] stk_limit: 6866 stocks
2026-08-02 21:10:53,014 [INFO] stk_limit: 6866 stocks
2026-08-02 21:10:53,778 [INFO] stk_limit: 6868 stocks
2026-08-02 21:10:54,928 [INFO] stk_limit: 6867 stocks
2026-08-02 21:10:55,924 [INFO] stk_limit: 6865 stocks
2026-08-02 21:10:56,740 [INFO] stk_limit: 6867 stocks
2026-08-02 21:10:56,740 [INFO] stk_limit: 6866 stocks
2026-08-02 21:10:58,682 [INFO] stk_limit: 6867 stocks
2026-08-02 21:10:58,684 [INFO] stk_limit: 6866 stocks
2026-08-02 21:10:58,880 [INFO] stk_limit: 6868 stocks
2026-08-02 21:11:00,575 [INFO] stk_limit: 6866 stocks
2026-08-02 21:11:01,103 [INFO] stk_limit: 6866 stocks
2026-08-02 21:11:02,475 [INFO] stk_limit: 6870 stocks
2026-08-02 21:11:02,494 [INFO] stk_limit: 6867 stocks
2026-08-02 21:11:05,387 [INFO] stk_limit: 6870 stocks
2026-08-02 21:11:05,387 [INFO] stk_limit: 6870 stocks
2026-08-02 21:11:07,391 [INFO] stk_limit: 6870 stocks
2026-08-02 21:11:07,903 [INFO] stk_limit: 6871 stocks
2026-08-02 21:11:09,323 [INFO] stk_limit: 6871 stocks
2026-08-02 21:11:09,323 [INFO] stk_limit: 6870 stocks
2026-08-02 21:11:11,224 [INFO] stk_limit: 6868 stocks
2026-08-02 21:11:12,925 [WARNING] Tushare stk_limit Ê§°Ü: HTTPConnectionPool(host='api.waditu.com', port=80): Read timed out.
2026-08-02 21:11:13,223 [INFO] stk_limit: 6869 stocks
2026-08-02 21:11:15,081 [INFO] stk_limit: 6866 stocks
2026-08-02 21:11:15,887 [INFO] stk_limit: 6868 stocks
2026-08-02 21:11:16,974 [INFO] stk_limit: 6866 stocks
2026-08-02 21:11:17,837 [INFO] stk_limit: 6866 stocks
2026-08-02 21:11:18,913 [INFO] stk_limit: 6868 stocks
2026-08-02 21:11:19,862 [INFO] stk_limit: 6869 stocks
2026-08-02 21:11:20,887 [INFO] stk_limit: 6869 stocks
2026-08-02 21:11:22,856 [INFO] stk_limit: 6868 stocks
2026-08-02 21:11:22,949 [INFO] stk_limit: 6866 stocks
2026-08-02 21:11:24,787 [INFO] stk_limit: 6866 stocks
2026-08-02 21:11:24,798 [INFO] stk_limit: 6867 stocks
2026-08-02 21:11:26,827 [INFO] stk_limit: 6866 stocks
2026-08-02 21:11:26,850 [INFO] stk_limit: 6866 stocks
2026-08-02 21:11:28,716 [INFO] stk_limit: 6868 stocks
2026-08-02 21:11:28,743 [INFO] stk_limit: 6868 stocks
2026-08-02 21:11:30,241 [WARNING] Tushare stk_limit Ê§°Ü: HTTPConnectionPool(host='api.waditu.com', port=80): Read timed out.
2026-08-02 21:11:30,724 [INFO] stk_limit: 6868 stocks
2026-08-02 21:11:30,759 [INFO] stk_limit: 6868 stocks
2026-08-02 21:11:32,167 [INFO] stk_limit: 6870 stocks
2026-08-02 21:11:32,168 [INFO] stk_limit: 6869 stocks
2026-08-02 21:11:32,168 [INFO] stk_limit: 6869 stocks
2026-08-02 21:11:34,149 [INFO] stk_limit: 6870 stocks
2026-08-02 21:11:34,151 [INFO] stk_limit: 6872 stocks
2026-08-02 21:11:34,151 [INFO] stk_limit: 6871 stocks
2026-08-02 21:11:36,164 [INFO] stk_limit: 6872 stocks
2026-08-02 21:11:36,164 [INFO] stk_limit: 6877 stocks
2026-08-02 21:11:36,164 [INFO] stk_limit: 6876 stocks
2026-08-02 21:11:39,241 [INFO] stk_limit: 6877 stocks
2026-08-02 21:11:39,241 [INFO] stk_limit: 6877 stocks
2026-08-02 21:11:39,241 [INFO] stk_limit: 6879 stocks
2026-08-02 21:11:40,894 [WARNING] Tushare stk_limit Ê§°Ü: HTTPConnectionPool(host='api.waditu.com', port=80): Read timed out.
2026-08-02 21:11:41,187 [INFO] stk_limit: 6879 stocks
2026-08-02 21:11:41,189 [INFO] stk_limit: 6880 stocks
2026-08-02 21:11:41,189 [INFO] stk_limit: 6880 stocks
2026-08-02 21:11:42,788 [INFO] stk_limit: 6880 stocks
2026-08-02 21:11:42,822 [INFO] stk_limit: 6881 stocks
2026-08-02 21:11:42,823 [INFO] stk_limit: 6881 stocks
2026-08-02 21:11:42,824 [INFO] stk_limit: 6880 stocks
2026-08-02 21:11:44,897 [INFO] stk_limit: 6893 stocks
2026-08-02 21:11:44,898 [INFO] stk_limit: 6893 stocks
2026-08-02 21:11:44,929 [INFO] stk_limit: 6891 stocks
2026-08-02 21:11:47,168 [INFO] stk_limit: 6893 stocks
2026-08-02 21:11:47,580 [INFO] stk_limit: 6893 stocks
2026-08-02 21:11:50,091 [INFO] stk_limit: 6898 stocks
2026-08-02 21:11:50,125 [INFO] stk_limit: 6896 stocks
2026-08-02 21:11:53,091 [INFO] stk_limit: 6901 stocks
2026-08-02 21:11:56,165 [INFO] stk_limit: 6901 stocks
2026-08-02 21:12:14,573 [WARNING] Tushare stk_limit Ê§°Ü: HTTPConnectionPool(host='api.waditu.com', port=80): Read timed out.
2026-08-02 21:12:16,541 [INFO] stk_limit: 6905 stocks
2026-08-02 21:12:16,631 [WARNING] Tushare stk_limit Ê§°Ü: HTTPConnectionPool(host='api.waditu.com', port=80): Read timed out.
2026-08-02 21:12:18,552 [INFO] stk_limit: 6904 stocks
2026-08-02 21:12:18,578 [INFO] stk_limit: 6905 stocks
2026-08-02 21:12:20,511 [INFO] stk_limit: 6909 stocks
2026-08-02 21:12:20,511 [INFO] stk_limit: 6906 stocks
2026-08-02 21:12:21,757 [WARNING] Tushare stk_limit Ê§°Ü: HTTPConnectionPool(host='api.waditu.com', port=80): Read timed out.
2026-08-02 21:12:22,576 [INFO] stk_limit: 6911 stocks
2026-08-02 21:12:22,604 [INFO] stk_limit: 6912 stocks
2026-08-02 21:12:23,704 [INFO] stk_limit: 6913 stocks
2026-08-02 21:12:24,532 [INFO] stk_limit: 6913 stocks
2026-08-02 21:12:24,564 [INFO] stk_limit: 6914 stocks
2026-08-02 21:12:25,644 [INFO] stk_limit: 6916 stocks
2026-08-02 21:12:27,576 [INFO] stk_limit: 6921 stocks
2026-08-02 21:12:27,577 [INFO] stk_limit: 6918 stocks
2026-08-02 21:12:27,890 [WARNING] Tushare stk_limit Ê§°Ü: HTTPConnectionPool(host='api.waditu.com', port=80): Read timed out.
2026-08-02 21:12:29,528 [INFO] stk_limit: 6922 stocks
2026-08-02 21:12:29,528 [INFO] stk_limit: 6923 stocks
2026-08-02 21:12:29,528 [INFO] stk_limit: 6924 stocks
2026-08-02 21:12:31,465 [INFO] stk_limit: 6927 stocks
2026-08-02 21:12:31,489 [INFO] stk_limit: 6925 stocks
2026-08-02 21:12:31,490 [INFO] stk_limit: 6925 stocks
2026-08-02 21:12:33,693 [INFO] stk_limit: 6930 stocks
2026-08-02 21:12:33,695 [INFO] stk_limit: 6934 stocks
2026-08-02 21:12:34,531 [INFO] stk_limit: 6936 stocks
2026-08-02 21:12:36,655 [INFO] stk_limit: 6941 stocks
2026-08-02 21:12:36,658 [INFO] stk_limit: 6940 stocks
2026-08-02 21:12:36,690 [INFO] stk_limit: 6938 stocks
2026-08-02 21:12:38,598 [INFO] stk_limit: 6945 stocks
2026-08-02 21:12:38,599 [INFO] stk_limit: 6943 stocks
2026-08-02 21:12:38,599 [INFO] stk_limit: 6942 stocks
2026-08-02 21:12:40,595 [INFO] stk_limit: 6946 stocks
2026-08-02 21:12:40,596 [INFO] stk_limit: 6947 stocks
2026-08-02 21:12:40,596 [INFO] stk_limit: 6946 stocks
2026-08-02 21:12:42,636 [INFO] stk_limit: 6949 stocks
2026-08-02 21:12:42,662 [INFO] stk_limit: 6948 stocks
2026-08-02 21:12:42,663 [INFO] stk_limit: 6947 stocks
2026-08-02 21:12:44,584 [INFO] stk_limit: 6951 stocks
2026-08-02 21:12:44,584 [INFO] stk_limit: 6955 stocks
2026-08-02 21:12:47,706 [INFO] stk_limit: 6961 stocks
2026-08-02 21:12:48,221 [INFO] stk_limit: 6956 stocks
2026-08-02 21:12:50,413 [INFO] stk_limit: 6965 stocks
2026-08-02 21:12:50,413 [INFO] stk_limit: 6963 stocks
2026-08-02 21:12:52,585 [INFO] stk_limit: 6966 stocks
2026-08-02 21:12:54,492 [INFO] stk_limit: 6969 stocks
2026-08-02 21:12:55,741 [INFO] stk_limit: 6967 stocks
2026-08-02 21:12:57,283 [WARNING] Tushare stk_limit Ê§°Ü: HTTPConnectionPool(host='api.waditu.com', port=80): Read timed out.
2026-08-02 21:12:57,431 [INFO] stk_limit: 6973 stocks
2026-08-02 21:12:58,450 [INFO] stk_limit: 6973 stocks
2026-08-02 21:12:59,211 [INFO] stk_limit: 6979 stocks
2026-08-02 21:13:00,222 [INFO] stk_limit: 6977 stocks
2026-08-02 21:13:00,375 [INFO] stk_limit: 6984 stocks
2026-08-02 21:13:03,233 [INFO] stk_limit: 6987 stocks
2026-08-02 21:13:05,150 [INFO] stk_limit: 6987 stocks
2026-08-02 21:13:07,125 [INFO] stk_limit: 6987 stocks
2026-08-02 21:13:14,269 [WARNING] Tushare stk_limit Ê§°Ü: HTTPConnectionPool(host='api.waditu.com', port=80): Read timed out.
2026-08-02 21:13:16,214 [INFO] stk_limit: 6989 stocks
2026-08-02 21:13:18,201 [INFO] stk_limit: 6992 stocks
2026-08-02 21:13:20,213 [INFO] stk_limit: 6996 stocks
2026-08-02 21:13:22,138 [INFO] stk_limit: 7005 stocks
2026-08-02 21:13:24,138 [INFO] stk_limit: 7010 stocks
2026-08-02 21:13:26,147 [INFO] stk_limit: 7011 stocks
2026-08-02 21:13:30,198 [INFO] stk_limit: 7014 stocks
2026-08-02 21:13:30,868 [WARNING] Tushare stk_limit Ê§°Ü: HTTPConnectionPool(host='api.waditu.com', port=80): Read timed out.
2026-08-02 21:13:31,893 [WARNING] Tushare stk_limit Ê§°Ü: HTTPConnectionPool(host='api.waditu.com', port=80): Read timed out.
2026-08-02 21:13:32,117 [INFO] stk_limit: 7017 stocks
2026-08-02 21:13:33,819 [INFO] stk_limit: 7020 stocks
2026-08-02 21:13:33,819 [INFO] stk_limit: 7016 stocks
2026-08-02 21:13:33,845 [INFO] stk_limit: 7017 stocks
2026-08-02 21:13:35,715 [INFO] stk_limit: 7020 stocks
2026-08-02 21:13:35,752 [INFO] stk_limit: 7022 stocks
2026-08-02 21:13:35,755 [INFO] stk_limit: 7022 stocks
2026-08-02 21:13:37,727 [INFO] stk_limit: 7022 stocks
2026-08-02 21:13:37,760 [INFO] stk_limit: 7023 stocks
2026-08-02 21:13:38,752 [WARNING] Tushare stk_limit Ê§°Ü: HTTPConnectionPool(host='api.waditu.com', port=80): Read timed out.
2026-08-02 21:13:39,658 [INFO] stk_limit: 7024 stocks
2026-08-02 21:13:39,699 [INFO] stk_limit: 7024 stocks
2026-08-02 21:13:40,701 [INFO] stk_limit: 7025 stocks
2026-08-02 21:13:41,731 [INFO] stk_limit: 7026 stocks
2026-08-02 21:13:41,746 [INFO] stk_limit: 7029 stocks
2026-08-02 21:13:43,659 [INFO] stk_limit: 7030 stocks
2026-08-02 21:13:43,793 [INFO] stk_limit: 7032 stocks
2026-08-02 21:13:43,793 [INFO] stk_limit: 7034 stocks
2026-08-02 21:13:45,621 [INFO] stk_limit: 7043 stocks
2026-08-02 21:13:45,642 [INFO] stk_limit: 7041 stocks
2026-08-02 21:13:45,821 [INFO] stk_limit: 7042 stocks
2026-08-02 21:13:47,900 [INFO] stk_limit: 7048 stocks
2026-08-02 21:13:48,322 [INFO] stk_limit: 7045 stocks
2026-08-02 21:13:49,921 [INFO] stk_limit: 7050 stocks
2026-08-02 21:13:49,922 [INFO] stk_limit: 7051 stocks
2026-08-02 21:13:51,857 [INFO] stk_limit: 7053 stocks
2026-08-02 21:13:52,870 [INFO] stk_limit: 7052 stocks
2026-08-02 21:13:54,788 [INFO] stk_limit: 7054 stocks
2026-08-02 21:13:55,823 [INFO] stk_limit: 7054 stocks
2026-08-02 21:13:56,716 [INFO] stk_limit: 7054 stocks
2026-08-02 21:13:57,747 [INFO] stk_limit: 7058 stocks
2026-08-02 21:13:59,819 [INFO] stk_limit: 7060 stocks
2026-08-02 21:13:59,915 [INFO] stk_limit: 7061 stocks
2026-08-02 21:14:01,787 [INFO] stk_limit: 7064 stocks
2026-08-02 21:14:02,823 [INFO] stk_limit: 7065 stocks
2026-08-02 21:14:03,721 [INFO] stk_limit: 7066 stocks
2026-08-02 21:14:04,785 [INFO] stk_limit: 7067 stocks
2026-08-02 21:14:05,717 [INFO] stk_limit: 7069 stocks
2026-08-02 21:14:07,424 [WARNING] Tushare stk_limit Ê§°Ü: HTTPConnectionPool(host='api.waditu.com', port=80): Read timed out.
2026-08-02 21:14:07,707 [INFO] stk_limit: 7071 stocks
2026-08-02 21:14:07,744 [INFO] stk_limit: 7075 stocks
2026-08-02 21:14:09,443 [INFO] stk_limit: 7082 stocks
2026-08-02 21:14:09,495 [INFO] stk_limit: 7077 stocks
2026-08-02 21:14:09,496 [INFO] stk_limit: 7082 stocks
2026-08-02 21:14:11,371 [INFO] stk_limit: 7088 stocks
2026-08-02 21:14:11,385 [INFO] stk_limit: 7084 stocks
2026-08-02 21:14:12,360 [INFO] stk_limit: 7092 stocks
2026-08-02 21:14:13,295 [INFO] stk_limit: 7098 stocks
2026-08-02 21:14:13,296 [INFO] stk_limit: 7094 stocks
2026-08-02 21:14:14,305 [INFO] stk_limit: 7099 stocks
2026-08-02 21:14:16,274 [INFO] stk_limit: 7101 stocks
2026-08-02 21:14:16,275 [INFO] stk_limit: 7101 stocks
2026-08-02 21:14:17,355 [WARNING] Tushare stk_limit Ê§°Ü: HTTPConnectionPool(host='api.waditu.com', port=80): Read timed out.
2026-08-02 21:14:17,579 [INFO] stk_limit: 7101 stocks
2026-08-02 21:14:18,225 [INFO] stk_limit: 7105 stocks
2026-08-02 21:14:19,226 [INFO] stk_limit: 7107 stocks
2026-08-02 21:14:19,306 [INFO] stk_limit: 7109 stocks
2026-08-02 21:14:19,306 [INFO] stk_limit: 7110 stocks
2026-08-02 21:14:20,354 [INFO] stk_limit: 7111 stocks
2026-08-02 21:14:21,189 [INFO] stk_limit: 7112 stocks
2026-08-02 21:14:21,190 [INFO] stk_limit: 7111 stocks
2026-08-02 21:14:21,191 [INFO] stk_limit: 7112 stocks
2026-08-02 21:14:23,213 [INFO] stk_limit: 7117 stocks
2026-08-02 21:14:23,214 [INFO] stk_limit: 7121 stocks
2026-08-02 21:14:23,214 [INFO] stk_limit: 7122 stocks
2026-08-02 21:14:23,289 [INFO] stk_limit: 7114 stocks
2026-08-02 21:14:25,173 [INFO] stk_limit: 7124 stocks
2026-08-02 21:14:25,173 [INFO] stk_limit: 7130 stocks
2026-08-02 21:14:25,174 [INFO] stk_limit: 7133 stocks
2026-08-02 21:14:26,172 [INFO] stk_limit: 7133 stocks
2026-08-02 21:14:27,111 [INFO] stk_limit: 7134 stocks
2026-08-02 21:14:27,112 [INFO] stk_limit: 7135 stocks
2026-08-02 21:14:27,303 [INFO] stk_limit: 7135 stocks
2026-08-02 21:14:29,141 [INFO] stk_limit: 7135 stocks
2026-08-02 21:14:29,388 [INFO] stk_limit: 7137 stocks
2026-08-02 21:14:29,389 [INFO] stk_limit: 7135 stocks
2026-08-02 21:14:30,165 [INFO] stk_limit: 7133 stocks
2026-08-02 21:14:31,072 [INFO] stk_limit: 7141 stocks
2026-08-02 21:14:31,072 [INFO] stk_limit: 7142 stocks
2026-08-02 21:14:32,094 [INFO] stk_limit: 7148 stocks
2026-08-02 21:14:33,025 [INFO] stk_limit: 7152 stocks
2026-08-02 21:14:33,049 [INFO] stk_limit: 7149 stocks
2026-08-02 21:14:33,258 [INFO] stk_limit: 7145 stocks
2026-08-02 21:14:34,047 [INFO] stk_limit: 7154 stocks
2026-08-02 21:14:34,952 [INFO] stk_limit: 7158 stocks
2026-08-02 21:14:35,793 [INFO] stk_limit: 7156 stocks
2026-08-02 21:14:35,997 [INFO] stk_limit: 7158 stocks
2026-08-02 21:14:36,012 [INFO] stk_limit: 7160 stocks
2026-08-02 21:14:36,875 [INFO] stk_limit: 7161 stocks
2026-08-02 21:14:37,751 [INFO] stk_limit: 7166 stocks
2026-08-02 21:14:37,972 [INFO] stk_limit: 7162 stocks
2026-08-02 21:14:38,756 [INFO] stk_limit: 7164 stocks
2026-08-02 21:14:38,783 [INFO] stk_limit: 7166 stocks
2026-08-02 21:14:39,650 [INFO] stk_limit: 7167 stocks
2026-08-02 21:14:39,674 [INFO] stk_limit: 7168 stocks
2026-08-02 21:14:40,688 [INFO] stk_limit: 7169 stocks
2026-08-02 21:14:40,688 [INFO] stk_limit: 7170 stocks
2026-08-02 21:14:41,596 [INFO] stk_limit: 7176 stocks
2026-08-02 21:14:42,507 [INFO] stk_limit: 7172 stocks
2026-08-02 21:14:42,664 [INFO] stk_limit: 7180 stocks
2026-08-02 21:14:43,532 [INFO] stk_limit: 7177 stocks
2026-08-02 21:14:43,648 [INFO] stk_limit: 7179 stocks
2026-08-02 21:14:44,474 [INFO] stk_limit: 7181 stocks
2026-08-02 21:14:44,475 [INFO] stk_limit: 7183 stocks
2026-08-02 21:14:45,446 [INFO] stk_limit: 7187 stocks
2026-08-02 21:14:46,116 [INFO] stk_limit: 7184 stocks
2026-08-02 21:14:46,416 [INFO] stk_limit: 7185 stocks
2026-08-02 21:14:47,424 [INFO] stk_limit: 7186 stocks
2026-08-02 21:14:47,424 [INFO] stk_limit: 7185 stocks
2026-08-02 21:14:49,109 [INFO] stk_limit: 7196 stocks
2026-08-02 21:14:49,112 [INFO] stk_limit: 7195 stocks
2026-08-02 21:14:49,112 [INFO] stk_limit: 7186 stocks
2026-08-02 21:14:49,112 [INFO] stk_limit: 7196 stocks
2026-08-02 21:14:52,160 [INFO] stk_limit: 7201 stocks
2026-08-02 21:14:52,185 [INFO] stk_limit: 7195 stocks
2026-08-02 21:14:52,185 [INFO] stk_limit: 7197 stocks
2026-08-02 21:14:52,186 [INFO] stk_limit: 7203 stocks
2026-08-02 21:14:54,147 [INFO] stk_limit: 7209 stocks
2026-08-02 21:14:54,149 [INFO] stk_limit: 7208 stocks
2026-08-02 21:14:54,150 [INFO] stk_limit: 7207 stocks
2026-08-02 21:14:54,151 [INFO] stk_limit: 7206 stocks
2026-08-02 21:14:56,101 [INFO] stk_limit: 7216 stocks
2026-08-02 21:14:56,108 [INFO] stk_limit: 7218 stocks
2026-08-02 21:14:56,110 [INFO] stk_limit: 7219 stocks
2026-08-02 21:14:59,152 [INFO] stk_limit: 7223 stocks
2026-08-02 21:15:00,200 [INFO] stk_limit: 7230 stocks
2026-08-02 21:15:00,200 [INFO] stk_limit: 7228 stocks
2026-08-02 21:15:01,094 [INFO] stk_limit: 7232 stocks
2026-08-02 21:15:02,156 [INFO] stk_limit: 7233 stocks
2026-08-02 21:15:02,157 [INFO] stk_limit: 7235 stocks
2026-08-02 21:15:03,145 [INFO] stk_limit: 7235 stocks
2026-08-02 21:15:04,133 [INFO] stk_limit: 7240 stocks
2026-08-02 21:15:04,134 [INFO] stk_limit: 7238 stocks
2026-08-02 21:15:05,109 [INFO] stk_limit: 7242 stocks
2026-08-02 21:15:06,129 [INFO] stk_limit: 7244 stocks
2026-08-02 21:15:06,130 [INFO] stk_limit: 7243 stocks
2026-08-02 21:15:08,052 [INFO] stk_limit: 7245 stocks
2026-08-02 21:15:08,052 [INFO] stk_limit: 7245 stocks
2026-08-02 21:15:08,117 [INFO] stk_limit: 7246 stocks
2026-08-02 21:15:10,050 [INFO] stk_limit: 7251 stocks
2026-08-02 21:15:10,050 [INFO] stk_limit: 7253 stocks
2026-08-02 21:15:10,051 [INFO] stk_limit: 7248 stocks
2026-08-02 21:15:12,105 [INFO] stk_limit: 7256 stocks
2026-08-02 21:15:12,107 [INFO] stk_limit: 7260 stocks
2026-08-02 21:15:13,012 [INFO] stk_limit: 7258 stocks
2026-08-02 21:15:15,145 [INFO] stk_limit: 7264 stocks
2026-08-02 21:15:15,145 [INFO] stk_limit: 7262 stocks
2026-08-02 21:15:15,146 [INFO] stk_limit: 7264 stocks
2026-08-02 21:15:17,123 [INFO] stk_limit: 7266 stocks
2026-08-02 21:15:17,225 [INFO] stk_limit: 7269 stocks
2026-08-02 21:15:17,226 [INFO] stk_limit: 7267 stocks
2026-08-02 21:15:20,291 [INFO] stk_limit: 7274 stocks
2026-08-02 21:15:20,292 [INFO] stk_limit: 7271 stocks
2026-08-02 21:15:20,295 [INFO] stk_limit: 7272 stocks
2026-08-02 21:15:22,274 [INFO] stk_limit: 7278 stocks
2026-08-02 21:15:22,274 [INFO] stk_limit: 7281 stocks
2026-08-02 21:15:22,275 [INFO] stk_limit: 7275 stocks
2026-08-02 21:15:24,257 [INFO] stk_limit: 7300 stocks
2026-08-02 21:15:24,258 [INFO] stk_limit: 7282 stocks
2026-08-02 21:15:24,259 [INFO] stk_limit: 7296 stocks
2026-08-02 21:15:26,343 [INFO] stk_limit: 7310 stocks
2026-08-02 21:15:26,346 [INFO] stk_limit: 7307 stocks
2026-08-02 21:15:26,346 [INFO] stk_limit: 7304 stocks
2026-08-02 21:15:26,875 [WARNING] Tushare stk_limit Ê§°Ü: HTTPConnectionPool(host='api.waditu.com', port=80): Read timed out.
2026-08-02 21:15:29,363 [INFO] stk_limit: 7315 stocks
2026-08-02 21:15:29,363 [INFO] stk_limit: 7314 stocks
2026-08-02 21:15:30,390 [INFO] stk_limit: 7311 stocks
2026-08-02 21:15:30,391 [INFO] stk_limit: 7314 stocks
2026-08-02 21:15:31,311 [INFO] stk_limit: 7317 stocks
2026-08-02 21:15:31,323 [INFO] stk_limit: 7316 stocks
2026-08-02 21:15:32,339 [INFO] stk_limit: 7322 stocks
2026-08-02 21:15:32,340 [INFO] stk_limit: 7321 stocks
2026-08-02 21:15:33,347 [INFO] stk_limit: 7322 stocks
2026-08-02 21:15:34,393 [INFO] stk_limit: 7327 stocks
2026-08-02 21:15:34,398 [INFO] stk_limit: 7326 stocks
2026-08-02 21:15:34,398 [INFO] stk_limit: 7326 stocks
2026-08-02 21:15:40,885 [INFO] stk_limit: 7332 stocks
2026-08-02 21:15:40,886 [INFO] stk_limit: 7333 stocks
2026-08-02 21:15:40,926 [INFO] stk_limit: 7331 stocks
2026-08-02 21:15:42,879 [INFO] stk_limit: 7339 stocks
2026-08-02 21:15:42,880 [INFO] stk_limit: 7341 stocks
2026-08-02 21:15:42,901 [INFO] stk_limit: 7335 stocks
2026-08-02 21:15:44,919 [INFO] stk_limit: 7350 stocks
2026-08-02 21:15:45,923 [INFO] stk_limit: 7346 stocks
2026-08-02 21:15:48,029 [INFO] stk_limit: 7352 stocks
2026-08-02 21:15:51,071 [INFO] stk_limit: 7352 stocks
2026-08-02 21:15:55,112 [INFO] stk_limit: 7358 stocks
2026-08-02 21:15:57,021 [INFO] stk_limit: 7360 stocks
2026-08-02 21:16:04,874 [WARNING] Tushare stk_limit Ê§°Ü: HTTPConnectionPool(host='api.waditu.com', port=80): Read timed out.
2026-08-02 21:16:06,869 [INFO] stk_limit: 7365 stocks
2026-08-02 21:16:08,925 [INFO] stk_limit: 7365 stocks
2026-08-02 21:16:10,862 [INFO] stk_limit: 7366 stocks
2026-08-02 21:16:12,845 [INFO] stk_limit: 7368 stocks
2026-08-02 21:16:14,596 [WARNING] Tushare stk_limit Ê§°Ü: HTTPConnectionPool(host='api.waditu.com', port=80): Read timed out.
2026-08-02 21:16:14,795 [INFO] stk_limit: 7370 stocks
2026-08-02 21:16:16,552 [INFO] stk_limit: 7373 stocks
2026-08-02 21:16:17,582 [INFO] stk_limit: 7373 stocks
2026-08-02 21:16:17,667 [WARNING] Tushare stk_limit Ê§°Ü: HTTPConnectionPool(host='api.waditu.com', port=80): Read timed out.
2026-08-02 21:16:18,505 [INFO] stk_limit: 7377 stocks
2026-08-02 21:16:19,528 [INFO] stk_limit: 7379 stocks
2026-08-02 21:16:19,529 [INFO] stk_limit: 7377 stocks
2026-08-02 21:16:20,484 [INFO] stk_limit: 7380 stocks
2026-08-02 21:16:21,464 [INFO] stk_limit: 7381 stocks
2026-08-02 21:16:22,427 [INFO] stk_limit: 7381 stocks
2026-08-02 21:16:22,466 [INFO] stk_limit: 7381 stocks
2026-08-02 21:16:24,370 [INFO] stk_limit: 7384 stocks
2026-08-02 21:16:24,370 [INFO] stk_limit: 7383 stocks
2026-08-02 21:16:24,425 [INFO] stk_limit: 7383 stocks
2026-08-02 21:16:26,329 [INFO] stk_limit: 7386 stocks
2026-08-02 21:16:26,331 [INFO] stk_limit: 7385 stocks
2026-08-02 21:16:26,331 [INFO] stk_limit: 7387 stocks
2026-08-02 21:16:28,265 [INFO] stk_limit: 7389 stocks
2026-08-02 21:16:28,725 [WARNING] Tushare stk_limit Ê§°Ü: HTTPConnectionPool(host='api.waditu.com', port=80): Read timed out.
2026-08-02 21:16:29,308 [INFO] stk_limit: 7388 stocks
2026-08-02 21:16:29,310 [INFO] stk_limit: 7392 stocks
2026-08-02 21:16:30,242 [INFO] stk_limit: 7396 stocks
2026-08-02 21:16:31,255 [INFO] stk_limit: 7397 stocks
2026-08-02 21:16:31,293 [INFO] stk_limit: 7402 stocks
2026-08-02 21:16:32,297 [INFO] stk_limit: 7401 stocks
2026-08-02 21:16:33,212 [INFO] stk_limit: 7405 stocks
2026-08-02 21:16:33,237 [INFO] stk_limit: 7407 stocks
2026-08-02 21:16:35,215 [INFO] stk_limit: 7411 stocks
2026-08-02 21:16:35,215 [INFO] stk_limit: 7414 stocks
2026-08-02 21:16:35,241 [INFO] stk_limit: 7410 stocks
2026-08-02 21:16:37,160 [INFO] stk_limit: 7420 stocks
2026-08-02 21:16:37,161 [INFO] stk_limit: 7417 stocks
2026-08-02 21:16:37,834 [INFO] stk_limit: 7417 stocks
2026-08-02 21:16:39,087 [INFO] stk_limit: 7421 stocks
2026-08-02 21:16:40,103 [INFO] stk_limit: 7424 stocks
2026-08-02 21:16:40,783 [INFO] stk_limit: 7427 stocks
2026-08-02 21:16:41,031 [INFO] stk_limit: 7428 stocks
2026-08-02 21:16:42,068 [INFO] stk_limit: 7430 stocks
2026-08-02 21:16:42,738 [INFO] stk_limit: 7434 stocks
2026-08-02 21:16:43,783 [INFO] stk_limit: 7431 stocks
2026-08-02 21:16:44,036 [INFO] stk_limit: 7436 stocks
2026-08-02 21:16:45,667 [INFO] stk_limit: 7438 stocks
2026-08-02 21:16:45,714 [INFO] stk_limit: 7440 stocks
2026-08-02 21:16:45,716 [INFO] stk_limit: 7438 stocks
2026-08-02 21:16:47,632 [INFO] stk_limit: 7447 stocks
2026-08-02 21:16:47,632 [INFO] stk_limit: 7445 stocks
2026-08-02 21:16:47,633 [INFO] stk_limit: 7442 stocks
2026-08-02 21:16:49,605 [INFO] stk_limit: 7451 stocks
2026-08-02 21:16:49,611 [INFO] stk_limit: 7455 stocks
2026-08-02 21:16:49,611 [INFO] stk_limit: 7449 stocks
2026-08-02 21:16:52,578 [INFO] stk_limit: 7459 stocks
2026-08-02 21:16:52,580 [INFO] stk_limit: 7458 stocks
2026-08-02 21:16:53,633 [INFO] stk_limit: 7458 stocks
2026-08-02 21:16:54,537 [INFO] stk_limit: 7467 stocks
2026-08-02 21:16:54,539 [INFO] stk_limit: 7464 stocks
2026-08-02 21:16:55,601 [INFO] stk_limit: 7471 stocks
2026-08-02 21:16:56,534 [INFO] stk_limit: 7481 stocks
2026-08-02 21:16:57,482 [INFO] stk_limit: 7474 stocks
2026-08-02 21:16:57,564 [INFO] stk_limit: 7481 stocks
2026-08-02 21:16:58,516 [INFO] stk_limit: 7482 stocks
2026-08-02 21:16:59,447 [INFO] stk_limit: 7482 stocks
2026-08-02 21:17:00,476 [INFO] stk_limit: 7485 stocks
2026-08-02 21:17:00,476 [INFO] stk_limit: 7486 stocks
2026-08-02 21:17:02,378 [INFO] stk_limit: 7488 stocks
2026-08-02 21:17:02,465 [INFO] stk_limit: 7488 stocks
2026-08-02 21:17:02,466 [INFO] stk_limit: 7491 stocks
2026-08-02 21:17:04,310 [INFO] stk_limit: 7496 stocks
2026-08-02 21:17:04,518 [INFO] stk_limit: 7497 stocks
2026-08-02 21:17:04,571 [WARNING] Tushare stk_limit Ê§°Ü: HTTPConnectionPool(host='api.waditu.com', port=80): Read timed out.
2026-08-02 21:17:04,610 [INFO] stk_limit: 7494 stocks
2026-08-02 21:17:06,383 [INFO] stk_limit: 7497 stocks
2026-08-02 21:17:06,384 [INFO] stk_limit: 7496 stocks
2026-08-02 21:17:06,385 [INFO] stk_limit: 7497 stocks
2026-08-02 21:17:08,420 [INFO] stk_limit: 7497 stocks
2026-08-02 21:17:08,420 [INFO] stk_limit: 7497 stocks
2026-08-02 21:17:08,420 [INFO] stk_limit: 7500 stocks
2026-08-02 21:17:10,439 [INFO] stk_limit: 7508 stocks
2026-08-02 21:17:10,442 [INFO] stk_limit: 7504 stocks
2026-08-02 21:17:10,447 [INFO] stk_limit: 7508 stocks
2026-08-02 21:17:12,387 [INFO] stk_limit: 7513 stocks
2026-08-02 21:17:12,419 [INFO] stk_limit: 7509 stocks
2026-08-02 21:17:12,421 [INFO] stk_limit: 7511 stocks
2026-08-02 21:17:15,503 [INFO] stk_limit: 7519 stocks
2026-08-02 21:17:15,503 [INFO] stk_limit: 7514 stocks
2026-08-02 21:17:15,503 [INFO] stk_limit: 7517 stocks
2026-08-02 21:17:17,626 [INFO] stk_limit: 7528 stocks
2026-08-02 21:17:17,627 [INFO] stk_limit: 7533 stocks
2026-08-02 21:17:17,627 [INFO] stk_limit: 7522 stocks
2026-08-02 21:17:19,613 [INFO] stk_limit: 7535 stocks
2026-08-02 21:17:21,606 [INFO] stk_limit: 7541 stocks
2026-08-02 21:17:21,805 [INFO] stk_limit: 7533 stocks
2026-08-02 21:17:23,540 [INFO] stk_limit: 7542 stocks
2026-08-02 21:17:24,583 [INFO] stk_limit: 7541 stocks
2026-08-02 21:17:26,542 [INFO] stk_limit: 7545 stocks
2026-08-02 21:17:29,552 [INFO] stk_limit: 7549 stocks
2026-08-02 21:17:33,552 [INFO] stk_limit: 7551 stocks
2026-08-02 21:17:35,539 [INFO] stk_limit: 7553 stocks
2026-08-02 21:17:37,032 [WARNING] Tushare stk_limit Ê§°Ü: HTTPConnectionPool(host='api.waditu.com', port=80): Read timed out.
2026-08-02 21:17:37,666 [INFO] stk_limit: 7553 stocks
2026-08-02 21:17:39,673 [INFO] stk_limit: 7554 stocks
2026-08-02 21:17:40,635 [INFO] stk_limit: 7560 stocks
2026-08-02 21:17:42,761 [INFO] stk_limit: 7566 stocks
2026-08-02 21:17:49,214 [WARNING] Tushare stk_limit Ê§°Ü: HTTPConnectionPool(host='api.waditu.com', port=80): Read timed out.
2026-08-02 21:17:51,168 [INFO] stk_limit: 7574 stocks
2026-08-02 21:17:53,194 [INFO] stk_limit: 7575 stocks
2026-08-02 21:17:56,178 [WARNING] Tushare stk_limit Ê§°Ü: HTTPConnectionPool(host='api.waditu.com', port=80): Read timed out.
2026-08-02 21:17:56,215 [INFO] stk_limit: 7576 stocks
2026-08-02 21:17:58,129 [INFO] stk_limit: 7583 stocks
2026-08-02 21:17:59,139 [INFO] stk_limit: 7580 stocks
2026-08-02 21:18:01,075 [INFO] stk_limit: 7589 stocks
2026-08-02 21:18:01,173 [INFO] stk_limit: 7585 stocks
2026-08-02 21:18:03,059 [INFO] stk_limit: 7592 stocks
2026-08-02 21:18:04,110 [INFO] stk_limit: 7599 stocks
2026-08-02 21:18:06,011 [INFO] stk_limit: 7602 stocks
2026-08-02 21:18:06,074 [INFO] stk_limit: 7603 stocks
2026-08-02 21:18:07,965 [INFO] stk_limit: 7608 stocks
2026-08-02 21:18:09,033 [INFO] stk_limit: 7605 stocks
2026-08-02 21:18:10,076 [INFO] stk_limit: 7613 stocks
2026-08-02 21:18:11,238 [WARNING] Tushare stk_limit Ê§°Ü: HTTPConnectionPool(host='api.waditu.com', port=80): Read timed out.
2026-08-02 21:18:11,288 [INFO] stk_limit: 7615 stocks
2026-08-02 21:18:12,132 [INFO] stk_limit: 7619 stocks
2026-08-02 21:18:14,281 [INFO] stk_limit: 7623 stocks
2026-08-02 21:18:14,282 [INFO] stk_limit: 7621 stocks
2026-08-02 21:18:14,409 [WARNING] Tushare stk_limit Ê§°Ü: HTTPConnectionPool(host='api.waditu.com', port=80): Read timed out.
2026-08-02 21:18:16,260 [INFO] stk_limit: 7631 stocks
2026-08-02 21:18:16,262 [INFO] stk_limit: 7631 stocks
2026-08-02 21:18:16,263 [INFO] stk_limit: 7631 stocks
2026-08-02 21:18:18,263 [INFO] stk_limit: 7637 stocks
2026-08-02 21:18:18,266 [INFO] stk_limit: 7634 stocks
2026-08-02 21:18:18,267 [INFO] stk_limit: 7631 stocks
2026-08-02 21:18:21,271 [INFO] stk_limit: 7646 stocks
2026-08-02 21:18:21,273 [INFO] stk_limit: 7651 stocks
2026-08-02 21:18:21,273 [INFO] stk_limit: 7644 stocks
2026-08-02 21:18:23,266 [INFO] stk_limit: 7655 stocks
2026-08-02 21:18:23,267 [INFO] stk_limit: 7656 stocks
2026-08-02 21:18:24,277 [INFO] stk_limit: 7651 stocks
2026-08-02 21:18:25,235 [INFO] stk_limit: 7656 stocks
2026-08-02 21:18:25,261 [INFO] stk_limit: 7663 stocks
2026-08-02 21:18:26,238 [INFO] stk_limit: 7663 stocks
2026-08-02 21:18:27,196 [INFO] stk_limit: 7666 stocks
2026-08-02 21:18:28,220 [INFO] stk_limit: 7663 stocks
2026-08-02 21:18:30,168 [INFO] stk_limit: 7670 stocks
2026-08-02 21:18:30,250 [INFO] stk_limit: 7666 stocks
2026-08-02 21:18:30,833 [INFO] stk_limit: 7671 stocks
2026-08-02 21:18:33,185 [INFO] stk_limit: 7675 stocks
2026-08-02 21:18:33,214 [INFO] stk_limit: 7673 stocks
2026-08-02 21:18:34,188 [INFO] stk_limit: 7673 stocks
2026-08-02 21:18:35,142 [INFO] stk_limit: 7678 stocks
2026-08-02 21:18:35,143 [INFO] stk_limit: 7677 stocks
2026-08-02 21:18:36,157 [INFO] stk_limit: 7679 stocks
2026-08-02 21:18:37,189 [INFO] stk_limit: 7686 stocks
2026-08-02 21:18:37,435 [INFO] stk_limit: 7691 stocks
2026-08-02 21:18:38,472 [INFO] stk_limit: 7694 stocks
2026-08-02 21:18:39,210 [INFO] stk_limit: 7695 stocks
2026-08-02 21:18:39,237 [INFO] stk_limit: 7693 stocks
2026-08-02 21:18:40,409 [INFO] stk_limit: 7692 stocks
2026-08-02 21:18:41,301 [INFO] stk_limit: 7696 stocks
2026-08-02 21:18:41,301 [INFO] stk_limit: 7698 stocks
2026-08-02 21:18:42,350 [INFO] stk_limit: 7700 stocks
2026-08-02 21:18:43,263 [INFO] stk_limit: 7702 stocks
2026-08-02 21:18:43,287 [INFO] stk_limit: 7705 stocks
2026-08-02 21:18:43,904 [WARNING] Tushare stk_limit Ê§°Ü: HTTPConnectionPool(host='api.waditu.com', port=80): Read timed out.
2026-08-02 21:18:45,519 [INFO] stk_limit: 7707 stocks
2026-08-02 21:18:45,519 [INFO] stk_limit: 7709 stocks
2026-08-02 21:18:46,126 [INFO] stk_limit: 7710 stocks
2026-08-02 21:18:46,492 [INFO] stk_limit: 7706 stocks
2026-08-02 21:18:48,508 [INFO] stk_limit: 7715 stocks
2026-08-02 21:18:49,684 [INFO] À­È¡Íê³É: 5595874 ÐÐ, 803 ¸ö½»Ò×ÈÕ, 7958 ¹É
2026-08-02 21:18:51,587 [INFO] NaN µ¥Ôª¸ñÆ¥ÅäÂÊ: 92.4%
2026-08-02 21:18:51,588 [ERROR] Æ¥ÅäÂÊ <95%%, ÖÐÖ¹ (·À³Â¾É»º´æ¾²Ä¬¸²¸Ç)
