2026-07-29 10:53:32,059 [INFO] run_daily_fast: Loading panel (filtered to 2026-01-01+): data/panel_full_enriched_v3.parquet
2026-07-29 10:53:33,838 [INFO] run_daily_fast: Panel: 3244 stocks, 441541 rows, 102 cols, dates 2026-01-05 00:00:00 ~ 2026-07-28 00:00:00
2026-07-29 10:53:33,986 [INFO] run_daily_fast: Appending today's data for 20260729 ...
2026-07-29 10:53:36,173 [INFO] app.pipeline1.data_supply: fetch_today ohlcv: 5524 rows (³¢ÊÔ 1/10)
2026-07-29 10:53:36,431 [WARNING] app.pipeline1.data_supply: Tushare top_inst Ê§°Ü (»ý·Ö²»×ã?): "Column(s) ['buy_amount', 'sell_amount'] do not exist"
2026-07-29 10:53:36,469 [INFO] app.pipeline1.data_supply: fetch_today lhb: 81 rows (³¢ÊÔ 1/10)
D:\AMINQT\AMINQT CODES\app\pipeline1\data_supply.py:2332: FutureWarning: The behavior of DataFrame concatenation with empty or all-NA entries is deprecated. In a future version, this will no longer exclude empty or all-NA columns when determining the result dtypes. To retain the old behavior, exclude the relevant entries before the concat operation.
  panel = pd.concat([panel, ohlcv], ignore_index=True)
D:\AMINQT\AMINQT CODES\app\pipeline1\data_supply.py:2332: FutureWarning: The behavior of DataFrame concatenation with empty or all-NA entries is deprecated. In a future version, this will no longer exclude empty or all-NA columns when determining the result dtypes. To retain the old behavior, exclude the relevant entries before the concat operation.
  panel = pd.concat([panel, ohlcv], ignore_index=True)
2026-07-29 10:53:44,096 [INFO] app.pipeline1.data_supply: append_today: +3242 stocks, panel now 444790 rows 114 cols
2026-07-29 10:53:44,448 [INFO] run_daily_fast: After append: 3244 stocks, 444790 rows, dates 2026-01-05 00:00:00 ~ 2026-07-29 00:00:00
2026-07-29 10:53:44,809 [INFO] run_daily_fast: CYQ merge: 14 cols updated for 3249 rows
2026-07-29 10:53:44,810 [INFO] run_daily_fast: Bundles: {'main': 'main_current.pkl', 'dual': 'dual_current.pkl'}
Traceback (most recent call last):
  File "D:\AMINQT\AMINQT CODES\scripts\_run_daily_fast.py", line 127, in <module>
    if __name__ == "__main__":
        ^^^^^^^^
  File "D:\AMINQT\AMINQT CODES\scripts\_run_daily_fast.py", line 110, in main
    )
      
  File "D:\AMINQT\AMINQT CODES\app\pipeline1\daily_pipeline.py", line 113, in run
    self.features.build(
  File "D:\AMINQT\AMINQT CODES\app\pipeline1\feature_engine_v35.py", line 86, in build
    df = self.dim09_custom_formulas(df, float_shares_map)
         ^^^^^^^^^^^^^^^^^^^^^^^^^^^^^^^^^^^^^^^^^^^^^^^^
  File "D:\AMINQT\AMINQT CODES\app\pipeline1\feature_engine_v35.py", line 825, in dim09_custom_formulas
    return _apply_per_stock(df, per_stock)
           ^^^^^^^^^^^^^^^^^^^^^^^^^^^^^^^
  File "D:\AMINQT\AMINQT CODES\app\pipeline1\feature_engine_v35.py", line 49, in _apply_per_stock
    parts = [fn(g.copy()) for _, g in df.groupby("symbol")]
             ^^^^^^^^^^^^
  File "D:\AMINQT\AMINQT CODES\app\pipeline1\feature_engine_v35.py", line 777, in per_stock
    g = ChipDistribution().build(g, float_shares)
        ^^^^^^^^^^^^^^^^^^^^^^^^^^^^^^^^^^^^^^^^^
  File "D:\AMINQT\AMINQT CODES\app\indicators\chip_distribution.py", line 57, in build
    for _, r in df.iterrows():
                ^^^^^^^^^^^^^
  File "C:\Users\91454\AppData\Local\Programs\Python\Python312\Lib\site-packages\pandas\core\frame.py", line 1562, in iterrows
    for k, v in zip(self.index, self.values):
                                ^^^^^^^^^^^
  File "C:\Users\91454\AppData\Local\Programs\Python\Python312\Lib\site-packages\pandas\core\frame.py", line 12691, in values
    return self._mgr.as_array()
           ^^^^^^^^^^^^^^^^^^^^
  File "C:\Users\91454\AppData\Local\Programs\Python\Python312\Lib\site-packages\pandas\core\internals\managers.py", line 1713, in as_array
    arr = self._interleave(dtype=dtype, na_value=na_value)
          ^^^^^^^^^^^^^^^^^^^^^^^^^^^^^^^^^^^^^^^^^^^^^^^^
  File "C:\Users\91454\AppData\Local\Programs\Python\Python312\Lib\site-packages\pandas\core\internals\managers.py", line 1746, in _interleave
    result = np.empty(self.shape, dtype=dtype)
             ^^^^^^^^^^^^^^^^^^^^^^^^^^^^^^^^^
numpy._core._exceptions._ArrayMemoryError: Unable to allocate 111. KiB for an array with shape (218, 65) and data type object
