2026-07-28 01:06:26 [INFO] Loading panel...
2026-07-28 01:06:27 [INFO] Panel shape: (653211, 40)
2026-07-28 01:06:27 [INFO] Unique symbols: 3227
2026-07-28 01:06:27 [INFO] Date range: 20240102 ~ 20260727
2026-07-28 01:06:27 [INFO] Fetching holdernumber data per symbol...
2026-07-28 01:06:49 [INFO]   [10/3227] 000021.SZ -> 145 records (1.5s)
2026-07-28 01:07:04 [INFO]   [20/3227] 000036.SZ -> 91 records (1.2s)
2026-07-28 01:07:17 [INFO]   [30/3227] 000062.SZ -> 93 records (1.2s)
2026-07-28 01:07:33 [INFO]   [40/3227] 000100.SZ -> 12 records (1.4s)
2026-07-28 01:07:53 [INFO]   Progress: 50/3227 (1.5%) | with_data: 50 | last: 000338.SZ took 1.2s
2026-07-28 01:08:06 [INFO]   [60/3227] 000422.SZ -> 10 records (1.8s)
2026-07-28 01:08:22 [INFO]   [70/3227] 000507.SZ -> 121 records (1.2s)
2026-07-28 01:08:37 [INFO]   [80/3227] 000526.SZ -> 10 records (2.1s)
2026-07-28 01:08:54 [INFO]   [90/3227] 000539.SZ -> 18 records (1.2s)
2026-07-28 01:09:13 [INFO]   Progress: 100/3227 (3.1%) | with_data: 100 | last: 000559.SZ took 2.1s
2026-07-28 01:09:30 [INFO]   [110/3227] 000571.SZ -> 49 records (1.2s)
2026-07-28 01:09:45 [INFO]   [120/3227] 000598.SZ -> 18 records (2.2s)
2026-07-28 01:10:04 [INFO]   [130/3227] 000626.SZ -> 13 records (1.1s)
2026-07-28 01:10:20 [INFO]   [140/3227] 000661.SZ -> 14 records (2.0s)
2026-07-28 01:10:39 [INFO]   Progress: 150/3227 (4.6%) | with_data: 150 | last: 000682.SZ took 3.6s
2026-07-28 01:11:09 [INFO]   [160/3227] 000703.SZ -> 10 records (1.2s)
2026-07-28 01:11:25 [INFO]   [170/3227] 000723.SZ -> 18 records (1.7s)
2026-07-28 01:11:41 [INFO]   [180/3227] 000739.SZ -> 14 records (1.1s)
2026-07-28 01:11:54 [INFO]   [190/3227] 000768.SZ -> 209 records (1.2s)
2026-07-28 01:12:10 [INFO]   Progress: 200/3227 (6.2%) | with_data: 200 | last: 000790.SZ took 2.2s
2026-07-28 01:12:25 [INFO]   [210/3227] 000803.SZ -> 25 records (1.5s)
2026-07-28 01:12:41 [INFO]   [220/3227] 000823.SZ -> 13 records (1.2s)
2026-07-28 01:12:58 [INFO]   [230/3227] 000852.SZ -> 121 records (2.3s)
2026-07-28 01:13:17 [INFO]   [240/3227] 000880.SZ -> 13 records (1.3s)
2026-07-28 01:13:33 [INFO]   Progress: 250/3227 (7.7%) | with_data: 250 | last: 000893.SZ took 1.2s
2026-07-28 01:13:51 [INFO]   [260/3227] 000917.SZ -> 10 records (2.2s)
2026-07-28 01:14:06 [INFO]   [270/3227] 000930.SZ -> 78 records (1.3s)
2026-07-28 01:14:22 [INFO]   [280/3227] 000951.SZ -> 13 records (1.3s)
2026-07-28 01:14:42 [INFO]   [290/3227] 000969.SZ -> 23 records (2.2s)
2026-07-28 01:14:58 [INFO]   Progress: 300/3227 (9.3%) | with_data: 300 | last: 000988.SZ took 1.4s
2026-07-28 01:15:19 [INFO]   [310/3227] 001206.SZ -> 151 records (3.8s)
2026-07-28 01:15:34 [INFO]   [320/3227] 001223.SZ -> 10 records (1.3s)
2026-07-28 01:15:49 [INFO]   [330/3227] 001267.SZ -> 122 records (1.2s)
2026-07-28 01:16:02 [INFO]   [340/3227] 001309.SZ -> 139 records (1.2s)
2026-07-28 01:16:16 [INFO]   Progress: 350/3227 (10.8%) | with_data: 350 | last: 001337.SZ took 1.5s
2026-07-28 01:16:34 [INFO]   [360/3227] 001395.SZ -> 84 records (2.0s)
2026-07-28 01:16:50 [INFO]   [370/3227] 002004.SZ -> 26 records (1.2s)
2026-07-28 01:17:09 [INFO]   [380/3227] 002019.SZ -> 132 records (2.5s)
2026-07-28 01:17:25 [INFO]   [390/3227] 002032.SZ -> 12 records (1.2s)
2026-07-28 01:17:40 [INFO]   Progress: 400/3227 (12.4%) | with_data: 400 | last: 002045.SZ took 1.2s
2026-07-28 01:17:56 [INFO]   [410/3227] 002057.SZ -> 10 records (1.2s)
2026-07-28 01:18:12 [INFO]   [420/3227] 002072.SZ -> 11 records (1.0s)
2026-07-28 01:18:30 [INFO]   [430/3227] 002084.SZ -> 29 records (1.2s)
2026-07-28 01:18:48 [INFO]   [440/3227] 002100.SZ -> 118 records (2.3s)
2026-07-28 01:19:01 [INFO]   Progress: 450/3227 (13.9%) | with_data: 450 | last: 002117.SZ took 1.2s
2026-07-28 01:19:21 [INFO]   [460/3227] 002129.SZ -> 29 records (1.2s)
2026-07-28 01:19:36 [INFO]   [470/3227] 002141.SZ -> 11 records (1.2s)
2026-07-28 01:19:54 [INFO]   [480/3227] 002153.SZ -> 11 records (2.2s)
2026-07-28 01:20:13 [INFO]   [490/3227] 002167.SZ -> 10 records (1.2s)
2026-07-28 01:20:32 [INFO]   Progress: 500/3227 (15.5%) | with_data: 500 | last: 002181.SZ took 1.2s
2026-07-28 01:20:52 [INFO]   [510/3227] 002195.SZ -> 16 records (2.0s)
2026-07-28 01:21:10 [INFO]   [520/3227] 002210.SZ -> 10 records (2.3s)
2026-07-28 01:21:25 [INFO]   [530/3227] 002225.SZ -> 103 records (1.3s)
2026-07-28 01:21:44 [INFO]   [540/3227] 002240.SZ -> 13 records (1.2s)
2026-07-28 01:22:01 [INFO]   Progress: 550/3227 (17.0%) | with_data: 550 | last: 002250.SZ took 1.6s
2026-07-28 01:22:22 [INFO]   [560/3227] 002263.SZ -> 139 records (2.2s)
2026-07-28 01:22:41 [INFO]   [570/3227] 002273.SZ -> 11 records (2.1s)
2026-07-28 01:22:59 [INFO]   [580/3227] 002287.SZ -> 144 records (1.2s)
2026-07-28 01:23:15 [INFO]   [590/3227] 002300.SZ -> 55 records (2.1s)
2026-07-28 01:23:35 [INFO]   Progress: 600/3227 (18.6%) | with_data: 600 | last: 002315.SZ took 2.8s
2026-07-28 01:23:51 [INFO]   [610/3227] 002333.SZ -> 209 records (1.3s)
2026-07-28 01:24:09 [INFO]   [620/3227] 002347.SZ -> 11 records (1.5s)
2026-07-28 01:24:26 [INFO]   [630/3227] 002364.SZ -> 26 records (1.5s)
2026-07-28 01:24:45 [INFO]   [640/3227] 002376.SZ -> 78 records (2.2s)
2026-07-28 01:25:01 [INFO]   Progress: 650/3227 (20.1%) | with_data: 650 | last: 002389.SZ took 1.3s
2026-07-28 01:25:19 [INFO]   [660/3227] 002405.SZ -> 15 records (1.3s)
2026-07-28 01:25:42 [INFO]   [670/3227] 002416.SZ -> 15 records (2.3s)
2026-07-28 01:26:01 [INFO]   [680/3227] 002434.SZ -> 52 records (1.3s)
2026-07-28 01:26:19 [INFO]   [690/3227] 002448.SZ -> 145 records (1.5s)
2026-07-28 01:26:39 [INFO]   Progress: 700/3227 (21.7%) | with_data: 700 | last: 002460.SZ took 2.6s
2026-07-28 01:26:55 [INFO]   [710/3227] 002474.SZ -> 10 records (1.3s)
2026-07-28 01:27:13 [INFO]   [720/3227] 002487.SZ -> 127 records (1.5s)
2026-07-28 01:27:30 [INFO]   [730/3227] 002506.SZ -> 11 records (1.4s)
2026-07-28 01:27:50 [INFO]   [740/3227] 002520.SZ -> 10 records (1.3s)
2026-07-28 01:28:08 [INFO]   Progress: 750/3227 (23.2%) | with_data: 750 | last: 002534.SZ took 1.4s
2026-07-28 01:28:31 [INFO]   [760/3227] 002548.SZ -> 71 records (4.3s)
2026-07-28 01:28:49 [INFO]   [770/3227] 002562.SZ -> 10 records (1.5s)
2026-07-28 01:29:09 [INFO]   [780/3227] 002577.SZ -> 11 records (2.5s)
2026-07-28 01:29:24 [INFO]   [790/3227] 002589.SZ -> 44 records (1.5s)
2026-07-28 01:29:41 [INFO]   Progress: 800/3227 (24.8%) | with_data: 800 | last: 002601.SZ took 1.4s
2026-07-28 01:30:05 [INFO]   [810/3227] 002658.SZ -> 13 records (2.4s)
2026-07-28 01:30:22 [INFO]   [820/3227] 002681.SZ -> 43 records (2.8s)
2026-07-28 01:30:46 [INFO]   [830/3227] 002698.SZ -> 170 records (3.7s)
2026-07-28 01:31:05 [INFO]   [840/3227] 002760.SZ -> 11 records (1.3s)
2026-07-28 01:31:27 [INFO]   Progress: 850/3227 (26.3%) | with_data: 850 | last: 002775.SZ took 2.3s
2026-07-28 01:31:42 [INFO]   [860/3227] 002792.SZ -> 10 records (1.2s)
2026-07-28 01:32:02 [INFO]   [870/3227] 002810.SZ -> 10 records (1.2s)
2026-07-28 01:32:22 [INFO]   [880/3227] 002829.SZ -> 145 records (1.2s)
2026-07-28 01:32:41 [INFO]   [890/3227] 002842.SZ -> 105 records (1.4s)
2026-07-28 01:32:59 [INFO]   Progress: 900/3227 (27.9%) | with_data: 900 | last: 002858.SZ took 1.3s
2026-07-28 01:33:17 [INFO]   [910/3227] 002875.SZ -> 19 records (1.4s)
2026-07-28 01:33:34 [INFO]   [920/3227] 002891.SZ -> 115 records (2.8s)
2026-07-28 01:33:51 [INFO]   [930/3227] 002903.SZ -> 53 records (1.2s)
2026-07-28 01:34:07 [INFO]   [940/3227] 002919.SZ -> 10 records (1.3s)
2026-07-28 01:34:25 [INFO]   Progress: 950/3227 (29.4%) | with_data: 950 | last: 002930.SZ took 2.6s
2026-07-28 01:34:40 [INFO]   [960/3227] 002946.SZ -> 144 records (1.4s)
2026-07-28 01:34:57 [INFO]   [970/3227] 002958.SZ -> 10 records (1.4s)
2026-07-28 01:35:21 [INFO]   [980/3227] 002972.SZ -> 12 records (1.2s)
2026-07-28 01:35:40 [INFO]   [990/3227] 002986.SZ -> 119 records (1.5s)
2026-07-28 01:35:58 [INFO]   Progress: 1000/3227 (31.0%) | with_data: 1000 | last: 003001.SZ took 1.3s
2026-07-28 01:36:13 [INFO]   [1010/3227] 003018.SZ -> 11 records (1.6s)
2026-07-28 01:36:31 [INFO]   [1020/3227] 003035.SZ -> 154 records (1.4s)
2026-07-28 01:36:53 [INFO]   [1030/3227] 300006.SZ -> 115 records (1.3s)
2026-07-28 01:37:11 [INFO]   [1040/3227] 300017.SZ -> 79 records (1.5s)
2026-07-28 01:37:28 [INFO]   Progress: 1050/3227 (32.5%) | with_data: 1050 | last: 300033.SZ took 1.4s
2026-07-28 01:37:43 [INFO]   [1060/3227] 300045.SZ -> 125 records (1.2s)
2026-07-28 01:38:01 [INFO]   [1070/3227] 300055.SZ -> 10 records (1.2s)
2026-07-28 01:38:18 [INFO]   [1080/3227] 300070.SZ -> 150 records (1.3s)
2026-07-28 01:38:33 [INFO]   [1090/3227] 300123.SZ -> 107 records (1.2s)
2026-07-28 01:38:49 [INFO]   Progress: 1100/3227 (34.1%) | with_data: 1100 | last: 300137.SZ took 1.2s
2026-07-28 01:39:07 [INFO]   [1110/3227] 300148.SZ -> 11 records (2.3s)
2026-07-28 01:39:22 [INFO]   [1120/3227] 300164.SZ -> 118 records (1.4s)
2026-07-28 01:39:37 [INFO]   [1130/3227] 300180.SZ -> 157 records (1.2s)
2026-07-28 01:39:56 [INFO]   [1140/3227] 300194.SZ -> 110 records (1.7s)
2026-07-28 01:40:17 [INFO]   Progress: 1150/3227 (35.6%) | with_data: 1150 | last: 300209.SZ took 1.2s
2026-07-28 01:40:33 [INFO]   [1160/3227] 300225.SZ -> 15 records (2.6s)
2026-07-28 01:40:52 [INFO]   [1170/3227] 300236.SZ -> 120 records (1.2s)
2026-07-28 01:41:10 [INFO]   [1180/3227] 300251.SZ -> 10 records (2.0s)
2026-07-28 01:41:27 [INFO]   [1190/3227] 300261.SZ -> 141 records (1.4s)
2026-07-28 01:41:44 [INFO]   Progress: 1200/3227 (37.2%) | with_data: 1200 | last: 300279.SZ took 1.2s
2026-07-28 01:42:05 [INFO]   [1210/3227] 300296.SZ -> 16 records (1.6s)
2026-07-28 01:42:22 [INFO]   [1220/3227] 300316.SZ -> 11 records (1.3s)
2026-07-28 01:42:38 [INFO]   [1230/3227] 300331.SZ -> 14 records (1.4s)
2026-07-28 01:42:59 [INFO]   [1240/3227] 300347.SZ -> 16 records (3.2s)
2026-07-28 01:43:17 [INFO]   Progress: 1250/3227 (38.7%) | with_data: 1250 | last: 300360.SZ took 2.4s
2026-07-28 01:43:46 [INFO]   [1260/3227] 300382.SZ -> 10 records (1.3s)
2026-07-28 01:44:02 [INFO]   [1270/3227] 300399.SZ -> 33 records (1.3s)
2026-07-28 01:44:18 [INFO]   [1280/3227] 300410.SZ -> 129 records (1.2s)
2026-07-28 01:44:35 [INFO]   [1290/3227] 300423.SZ -> 10 records (1.3s)
2026-07-28 01:44:52 [INFO]   Progress: 1300/3227 (40.3%) | with_data: 1300 | last: 300437.SZ took 1.2s
2026-07-28 01:45:14 [INFO]   [1310/3227] 300485.SZ -> 105 records (1.3s)
2026-07-28 01:45:32 [INFO]   [1320/3227] 300497.SZ -> 10 records (1.7s)
2026-07-28 01:45:51 [INFO]   [1330/3227] 300510.SZ -> 121 records (1.4s)
2026-07-28 01:46:09 [INFO]   [1340/3227] 300563.SZ -> 11 records (1.8s)
2026-07-28 01:46:30 [INFO]   Progress: 1350/3227 (41.8%) | with_data: 1350 | last: 300576.SZ took 2.6s
2026-07-28 01:46:49 [INFO]   [1360/3227] 300588.SZ -> 20 records (2.1s)
2026-07-28 01:47:05 [INFO]   [1370/3227] 300600.SZ -> 94 records (1.2s)
2026-07-28 01:47:21 [INFO]   [1380/3227] 300611.SZ -> 89 records (1.6s)
2026-07-28 01:47:39 [INFO]   [1390/3227] 300626.SZ -> 48 records (1.3s)
2026-07-28 01:47:55 [INFO]   Progress: 1400/3227 (43.4%) | with_data: 1400 | last: 300639.SZ took 1.2s
2026-07-28 01:48:12 [INFO]   [1410/3227] 300651.SZ -> 40 records (1.3s)
2026-07-28 01:48:29 [INFO]   [1420/3227] 300663.SZ -> 10 records (2.3s)
2026-07-28 01:48:46 [INFO]   [1430/3227] 300679.SZ -> 146 records (1.3s)
2026-07-28 01:49:01 [INFO]   [1440/3227] 300690.SZ -> 50 records (1.3s)
2026-07-28 01:49:14 [INFO]   Progress: 1450/3227 (44.9%) | with_data: 1450 | last: 300702.SZ took 1.2s
2026-07-28 01:49:30 [INFO]   [1460/3227] 300721.SZ -> 11 records (1.2s)
2026-07-28 01:49:49 [INFO]   [1470/3227] 300735.SZ -> 10 records (1.3s)
2026-07-28 01:50:04 [INFO]   [1480/3227] 300785.SZ -> 83 records (1.2s)
2026-07-28 01:50:19 [INFO]   [1490/3227] 300802.SZ -> 10 records (1.4s)
2026-07-28 01:50:35 [INFO]   Progress: 1500/3227 (46.5%) | with_data: 1500 | last: 300815.SZ took 1.2s
2026-07-28 01:50:55 [INFO]   [1510/3227] 300830.SZ -> 98 records (3.8s)
2026-07-28 01:51:13 [INFO]   [1520/3227] 300843.SZ -> 10 records (1.2s)
2026-07-28 01:51:28 [INFO]   [1530/3227] 300858.SZ -> 10 records (1.6s)
2026-07-28 01:51:44 [INFO]   [1540/3227] 300871.SZ -> 10 records (1.2s)
2026-07-28 01:51:59 [INFO]   Progress: 1550/3227 (48.0%) | with_data: 1550 | last: 300887.SZ took 1.3s
2026-07-28 01:52:15 [INFO]   [1560/3227] 300902.SZ -> 87 records (1.2s)
2026-07-28 01:52:30 [INFO]   [1570/3227] 300918.SZ -> 183 records (1.3s)
2026-07-28 01:52:45 [INFO]   [1580/3227] 300932.SZ -> 11 records (1.2s)
2026-07-28 01:53:04 [INFO]   [1590/3227] 300945.SZ -> 10 records (1.2s)
2026-07-28 01:53:20 [INFO]   Progress: 1600/3227 (49.6%) | with_data: 1600 | last: 301012.SZ took 1.2s
2026-07-28 01:53:37 [INFO]   [1610/3227] 301031.SZ -> 92 records (1.2s)
2026-07-28 01:53:52 [INFO]   [1620/3227] 301047.SZ -> 81 records (1.2s)
2026-07-28 01:54:06 [INFO]   [1630/3227] 301069.SZ -> 75 records (1.5s)
2026-07-28 01:54:25 [INFO]   [1640/3227] 301085.SZ -> 66 records (3.9s)
2026-07-28 01:54:39 [INFO]   Progress: 1650/3227 (51.1%) | with_data: 1650 | last: 301101.SZ took 1.2s
2026-07-28 01:54:55 [INFO]   [1660/3227] 301123.SZ -> 103 records (1.2s)
2026-07-28 01:55:15 [INFO]   [1670/3227] 301149.SZ -> 14 records (1.1s)
2026-07-28 01:55:29 [INFO]   [1680/3227] 301161.SZ -> 106 records (1.1s)
2026-07-28 01:55:44 [INFO]   [1690/3227] 301182.SZ -> 122 records (1.2s)
2026-07-28 01:56:02 [INFO]   Progress: 1700/3227 (52.7%) | with_data: 1700 | last: 301198.SZ took 1.2s
2026-07-28 01:56:19 [INFO]   [1710/3227] 301216.SZ -> 50 records (1.2s)
2026-07-28 01:56:33 [INFO]   [1720/3227] 301235.SZ -> 137 records (1.2s)
2026-07-28 01:56:48 [INFO]   [1730/3227] 301257.SZ -> 95 records (1.3s)
2026-07-28 01:57:04 [INFO]   [1740/3227] 301270.SZ -> 10 records (1.2s)
2026-07-28 01:57:21 [INFO]   Progress: 1750/3227 (54.2%) | with_data: 1750 | last: 301290.SZ took 1.3s
2026-07-28 01:57:36 [INFO]   [1760/3227] 301306.SZ -> 10 records (1.2s)
2026-07-28 01:57:53 [INFO]   [1770/3227] 301322.SZ -> 10 records (1.2s)
2026-07-28 01:58:09 [INFO]   [1780/3227] 301338.SZ -> 89 records (1.4s)
2026-07-28 01:58:23 [INFO]   [1790/3227] 301365.SZ -> 15 records (2.0s)
2026-07-28 01:58:40 [INFO]   Progress: 1800/3227 (55.8%) | with_data: 1800 | last: 301379.SZ took 1.2s
2026-07-28 01:58:56 [INFO]   [1810/3227] 301397.SZ -> 82 records (1.4s)
2026-07-28 01:59:12 [INFO]   [1820/3227] 301458.SZ -> 46 records (1.2s)
2026-07-28 01:59:28 [INFO]   [1830/3227] 301502.SZ -> 13 records (2.1s)
2026-07-28 01:59:45 [INFO]   [1840/3227] 301526.SZ -> 88 records (1.2s)
2026-07-28 02:00:02 [INFO]   Progress: 1850/3227 (57.3%) | with_data: 1850 | last: 301555.SZ took 1.2s
2026-07-28 02:00:17 [INFO]   [1860/3227] 301587.SZ -> 118 records (1.2s)
2026-07-28 02:00:36 [INFO]   [1870/3227] 301607.SZ -> 113 records (1.1s)
2026-07-28 02:00:51 [INFO]   [1880/3227] 301629.SZ -> 10 records (2.2s)
2026-07-28 02:01:07 [INFO]   [1890/3227] 600004.SH -> 10 records (1.1s)
2026-07-28 02:01:24 [INFO]   Progress: 1900/3227 (58.9%) | with_data: 1900 | last: 600063.SH took 2.2s
2026-07-28 02:01:54 [INFO]   [1910/3227] 600089.SH -> 25 records (1.2s)
2026-07-28 02:02:13 [INFO]   [1920/3227] 600106.SH -> 12 records (2.1s)
2026-07-28 02:02:28 [INFO]   [1930/3227] 600170.SH -> 10 records (1.3s)
2026-07-28 02:02:44 [INFO]   [1940/3227] 600185.SH -> 16 records (1.2s)
2026-07-28 02:03:02 [INFO]   Progress: 1950/3227 (60.4%) | with_data: 1950 | last: 600199.SH took 2.5s
2026-07-28 02:03:18 [INFO]   [1960/3227] 600221.SH -> 14 records (1.0s)
2026-07-28 02:03:34 [INFO]   [1970/3227] 600248.SH -> 10 records (1.4s)
2026-07-28 02:03:50 [INFO]   [1980/3227] 600266.SH -> 10 records (2.2s)
2026-07-28 02:04:06 [INFO]   [1990/3227] 600285.SH -> 10 records (1.3s)
2026-07-28 02:04:24 [INFO]   Progress: 2000/3227 (62.0%) | with_data: 2000 | last: 600305.SH took 1.3s
2026-07-28 02:04:38 [INFO]   [2010/3227] 600322.SH -> 10 records (1.2s)
2026-07-28 02:04:52 [INFO]   [2020/3227] 600336.SH -> 11 records (1.2s)
2026-07-28 02:05:12 [INFO]   [2030/3227] 600353.SH -> 12 records (3.5s)
2026-07-28 02:05:28 [INFO]   [2040/3227] 600422.SH -> 13 records (1.3s)
2026-07-28 02:05:43 [INFO]   Progress: 2050/3227 (63.5%) | with_data: 2050 | last: 600456.SH took 1.2s
2026-07-28 02:06:00 [INFO]   [2060/3227] 600479.SH -> 13 records (1.2s)
2026-07-28 02:06:18 [INFO]   [2070/3227] 600496.SH -> 12 records (3.1s)
2026-07-28 02:06:31 [INFO]   [2080/3227] 600508.SH -> 84 records (1.2s)
2026-07-28 02:06:50 [INFO]   [2090/3227] 600520.SH -> 11 records (2.0s)
2026-07-28 02:07:09 [INFO]   Progress: 2100/3227 (65.1%) | with_data: 2100 | last: 600539.SH took 1.1s
2026-07-28 02:07:24 [INFO]   [2110/3227] 600558.SH -> 22 records (1.2s)
2026-07-28 02:07:40 [INFO]   [2120/3227] 600575.SH -> 190 records (1.3s)
2026-07-28 02:07:54 [INFO]   [2130/3227] 600587.SH -> 11 records (1.2s)
2026-07-28 02:08:11 [INFO]   [2140/3227] 600598.SH -> 15 records (1.2s)
2026-07-28 02:08:26 [INFO]   Progress: 2150/3227 (66.6%) | with_data: 2150 | last: 600612.SH took 2.4s
2026-07-28 02:08:45 [INFO]   [2160/3227] 600637.SH -> 10 records (1.3s)
2026-07-28 02:09:01 [INFO]   [2170/3227] 600655.SH -> 13 records (2.0s)
2026-07-28 02:09:18 [INFO]   [2180/3227] 600675.SH -> 12 records (1.7s)
2026-07-28 02:09:31 [INFO]   [2190/3227] 600691.SH -> 11 records (1.3s)
2026-07-28 02:09:50 [INFO]   Progress: 2200/3227 (68.2%) | with_data: 2200 | last: 600711.SH took 1.2s
2026-07-28 02:10:03 [INFO]   [2210/3227] 600729.SH -> 14 records (1.2s)
2026-07-28 02:10:21 [INFO]   [2220/3227] 600746.SH -> 10 records (1.2s)
2026-07-28 02:10:42 [INFO]   [2230/3227] 600760.SH -> 13 records (1.2s)
2026-07-28 02:10:55 [INFO]   [2240/3227] 600776.SH -> 19 records (1.2s)
2026-07-28 02:11:11 [INFO]   Progress: 2250/3227 (69.7%) | with_data: 2250 | last: 600791.SH took 2.0s
2026-07-28 02:11:28 [INFO]   [2260/3227] 600812.SH -> 16 records (1.2s)
2026-07-28 02:11:49 [INFO]   [2270/3227] 600835.SH -> 13 records (1.1s)
2026-07-28 02:12:11 [INFO]   [2280/3227] 600855.SH -> 11 records (2.1s)
2026-07-28 02:12:26 [INFO]   [2290/3227] 600869.SH -> 13 records (1.3s)
2026-07-28 02:12:42 [INFO]   Progress: 2300/3227 (71.3%) | with_data: 2300 | last: 600884.SH took 1.4s
2026-07-28 02:12:59 [INFO]   [2310/3227] 600905.SH -> 12 records (1.2s)
2026-07-28 02:13:15 [INFO]   [2320/3227] 600929.SH -> 10 records (1.1s)
2026-07-28 02:13:38 [INFO]   [2330/3227] 600963.SH -> 14 records (2.6s)
2026-07-28 02:14:01 [INFO]   [2340/3227] 600977.SH -> 14 records (3.9s)
2026-07-28 02:14:16 [INFO]   Progress: 2350/3227 (72.8%) | with_data: 2350 | last: 600993.SH took 1.1s
2026-07-28 02:14:33 [INFO]   [2360/3227] 601006.SH -> 14 records (1.4s)
2026-07-28 02:14:50 [INFO]   [2370/3227] 601038.SH -> 16 records (1.2s)
2026-07-28 02:15:09 [INFO]   [2380/3227] 601096.SH -> 18 records (2.2s)
2026-07-28 02:15:25 [INFO]   [2390/3227] 601117.SH -> 13 records (1.2s)
2026-07-28 02:15:43 [INFO]   Progress: 2400/3227 (74.4%) | with_data: 2400 | last: 601139.SH took 1.2s
2026-07-28 02:16:00 [INFO]   [2410/3227] 601179.SH -> 11 records (1.5s)
2026-07-28 02:16:18 [INFO]   [2420/3227] 601222.SH -> 12 records (1.2s)
2026-07-28 02:16:35 [INFO]   [2430/3227] 601298.SH -> 13 records (1.5s)
2026-07-28 02:16:55 [INFO]   [2440/3227] 601360.SH -> 15 records (2.4s)
2026-07-28 02:17:13 [INFO]   Progress: 2450/3227 (75.9%) | with_data: 2450 | last: 601519.SH took 1.5s
2026-07-28 02:17:31 [INFO]   [2460/3227] 601601.SH -> 14 records (2.3s)
Tushare stk_holdernumber Ê§°Ü: ('Connection aborted.', RemoteDisconnected('Remote end closed connection without response'))
  0%|          | 0/1 [00:00<?, ?it/s]100%|¨€¨€¨€¨€¨€¨€¨€¨€¨€¨€| 1/1 [00:01<00:00,  1.90s/it]                                             2026-07-28 02:18:16 [INFO]   [2470/3227] 601633.SH -> 14 records (2.4s)
2026-07-28 02:18:32 [INFO]   [2480/3227] 601689.SH -> 13 records (1.4s)
2026-07-28 02:18:50 [INFO]   [2490/3227] 601777.SH -> 12 records (1.2s)
2026-07-28 02:19:04 [INFO]   Progress: 2500/3227 (77.5%) | with_data: 2500 | last: 601818.SH took 1.6s
2026-07-28 02:19:22 [INFO]   [2510/3227] 601868.SH -> 14 records (1.2s)
2026-07-28 02:19:38 [INFO]   [2520/3227] 601890.SH -> 10 records (1.2s)
2026-07-28 02:19:55 [INFO]   [2530/3227] 601928.SH -> 10 records (1.3s)
2026-07-28 02:20:11 [INFO]   [2540/3227] 601985.SH -> 28 records (2.0s)
2026-07-28 02:20:26 [INFO]   Progress: 2550/3227 (79.0%) | with_data: 2550 | last: 603004.SH took 1.3s
2026-07-28 02:20:42 [INFO]   [2560/3227] 603020.SH -> 10 records (1.3s)
2026-07-28 02:20:59 [INFO]   [2570/3227] 603039.SH -> 13 records (1.5s)
2026-07-28 02:21:16 [INFO]   [2580/3227] 603063.SH -> 32 records (2.3s)
2026-07-28 02:21:34 [INFO]   [2590/3227] 603087.SH -> 14 records (1.6s)
2026-07-28 02:21:50 [INFO]   Progress: 2600/3227 (80.6%) | with_data: 2600 | last: 603108.SH took 1.2s
2026-07-28 02:22:06 [INFO]   [2610/3227] 603192.SH -> 12 records (1.2s)
2026-07-28 02:22:24 [INFO]   [2620/3227] 603202.SH -> 36 records (1.3s)
2026-07-28 02:22:42 [INFO]   [2630/3227] 603223.SH -> 108 records (1.2s)
2026-07-28 02:22:58 [INFO]   [2640/3227] 603257.SH -> 10 records (1.6s)
2026-07-28 02:23:17 [INFO]   Progress: 2650/3227 (82.1%) | with_data: 2650 | last: 603272.SH took 2.1s
2026-07-28 02:23:35 [INFO]   [2660/3227] 603297.SH -> 13 records (1.2s)
2026-07-28 02:23:52 [INFO]   [2670/3227] 603316.SH -> 11 records (1.2s)
2026-07-28 02:24:07 [INFO]   [2680/3227] 603331.SH -> 11 records (1.2s)
2026-07-28 02:24:22 [INFO]   [2690/3227] 603353.SH -> 10 records (1.4s)
2026-07-28 02:24:39 [INFO]   Progress: 2700/3227 (83.7%) | with_data: 2700 | last: 603375.SH took 1.7s
2026-07-28 02:24:59 [INFO]   [2710/3227] 603392.SH -> 11 records (2.2s)
2026-07-28 02:25:18 [INFO]   [2720/3227] 603456.SH -> 10 records (2.5s)
2026-07-28 02:25:33 [INFO]   [2730/3227] 603505.SH -> 15 records (1.6s)
2026-07-28 02:25:49 [INFO]   [2740/3227] 603533.SH -> 12 records (1.2s)
2026-07-28 02:26:04 [INFO]   Progress: 2750/3227 (85.2%) | with_data: 2750 | last: 603583.SH took 1.2s
2026-07-28 02:26:22 [INFO]   [2760/3227] 603607.SH -> 10 records (1.3s)
2026-07-28 02:26:38 [INFO]   [2770/3227] 603633.SH -> 10 records (1.2s)
2026-07-28 02:26:55 [INFO]   [2780/3227] 603716.SH -> 34 records (1.3s)
2026-07-28 02:27:14 [INFO]   [2790/3227] 603738.SH -> 10 records (1.3s)
2026-07-28 02:27:30 [INFO]   Progress: 2800/3227 (86.8%) | with_data: 2800 | last: 603806.SH took 1.3s
2026-07-28 02:27:48 [INFO]   [2810/3227] 603829.SH -> 13 records (1.3s)
2026-07-28 02:28:04 [INFO]   [2820/3227] 603879.SH -> 10 records (1.4s)
2026-07-28 02:28:20 [INFO]   [2830/3227] 603978.SH -> 80 records (1.3s)
2026-07-28 02:28:39 [INFO]   [2840/3227] 603993.SH -> 18 records (1.3s)
2026-07-28 02:28:56 [INFO]   Progress: 2850/3227 (88.3%) | with_data: 2850 | last: 605056.SH took 1.1s
2026-07-28 02:29:12 [INFO]   [2860/3227] 605116.SH -> 10 records (2.0s)
2026-07-28 02:29:30 [INFO]   [2870/3227] 605168.SH -> 50 records (3.4s)
2026-07-28 02:29:48 [INFO]   [2880/3227] 605287.SH -> 10 records (1.3s)
2026-07-28 02:30:05 [INFO]   [2890/3227] 688020.SH -> 11 records (1.2s)
2026-07-28 02:30:25 [INFO]   Progress: 2900/3227 (89.9%) | with_data: 2900 | last: 688036.SH took 1.7s
2026-07-28 02:30:45 [INFO]   [2910/3227] 688052.SH -> 11 records (1.4s)
2026-07-28 02:31:02 [INFO]   [2920/3227] 688069.SH -> 10 records (1.3s)
2026-07-28 02:31:20 [INFO]   [2930/3227] 688088.SH -> 10 records (1.3s)
2026-07-28 02:31:35 [INFO]   [2940/3227] 688102.SH -> 10 records (1.3s)
2026-07-28 02:31:52 [INFO]   Progress: 2950/3227 (91.4%) | with_data: 2950 | last: 688115.SH took 2.5s
2026-07-28 02:32:09 [INFO]   [2960/3227] 688130.SH -> 54 records (1.3s)
2026-07-28 02:32:24 [INFO]   [2970/3227] 688150.SH -> 10 records (1.6s)
2026-07-28 02:32:43 [INFO]   [2980/3227] 688167.SH -> 11 records (1.4s)
2026-07-28 02:32:58 [INFO]   [2990/3227] 688179.SH -> 11 records (1.4s)
2026-07-28 02:33:18 [INFO]   Progress: 3000/3227 (93.0%) | with_data: 3000 | last: 688192.SH took 2.3s
2026-07-28 02:33:37 [INFO]   [3010/3227] 688207.SH -> 10 records (2.4s)
2026-07-28 02:33:53 [INFO]   [3020/3227] 688221.SH -> 12 records (1.2s)
2026-07-28 02:34:15 [INFO]   [3030/3227] 688283.SH -> 11 records (1.2s)
2026-07-28 02:34:33 [INFO]   [3040/3227] 688300.SH -> 13 records (1.6s)
2026-07-28 02:34:51 [INFO]   Progress: 3050/3227 (94.5%) | with_data: 3050 | last: 688312.SH took 1.5s
2026-07-28 02:35:10 [INFO]   [3060/3227] 688326.SH -> 10 records (1.8s)
2026-07-28 02:35:28 [INFO]   [3070/3227] 688345.SH -> 11 records (1.3s)
2026-07-28 02:35:47 [INFO]   [3080/3227] 688361.SH -> 11 records (2.0s)
2026-07-28 02:36:02 [INFO]   [3090/3227] 688377.SH -> 10 records (1.7s)
2026-07-28 02:36:19 [INFO]   Progress: 3100/3227 (96.1%) | with_data: 3100 | last: 688390.SH took 1.2s
2026-07-28 02:36:36 [INFO]   [3110/3227] 688410.SH -> 17 records (1.5s)
2026-07-28 02:36:55 [INFO]   [3120/3227] 688518.SH -> 10 records (3.4s)
2026-07-28 02:37:17 [INFO]   [3130/3227] 688539.SH -> 13 records (1.7s)
2026-07-28 02:37:40 [INFO]   [3140/3227] 688559.SH -> 30 records (1.4s)
2026-07-28 02:38:06 [INFO]   Progress: 3150/3227 (97.6%) | with_data: 3150 | last: 688580.SH took 3.1s
2026-07-28 02:38:24 [INFO]   [3160/3227] 688596.SH -> 12 records (2.1s)
2026-07-28 02:38:50 [INFO]   [3170/3227] 688661.SH -> 65 records (1.4s)
2026-07-28 02:39:12 [INFO]   [3180/3227] 688680.SH -> 10 records (1.5s)
2026-07-28 02:39:34 [INFO]   [3190/3227] 688698.SH -> 15 records (1.5s)
2026-07-28 02:39:51 [INFO]   Progress: 3200/3227 (99.2%) | with_data: 3200 | last: 688717.SH took 1.2s
2026-07-28 02:40:09 [INFO]   [3210/3227] 688766.SH -> 12 records (1.4s)
2026-07-28 02:40:29 [INFO]   [3220/3227] 688788.SH -> 10 records (2.3s)
2026-07-28 02:40:41 [INFO] All 3227 symbols processed in 5654.1s (avg 1.75s/symbol)
2026-07-28 02:40:41 [INFO] Symbols with holdernumber data: 3227
2026-07-28 02:40:42 [INFO] Raw holdernumber records: 123962
2026-07-28 02:40:42 [INFO] Columns: ['symbol', 'date', 'holder_count', 'announce_date', 'avg_shares_per_holder']
Traceback (most recent call last):
  File "D:\AMINQT\AMINQT CODES\_run_enrich_holdernumber.py", line 87, in <module>
    f = f.sort_values("announce_date")
        ^^^^^^^^^^^^^^^^^^^^^^^^^^^^^^
  File "C:\Users\91454\AppData\Local\Programs\Python\Python312\Lib\site-packages\pandas\core\frame.py", line 7211, in sort_values
    k = self._get_label_or_level_values(by[0], axis=axis)
        ^^^^^^^^^^^^^^^^^^^^^^^^^^^^^^^^^^^^^^^^^^^^^^^^^
  File "C:\Users\91454\AppData\Local\Programs\Python\Python312\Lib\site-packages\pandas\core\generic.py", line 1928, in _get_label_or_level_values
    raise ValueError(
ValueError: The column label 'announce_date' is not unique.
